D/RecentsTaskLoadPlan(  922): 	thumbnail: Task.Key: 23492, u: 0, lat: 1470049128237, com.android.settings, null
D/RecentsTaskLoader(  922): mActivityLabelCache: Contacts (LastActiveTime: 1471105469996, 1471105469996) 1476947467309
D/RecentsTaskLoadPlan(  922): 	thumbnail: Task.Key: 23571, u: 0, lat: 1471105469996, com.android.contacts, null
D/RecentsTaskLoader(  922): mActivityLabelCache: ADB wireless by Henry (LastActiveTime: 1471502669563, 1471502669563) 1476947467310
D/RecentsTaskLoadPlan(  922): 	thumbnail: Task.Key: 23649, u: 0, lat: 1471502669563, za.co.henry.hsu.adbwirelessbyhenry, null
D/RecentsTaskLoader(  922): mActivityLabelCache: Phone (LastActiveTime: 1472222918425, 1472222918425) 1476947467310
D/RecentsTaskLoadPlan(  922): 	thumbnail: Task.Key: 23738, u: 0, lat: 1472222918425, com.android.dialer, null
D/RecentsTaskLoader(  922): mActivityLabelCache: MesiboJCenter (LastActiveTime: 1472222044257, 1472222044257) 1476947467310
D/RecentsTaskLoadPlan(  922): 	thumbnail: Task.Key: 23818, u: 0, lat: 1472222044257, com.test.mesibojcenter, null
D/RecentsTaskLoader(  922): mActivityLabelCache: Crowdsource (LastActiveTime: 1472550380415, 1472550380415) 1476947467310
D/RecentsTaskLoadPlan(  922): 	thumbnail: Task.Key: 23907, u: 0, lat: 1472550380415, com.google.android.apps.village.boond, null
D/RecentsTaskLoader(  922): mActivityLabelCache: Flash Light (LastActiveTime: 1472980102212, 1472980102212) 1476947467310
D/RecentsTaskLoadPlan(  922): 	thumbnail: Task.Key: 24043, u: 0, lat: 1472980102212, com.lava.led, android.graphics.Bitmap@2c1866b4
D/RecentsTaskLoader(  922): mActivityLabelCache: Paytm (LastActiveTime: 1473513338796, 1473513338796) 1476947467311
D/RecentsTaskLoadPlan(  922): 	thumbnail: Task.Key: 24068, u: 0, lat: 1473513338796, net.one97.paytm, android.graphics.Bitmap@18e6c2dd
D/RecentsTaskLoader(  922): mActivityLabelCache: Google App (LastActiveTime: 1473768850276, 1473768850276) 1476947467311
D/RecentsTaskLoadPlan(  922): 	thumbnail: Task.Key: 24177, u: 0, lat: 1473768850276, com.google.android.googlequicksearchbox, android.graphics.Bitmap@3d8e7e52
D/RecentsTaskLoader(  922): mActivityLabelCache: WhatsApp (LastActiveTime: 1474521323555, 1474521323555) 1476947467311
D/RecentsTaskLoadPlan(  922): 	thumbnail: Task.Key: 24293, u: 0, lat: 1474521323555, com.whatsapp, android.graphics.Bitmap@2594f523
D/RecentsTaskLoader(  922): mActivityLabelCache: foodpanda (LastActiveTime: 1475507507076, 1475507507076) 1476947467311
D/RecentsTaskLoadPlan(  922): 	thumbnail: Task.Key: 24519, u: 0, lat: 1475507507076, com.global.foodpanda.android, android.graphics.Bitmap@1f2f3a20
D/RecentsTaskLoader(  922): mActivityLabelCache: Settings (LastActiveTime: 1476021374956, 1476021374956) 1476947467312
D/RecentsTaskLoadPlan(  922): 	thumbnail: Task.Key: 24565, u: 0, lat: 1476021374956, com.android.settings, android.graphics.Bitmap@3f91afd9
D/RecentsTaskLoader(  922): mActivityLabelCache: Gmail (LastActiveTime: 1476085867321, 1476085867321) 1476947467312
D/RecentsTaskLoadPlan(  922): 	thumbnail: Task.Key: 24611, u: 0, lat: 1476085867321, com.google.android.gm, android.graphics.Bitmap@f722d9e
D/RecentsTaskLoader(  922): mActivityLabelCache: Allo (LastActiveTime: 1476271741991, 1476271741991) 1476947467312
D/RecentsTaskLoadPlan(  922): 	thumbnail: Task.Key: 24614, u: 0, lat: 1476271741991, com.google.android.apps.fireball, android.graphics.Bitmap@3b7c07f
D/RecentsTaskLoader(  922): mActivityLabelCache: OLX (LastActiveTime: 1476865271538, 1476865271538) 1476947467312
D/RecentsTaskLoadPlan(  922): 	thumbnail: Task.Key: 24644, u: 0, lat: 1476865271538, com.olx.southasia, android.graphics.Bitmap@331dd84c
D/RecentsTaskLoader(  922): mActivityLabelCache: WhatsApp (LastActiveTime: 1476946832142, 1476946832142) 1476947467313
D/RecentsTaskLoadPlan(  922): 	thumbnail: Task.Key: 24647, u: 0, lat: 1476946832142, com.whatsapp, android.graphics.Bitmap@3f7671df
D/RecentsTaskLoader(  922): getActivityLabel: Messaging App
D/RecentsTaskLoadPlan(  922): 	thumbnail: Task.Key: 24656, u: 0, lat: 1476947466272, com.mesibo.messagingapp, null
D/RecentsTaskLoadPlan(  922): executePlan, # tasks: 2, # thumbnails: 2, running task id: 24656
E/WifiStateMachine(  749):  ConnectedState (when=-2ms what=131143 arg1=-2 arg2=38) !CMD_START_SCAN -2 38 ic=0 proc(ms):20002 dur:1073 cnt=38 rssi=-62 f=5220 sc=56 link=135 tx=0.2, 0.0, 0.0  rx=0.1 list=2432,5220 [on:0 tx:0 rx:0 period:2937] from screen [on:0 period:-521282482]
E/WifiStateMachine(  749):  L2ConnectedState (when=-3ms what=131143 arg1=-2 arg2=38) !CMD_START_SCAN -2 38 ic=0 proc(ms):20003 dur:1073 cnt=38 rssi=-62 f=5220 sc=56 link=135 tx=0.2, 0.0, 0.0  rx=0.1 list=2432,5220 [on:0 tx:0 rx:0 period:1] from screen [on:0 period:-521282481]
E/WifiStateMachine(  749): WifiStateMachine CMD_START_SCAN source -2 txSuccessRate=0.19 rxSuccessRate=0.13 targetRoamBSSID=any RSSI=-62
E/WifiStateMachine(  749): startDelayedScan send -> 39 milli 20000
E/WifiStateMachine(  749): WifiStateMachine CMD_START_SCAN with age=40009 interval=30000 maxinterval=300000
E/WifiStateMachine(  749): WifiStateMachine CMD_START_SCAN try full band scan age=40009 interval=30000 maxinterval=300000
E/WifiStateMachine(  749): WifiStateMachine CMD_START_SCAN full=true
E/WifiStateMachine(  749): WifiStateMachine CMD_START_SCAN bump interval =45000
E/WifiStateMachine(  749): stopReconnectWifi Wfd=false StopScan=false mDontReconnectAndScan=false
D/WifiHW  (  749): enter -->wifi_send_command cmd=IFNAME=wlan0 SCAN TYPE=ONLY
D/wpa_supplicant( 1162): wlan0: Control interface command 'SCAN TYPE=ONLY'
D/wpa_supplicant( 1162): hw.num_modes = 3
D/wpa_supplicant( 1162): wlan0: Setting scan request: 0.000000 sec
D/wpa_supplicant( 1162): wlan0: Starting AP scan for wildcard SSID
D/wpa_supplicant( 1162): WPS: Building WPS IE for Probe Request
D/WifiHW  (  749): leave --> reply=OK
D/WifiHW  (  749): 
D/wpa_supplicant( 1162): WPS:  * Version (hardcoded 0x10)
D/wpa_supplicant( 1162): WPS:  * Request Type
D/wpa_supplicant( 1162): WPS:  * Config Methods (4288)
D/wpa_supplicant( 1162): WPS:  * UUID-E
D/wpa_supplicant( 1162): WPS:  * Primary Device Type
D/wpa_supplicant( 1162): WPS:  * RF Bands (3)
D/wpa_supplicant( 1162): WPS:  * Association State
D/wpa_supplicant( 1162): WPS:  * Configuration Error (0)
D/wpa_supplicant( 1162): WPS:  * Device Password ID (0)
D/wpa_supplicant( 1162): WPS:  * Manufacturer
D/wpa_supplicant( 1162): WPS:  * Model Name
D/wpa_supplicant( 1162): WPS:  * Model Number
D/wpa_supplicant( 1162): WPS:  * Device Name
D/wpa_supplicant( 1162): WPS:  * Version2 (0x20)
D/wpa_supplicant( 1162): P2P: * P2P IE header
D/wpa_supplicant( 1162): P2P: * Capability dev=25 group=00
D/wpa_supplicant( 1162): P2P: * Listen Channel: Regulatory Class 81 Channel 6
D/wpa_supplicant( 1162): wlan0: Add radio work 'scan'@0x7f9d01c3d0
D/wpa_supplicant( 1162): wlan0: First radio work item in the queue - schedule start immediately
D/wpa_supplicant( 1162): wlan0: Starting radio work 'scan'@0x7f9d01c3d0 after 0.000032 second wait
D/wpa_supplicant( 1162): wlan0: nl80211: scan request
D/wpa_supplicant( 1162): nl80211: Scan SSID - hexdump(len=0): [NULL]
E/WifiStateMachine(  749): [1,476,947,467,344 ms] noteScanstart no scan source uid -2
D/wpa_supplicant( 1162): nl80211: Scan extra IEs - hexdump(len=141): dd 78 00 50 f2 04 10 4a 00 01 10 10 3a 00 01 00 10 08 00 02 42 88 10 47 00 10 13 5e a0 0c 3f 11 54 72 8d bb 46 4e 21 42 e9 05 10 54 00 08 00 0a 00 50 f2 04 00 05 10 3c 00 01 03 10 02 00 02 00 00 10 09 00 02 00 00 10 12 00 02 00 00 10 21 00 04 4c 41 56 41 10 23 00 05 58 35 20 34 47 10 24 00 05 58 35 20 34 47 10 11 00 05 49 58 35 34 47 10 49 00 06 00 37 2a 00 01 20 dd 11 50 6f 9a 09 02 02 00 25 00 06 05 00 49 4e 04 51 06
D/wpa_supplicant( 1162): Scan requested (ret=0) - scan timeout 30 seconds
D/wpa_supplicant( 1162): nl80211: Event message available
D/wpa_supplicant( 1162): nl80211: Drv Event 33 (NL80211_CMD_TRIGGER_SCAN) received for wlan0
D/wpa_supplicant( 1162): wlan0: nl80211: Scan trigger
D/wpa_supplicant( 1162): wlan0: Event SCAN_STARTED (49) received
D/wpa_supplicant( 1162): wlan0: Own scan request started a scan in 0.000072 seconds
D/[BT3.0+HS]PAL(  287): == chip_reset_fd is set ==
D/[BT3.0+HS]PAL(  287): 
D/wpa_supplicant( 1162): CTRL_IFACE monitor sent successfully to /data/misc/wifi/sockets/wpa_ctrl_749-2\x00
D/[BT3.0+HS]PAL(  287): invalid reply message
D/[BT3.0+HS]PAL(  287): 
D/WifiHW  (  749): [1] get event: IFNAME=wlan0 <3>CTRL-EVENT-SCAN-STARTED 
D/WifiHW  (  749): [2] get event: IFNAME=wlan0 CTRL-EVENT-SCAN-STARTED 
D/WifiMonitor(  749): Event [IFNAME=wlan0 CTRL-EVENT-SCAN-STARTED ]
E/WifiMonitor(  749): handleEvent unknown: 15  CTRL-EVENT-SCAN-STARTED 
D/WifiHW  (  749): enter -->wifi_wait_on_socket buflen=2048
D/WifiHW  (  749): enter -->wifi_ctrl_recv
E/WifiStateMachine(  749):  ConnectedState (when=-1ms what=131155 arg1=10!CMD_RSSI_POLL 10 0 "yumoveryun5" 54:b8:0a:a6:ca:da rssi=-62 f=5220 sc=56 link=135 tx=3.1, 0.0, 0.0  rx=2.1 bcn=0 [on:0 tx:0 rx:0 period:51] from screen [on:0 period:-521282428] gl hn rssi=-57 ag=0 ticks 0,0,0 ls-=0 [56,56,56,56,56] brc=0 lrc=0
E/WifiStateMachine(  749):  L2ConnectedState (when=-1ms what=131155 arg1=10!CMD_RSSI_POLL 10 0 "yumoveryun5" 54:b8:0a:a6:ca:da rssi=-62 f=5220 sc=56 link=135 tx=3.1, 0.0, 0.0  rx=2.1 bcn=0 [on:0 tx:0 rx:0 period:1] from screen [on:0 period:-521282427] gl hn rssi=-57 ag=0 ticks 0,0,0 ls-=0 [56,56,56,56,56] brc=0 lrc=0
E/WifiStateMachine(  749):  get link layer stats 0
D/WifiHW  (  749): enter -->wifi_send_command cmd=IFNAME=wlan0 SIGNAL_POLL
D/wpa_supplicant( 1162): wlan0: Control interface command 'SIGNAL_POLL'
D/WifiHW  (  749): leave --> reply=RSSI=-59
D/WifiHW  (  749): LINKSPEED=135
D/WifiHW  (  749): NOISE=9999
D/WifiHW  (  749): FREQUENCY=5220
D/WifiHW  (  749): 
I/WifiStateMachine(  749): fetchRssiLinkSpeedAndFrequencyNative, newRssi:-59, newLinkSpeed:135, SSID:"yumoveryun5"
D/WifiStateMachine(  749): mLastSignalLevel:3, newSignalLevel:3
E/WifiConfigStore(  749): updateConfiguration freq=5220 BSSID=54:b8:0a:a6:ca:da RSSI=-59 "yumoveryun5"WPA_PSK
E/WifiStateMachine(  749): calculateWifiScore() report new score 60
D/ConnectivityService(  749): updateNetworkScore for NetworkAgentInfo [WIFI () - 101] to 60
D/ConnectivityService(  749): rematching NetworkAgentInfo [WIFI () - 101]
D/ConnectivityService(  749):  network has: [ Transports: WIFI Capabilities: INTERNET&NOT_RESTRICTED&TRUSTED&NOT_VPN LinkUpBandwidth>=1048576Kbps LinkDnBandwidth>=1048576Kbps]
D/ConnectivityService(  749):   checking if request is satisfied: NetworkRequest [ id=2, legacyType=-1, [] ]
D/ConnectivityService(  749):   checking if request is satisfied: NetworkRequest [ id=3, legacyType=-1, [ Capabilities: INTERNET&NOT_RESTRICTED&TRUSTED&NOT_VPN] ]
D/ConnectivityService(  749): Network NetworkAgentInfo [WIFI () - 101] was already satisfying request 1. No change.
D/ConnectivityService(  749): notifyType AVAILABLE for NetworkAgentInfo [WIFI () - 101]
D/ConnectivityService(  749):  sending notification for NetworkRequest [ id=1, legacyType=-1, [ Capabilities: INTERNET&NOT_RESTRICTED&TRUSTED&NOT_VPN] ]
V/ActivityManager(  749): Broadcast sticky: Intent { act=android.net.wifi.RSSI_CHANGED flg=0x4000010 (has extras) } ordered=false userid=-1 callerApp=ProcessRecord{354b0b68 749:system/1000}
D/ConnectivityService(  749):  sending notification for NetworkRequest [ id=2, legacyType=-1, [] ]
D/ConnectivityService(  749): sending notification AVAILABLE for NetworkRequest [ id=2, legacyType=-1, [] ]
D/ConnectivityService(  749):  sending notification for NetworkRequest [ id=3, legacyType=-1, [ Capabilities: INTERNET&NOT_RESTRICTED&TRUSTED&NOT_VPN] ]
D/ConnectivityService(  749): sending notification AVAILABLE for NetworkRequest [ id=3, legacyType=-1, [ Capabilities: INTERNET&NOT_RESTRICTED&TRUSTED&NOT_VPN] ]
D/ConnectivityManager.CallbackHandler(  922): CM callback handler got msg 524290
D/WifiWatchdogStateMachine(  749): RSSI current: 3 new: -59, 3
D/ConnectivityService(  749): sending new Min Network Score(60): NetworkRequest [ id=1, legacyType=-1, [ Capabilities: INTERNET&NOT_RESTRICTED&TRUSTED&NOT_VPN] ]
D/NetworkController(  922): onReceive: intent=Intent { act=android.net.wifi.RSSI_CHANGED flg=0x4000010 (has extras) }
D/NetworkController.WifiSignalController(  922): isDirty : false
D/NetworkController.WifiSignalController(  922): Change in state from: connected=true,enabled=true,level=3,inetCondition=1,iconGroup=IconGroup(Wi-Fi Icons),activityIn=true,activityOut=true,rssi=-62,networkType=null,lastModified=10-20 12:41:06,ssid="yumoveryun5"
D/NetworkController.WifiSignalController(  922): 	to: connected=true,enabled=true,level=3,inetCondition=1,iconGroup=IconGroup(Wi-Fi Icons),activityIn=true,activityOut=true,rssi=-59,networkType=null,lastModified=10-20 12:41:06,ssid="yumoveryun5"
D/NetworkController.WifiSignalController(  922): Wifi notifyListeners: level= 3, wifiActivity= 3
D/SignalClusterView(  922): setWifiIndicators, visible=true, strengthIcon=2130838074, contentDescription=Wifi three bars.
D/NetworkController.WifiSignalController(  922): Wifi notifyListeners: level= 3, wifiActivity= 3
D/SignalClusterView(  922): setWifiIndicators, visible=true, strengthIcon=2130838074, contentDescription=Wifi three bars.
D/NetworkController.WifiSignalController(  922): Wifi notifyListeners: level= 3, wifiActivity= 3
D/SignalClusterView(  922): setWifiIndicators, visible=true, strengthIcon=2130838074, contentDescription=Wifi three bars.
D/WIFI    (  749): new score 60 for exisiting request NetworkRequest [ id=1, legacyType=-1, [ Capabilities: INTERNET&NOT_RESTRICTED&TRUSTED&NOT_VPN] ]
D/WIFI    (  749):   my score=60, my filter=[ Transports: WIFI Capabilities: INTERNET&NOT_RESTRICTED&TRUSTED&NOT_VPN LinkUpBandwidth>=1048576Kbps LinkDnBandwidth>=1048576Kbps]
D/WIFI    (  749): evalRequest request = NetworkRequest [ id=1, legacyType=-1, [ Capabilities: INTERNET&NOT_RESTRICTED&TRUSTED&NOT_VPN] ] with requested = true
D/WIFI    (  749):   done
D/WIFI_UT (  749): new score 60 for exisiting request NetworkRequest [ id=1, legacyType=-1, [ Capabilities: INTERNET&NOT_RESTRICTED&TRUSTED&NOT_VPN] ]
D/WIFI_UT (  749):   my score=2147483647, my filter=[ Transports: WIFI Capabilities: INTERNET&NOT_RESTRICTED&TRUSTED&NOT_VPN LinkUpBandwidth>=1048576Kbps LinkDnBandwidth>=1048576Kbps]
D/WIFI_UT (  749): evalRequest request = NetworkRequest [ id=1, legacyType=-1, [ Capabilities: INTERNET&NOT_RESTRICTED&TRUSTED&NOT_VPN] ] with requested = true
D/WIFI_UT (  749):   done
V/SettingsInterface( 1453):  from settings cache , name = multi_sim_data_call , value = 1
E/NetworkController(  922): Cannot find controller for data sub: 1
D/DefaultStatusBarPlmnPlugin(  922): into updateCarrierLabel, slotId=0, isSimInserted=false, isHasSimService=false
D/DefaultStatusBarPlmnPlugin(  922): into updateCarrierLabel, slotId=1, isSimInserted=false, isHasSimService=false
D/ConnectivityManager.CallbackHandler( 1571): CM callback handler got msg 524290
D/Surface (  922): Surface::setBuffersDimensions(this=0x7f9ba0c600,w=720,h=50)
D/PerfServiceManager(  749): [PerfService] notifyFrameUpdate - bDuringTouchBoost:false 
I/BufferQueueProducer(  226): [StatusBar](this:0x7fae312000,id:9,api:1,p:922,c:226) queueBuffer: fps=7.03 dur=1707.49 max=1382.26 min=17.00
I/SurfaceFlinger(  226): [Built-in Screen (type:0)] fps:9.453130,dur:1798.35,max:1133.76,min:1.88
D/com.facebook.appevents.AppEventsLogger( 5837): Got unexpected exception: java.io.WriteAbortedException: Read an exception; java.io.NotSerializableException: org.json.JSONObject
I/thermal_repeater(  277): oh, queryMdThermalInfo (0)Bad file number
I/thermal_repeater(  277): [recvMdThermalInfo] ret=30, strLen=127,  2, 32767, -127, -1, 32767, 18
E/WifiTrafficPoller(  749): TRAFFIC_STATS_POLL true Token 43 num clients 10
E/WifiTrafficPoller(  749):  packet count Tx=869 Rx=850
E/WifiTrafficPoller(  749): notifying of data activity 0
D/NetworkController.WifiSignalController(  922): setActivity: wifiActivity= 0
D/NetworkController.WifiSignalController(  922): isDirty : false
D/NetworkController.WifiSignalController(  922): Change in state from: connected=true,enabled=true,level=3,inetCondition=1,iconGroup=IconGroup(Wi-Fi Icons),activityIn=true,activityOut=true,rssi=-59,networkType=null,lastModified=10-20 12:41:07,ssid="yumoveryun5"
D/NetworkController.WifiSignalController(  922): 	to: connected=true,enabled=true,level=3,inetCondition=1,iconGroup=IconGroup(Wi-Fi Icons),activityIn=false,activityOut=false,rssi=-59,networkType=null,lastModified=10-20 12:41:07,ssid="yumoveryun5"
D/NetworkController.WifiSignalController(  922): Wifi notifyListeners: level= 3, wifiActivity= 0
D/SignalClusterView(  922): setWifiIndicators, visible=true, strengthIcon=2130838072, contentDescription=Wifi three bars.
D/NetworkController.WifiSignalController(  922): Wifi notifyListeners: level= 3, wifiActivity= 0
D/SignalClusterView(  922): setWifiIndicators, visible=true, strengthIcon=2130838072, contentDescription=Wifi three bars.
D/NetworkController.WifiSignalController(  922): Wifi notifyListeners: level= 3, wifiActivity= 0
D/SignalClusterView(  922): setWifiIndicators, visible=true, strengthIcon=2130838072, contentDescription=Wifi three bars.
V/SettingsInterface( 1453):  from settings cache , name = multi_sim_data_call , value = 1
E/NetworkController(  922): Cannot find controller for data sub: 1
D/DefaultStatusBarPlmnPlugin(  922): into updateCarrierLabel, slotId=0, isSimInserted=false, isHasSimService=false
D/DefaultStatusBarPlmnPlugin(  922): into updateCarrierLabel, slotId=1, isSimInserted=false, isHasSimService=false
D/Surface (  922): Surface::setBuffersDimensions(this=0x7f9ba0c600,w=720,h=50)
D/PerfServiceManager(  749): [PerfService] notifyFrameUpdate - bDuringTouchBoost:false 
V/AlarmManager(  749): Checking for alarms... rtc=1476947468136, elapsed=687652
D/AlarmManager(  749): set alarm to RTC 704757
D/AlarmManager(  749): wakeup alarm = Alarm{2ebed6bf type 2 when 671068 android}; package = androidneedGrouping = false
V/ActivityManager(  749): Broadcast: Intent { act=com.android.server.task.controllers.BatteryController.ACTION_CHARGING_STABLE flg=0x114 (has extras) } ordered=true userid=0 callerApp=null
V/AlarmManager(  749): sending alarm Alarm{2ebed6bf type 2 when 671068 android} success
I/libPerfService(  749): perfSetFavorPid - pid:6581, 19b5
D/PowerManagerService(  749): acquireWakeLockInternal: lock=932476660, flags=0x1, tag="*alarm*", ws=WorkSource{1000}, uid=1000, pid=749
I/libPerfService(  749): perfSetFavorPid - pid:6581, 19b5
D/PowerManagerService(  749): updateWakeLockSummaryLocked: mWakefulness=Awake, mWakeLockSummary=0x1
I/libPerfService(  749): perfSetFavorPid - pid:6581, 19b5
D/PowerManagerService(  749): updateUserActivitySummaryLocked: mWakefulness=Awake, mUserActivitySummary=0x1, nextTimeout=568340 (in 50375 ms)
D/PowerManagerService(  749): mDisplayPowerRequest.policy = 3
D/WifiDisplayAdapter(  749): getWifiDisplayStatusLocked: result=WifiDisplayStatus{featureState=2, scanState=0, activeDisplayState=0, activeDisplay=null, displays=[], sessionInfo=WifiDisplaySessionInfo: C/O:Client,GId:,Pp:,SId:0,IP:}
D/PowerManagerService(  749): isWfdEnabled() mWfdStatus=WifiDisplayStatus{featureState=2, scanState=0, activeDisplayState=0, activeDisplay=null, displays=[], sessionInfo=WifiDisplaySessionInfo: C/O:Client,GId:,Pp:,SId:0,IP:}, return false
D/DisplayPowerController(  749): requestPowerState: policy=BRIGHT, useProximitySensor=false, screenBrightness=92, screenAutoBrightnessAdjustment=0.0, useAutoBrightness=false, blockScreenOn=false, lowPowerMode=false, boostScreenBrightness=false, dozeScreenBrightness=-1, dozeScreenState=UNKNOWN, waitForNegativeProximity=false
I/PowerManagerService(  749): setBrightness mButtonLight 0.
D/PowerManagerService(  749): updateDisplayPowerStateLocked: mDisplayReady=true, policy=3, mWakefulness=1, mWakeLockSummary=0x1, mUserActivitySummary=0x1, mBootCompleted=true, mScreenBrightnessBoostInProgress=false
D/ActivityThread(  749): BDC-Calling finishReceiver: IIntentReceiver=2d97fe63
D/PowerManagerNotifier(  749): onWakeLockAcquired: flags=1, tag="*alarm*", packageName=android, ownerUid=1000, ownerPid=749, workSource=WorkSource{1000}
D/AlarmManager(  749): wakeup alarm = Alarm{2d835732 type 2 when 671804 com.google.android.apps.plus}; package = com.google.android.apps.plusneedGrouping = false
I/ActivityManager(  749): [Background Service Priority Adjustment] Set callerFg as false for service.getFlags():260
I/libPerfService(  749): perfSetFavorPid - pid:6581, 19b5
D/AlarmManager(  749): onSendFinished begin
V/AlarmManager(  749): sending alarm Alarm{2d835732 type 2 when 671804 com.google.android.apps.plus} success
D/AlarmManager(  749): wakeup alarm = Alarm{12d2ee00 type 2 when 687652 com.google.android.gms}; package = com.google.android.gmsneedGrouping = false
V/ActivityManager(  749): Broadcast: Intent { act=com.google.android.gms.gcm.ACTION_CHECK_QUEUE flg=0x114 (has extras) } ordered=true userid=0 callerApp=null
I/libPerfService(  749): perfSetFavorPid - pid:6581, 19b5
D/ActivityThread( 1852): BDC-Calling onReceive: intent=Intent { act=com.google.android.gms.gcm.ACTION_CHECK_QUEUE flg=0x114 cmp=com.google.android.gms/.gcm.nts.SchedulerInternalReceiver (has extras) }, receiver=com.google.android.gms.gcm.nts.SchedulerInternalReceiver@43648fb
D/ActivityThread( 1852): BDC-RECEIVER handled : 0 / ReceiverData{intent=Intent { act=com.google.android.gms.gcm.ACTION_CHECK_QUEUE flg=0x114 cmp=com.google.android.gms/.gcm.nts.SchedulerInternalReceiver (has extras) } packageName=com.google.android.gms resultCode=0 resultData=null resultExtras=null}
I/libPerfService(  749): perfSetFavorPid - pid:6581, 19b5
D/PowerManagerService(  749): acquireWakeLockInternal: lock=232580433, flags=0x1, tag="*net_scheduler*", ws=WorkSource{10009 com.google.android.gms}, uid=10009, pid=1852
I/libPerfService(  749): perfSetFavorPid - pid:6581, 19b5
D/PowerManagerService(  749): updateWakeLockSummaryLocked: mWakefulness=Awake, mWakeLockSummary=0x1
D/PowerManagerService(  749): updateUserActivitySummaryLocked: mWakefulness=Awake, mUserActivitySummary=0x1, nextTimeout=568340 (in 50353 ms)
D/PowerManagerService(  749): mDisplayPowerRequest.policy = 3
D/WifiDisplayAdapter(  749): getWifiDisplayStatusLocked: result=WifiDisplayStatus{featureState=2, scanState=0, activeDisplayState=0, activeDisplay=null, displays=[], sessionInfo=WifiDisplaySessionInfo: C/O:Client,GId:,Pp:,SId:0,IP:}
D/PowerManagerService(  749): isWfdEnabled() mWfdStatus=WifiDisplayStatus{featureState=2, scanState=0, activeDisplayState=0, activeDisplay=null, displays=[], sessionInfo=WifiDisplaySessionInfo: C/O:Client,GId:,Pp:,SId:0,IP:}, return false
D/DisplayPowerController(  749): requestPowerState: policy=BRIGHT, useProximitySensor=false, screenBrightness=92, screenAutoBrightnessAdjustment=0.0, useAutoBrightness=false, blockScreenOn=false, lowPowerMode=false, boostScreenBrightness=false, dozeScreenBrightness=-1, dozeScreenState=UNKNOWN, waitForNegativeProximity=false
I/PowerManagerService(  749): setBrightness mButtonLight 0.
D/PowerManagerService(  749): updateDisplayPowerStateLocked: mDisplayReady=true, policy=3, mWakefulness=1, mWakeLockSummary=0x1, mUserActivitySummary=0x1, mBootCompleted=true, mScreenBrightnessBoostInProgress=false
D/PowerManagerNotifier(  749): onWakeLockAcquired: flags=1, tag="*net_scheduler*", packageName=com.google.android.gms, ownerUid=10009, ownerPid=1852, workSource=WorkSource{10009 com.google.android.gms}
I/NetworkIdentity(  749): buildNetworkIdentity:
I/NetworkIdentity(  749): networkId = yumoveryun5
D/AlarmManager(  749): manual remove option = PendingIntent{229281b6: PendingIntentRecord{254b085e com.google.android.gms broadcastIntent}}
V/AlarmManager(  749): sending alarm Alarm{12d2ee00 type 2 when 687652 com.google.android.gms} success
D/PowerManagerService(  749): updateWakeLockWorkSourceInternal: lock=932476660 [*alarm*], ws=WorkSource{10078}
D/PowerManagerNotifier(  749): onWakeLockChanging: flags=1, tag="*alarm*", packageName=android, ownerUid=1000, ownerPid=749, workSource=WorkSource{10078}
D/AlarmManager(  749): onSendFinished begin
D/PowerManagerService(  749): updateWakeLockWorkSourceInternal: lock=932476660 [*alarm*], ws=WorkSource{10009 com.google.android.gms}
D/PowerManagerNotifier(  749): onWakeLockChanging: flags=1, tag="*alarm*", packageName=android, ownerUid=1000, ownerPid=749, workSource=WorkSource{10009 com.google.android.gms}
D/AlarmManager(  749): onSendFinished begin
D/PowerManagerService(  749): releaseWakeLockInternal: lock=932476660 [*alarm*], flags=0x0, total_time=28ms
D/PowerManagerNotifier(  749): onWakeLockReleased: flags=1, tag="*alarm*", packageName=android, ownerUid=1000, ownerPid=749, workSource=WorkSource{10009 com.google.android.gms}
D/PowerManagerService(  749): updateWakeLockSummaryLocked: mWakefulness=Awake, mWakeLockSummary=0x1
D/PowerManagerService(  749): updateUserActivitySummaryLocked: mWakefulness=Awake, mUserActivitySummary=0x1, nextTimeout=568340 (in 50347 ms)
D/PowerManagerService(  749): mDisplayPowerRequest.policy = 3
D/WifiDisplayAdapter(  749): getWifiDisplayStatusLocked: result=WifiDisplayStatus{featureState=2, scanState=0, activeDisplayState=0, activeDisplay=null, displays=[], sessionInfo=WifiDisplaySessionInfo: C/O:Client,GId:,Pp:,SId:0,IP:}
D/PowerManagerService(  749): isWfdEnabled() mWfdStatus=WifiDisplayStatus{featureState=2, scanState=0, activeDisplayState=0, activeDisplay=null, displays=[], sessionInfo=WifiDisplaySessionInfo: C/O:Client,GId:,Pp:,SId:0,IP:}, return false
D/DisplayPowerController(  749): requestPowerState: policy=BRIGHT, useProximitySensor=false, screenBrightness=92, screenAutoBrightnessAdjustment=0.0, useAutoBrightness=false, blockScreenOn=false, lowPowerMode=false, boostScreenBrightness=false, dozeScreenBrightness=-1, dozeScreenState=UNKNOWN, waitForNegativeProximity=false
I/PowerManagerService(  749): setBrightness mButtonLight 0.
D/PowerManagerService(  749): updateDisplayPowerStateLocked: mDisplayReady=true, policy=3, mWakefulness=1, mWakeLockSummary=0x1, mUserActivitySummary=0x1, mBootCompleted=true, mScreenBrightnessBoostInProgress=false
D/ActivityThread( 4730): SVC-Creating service: CreateServiceData{token=android.os.BinderProxy@2125aba7 className=com.google.android.apps.moviemaker.service.PluggedInAnalyzerService packageName=com.google.android.apps.plus intent=null}
D/PowerManagerService(  749): acquireWakeLockInternal: lock=615177911, flags=0x1, tag="*net_scheduler*", ws=WorkSource{10009 com.google.android.gms}, uid=10009, pid=1852
D/PowerManagerService(  749): updateWakeLockSummaryLocked: mWakefulness=Awake, mWakeLockSummary=0x1
D/PowerManagerService(  749): updateUserActivitySummaryLocked: mWakefulness=Awake, mUserActivitySummary=0x1, nextTimeout=568340 (in 50329 ms)
D/PowerManagerService(  749): mDisplayPowerRequest.policy = 3
D/WifiDisplayAdapter(  749): getWifiDisplayStatusLocked: result=WifiDisplayStatus{featureState=2, scanState=0, activeDisplayState=0, activeDisplay=null, displays=[], sessionInfo=WifiDisplaySessionInfo: C/O:Client,GId:,Pp:,SId:0,IP:}
D/PowerManagerService(  749): isWfdEnabled() mWfdStatus=WifiDisplayStatus{featureState=2, scanState=0, activeDisplayState=0, activeDisplay=null, displays=[], sessionInfo=WifiDisplaySessionInfo: C/O:Client,GId:,Pp:,SId:0,IP:}, return false
D/DisplayPowerController(  749): requestPowerState: policy=BRIGHT, useProximitySensor=false, screenBrightness=92, screenAutoBrightnessAdjustment=0.0, useAutoBrightness=false, blockScreenOn=false, lowPowerMode=false, boostScreenBrightness=false, dozeScreenBrightness=-1, dozeScreenState=UNKNOWN, waitForNegativeProximity=false
I/PowerManagerService(  749): setBrightness mButtonLight 0.
D/PowerManagerService(  749): updateDisplayPowerStateLocked: mDisplayReady=true, policy=3, mWakefulness=1, mWakeLockSummary=0x1, mUserActivitySummary=0x1, mBootCompleted=true, mScreenBrightnessBoostInProgress=false
D/PowerManagerNotifier(  749): onWakeLockAcquired: flags=1, tag="*net_scheduler*", packageName=com.google.android.gms, ownerUid=10009, ownerPid=1852, workSource=WorkSource{10009 com.google.android.gms}
D/ActivityThread( 5901): SVC-Creating service: CreateServiceData{token=android.os.BinderProxy@10b58b6b className=com.facebook.prefetch.feed.scheduler.NewsFeedPrefetchLollipopService packageName=com.facebook.katana intent=null}
D/ActivityThread( 5901): SVC-CREATE_SERVICE handled : 0 / CreateServiceData{token=android.os.BinderProxy@10b58b6b className=com.facebook.prefetch.feed.scheduler.NewsFeedPrefetchLollipopService packageName=com.facebook.katana intent=null}
D/PowerManagerService(  749): acquireWakeLockInternal: lock=623298084, flags=0x1, tag="*job*/com.facebook.katana/com.facebook.prefetch.feed.scheduler.NewsFeedPrefetchLollipopService", ws=WorkSource{10087}, uid=1000, pid=749
D/PowerManagerService(  749): updateWakeLockSummaryLocked: mWakefulness=Awake, mWakeLockSummary=0x1
D/PowerManagerService(  749): updateUserActivitySummaryLocked: mWakefulness=Awake, mUserActivitySummary=0x1, nextTimeout=568340 (in 50315 ms)
D/PowerManagerService(  749): mDisplayPowerRequest.policy = 3
D/WifiDisplayAdapter(  749): getWifiDisplayStatusLocked: result=WifiDisplayStatus{featureState=2, scanState=0, activeDisplayState=0, activeDisplay=null, displays=[], sessionInfo=WifiDisplaySessionInfo: C/O:Client,GId:,Pp:,SId:0,IP:}
D/PowerManagerService(  749): isWfdEnabled() mWfdStatus=WifiDisplayStatus{featureState=2, scanState=0, activeDisplayState=0, activeDisplay=null, displays=[], sessionInfo=WifiDisplaySessionInfo: C/O:Client,GId:,Pp:,SId:0,IP:}, return false
D/DisplayPowerController(  749): requestPowerState: policy=BRIGHT, useProximitySensor=false, screenBrightness=92, screenAutoBrightnessAdjustment=0.0, useAutoBrightness=false, blockScreenOn=false, lowPowerMode=false, boostScreenBrightness=false, dozeScreenBrightness=-1, dozeScreenState=UNKNOWN, waitForNegativeProximity=false
I/PowerManagerService(  749): setBrightness mButtonLight 0.
D/PowerManagerService(  749): updateDisplayPowerStateLocked: mDisplayReady=true, policy=3, mWakefulness=1, mWakeLockSummary=0x1, mUserActivitySummary=0x1, mBootCompleted=true, mScreenBrightnessBoostInProgress=false
D/PowerManagerNotifier(  749): onWakeLockAcquired: flags=1, tag="*job*/com.facebook.katana/com.facebook.prefetch.feed.scheduler.NewsFeedPrefetchLollipopService", packageName=android, ownerUid=1000, ownerPid=749, workSource=WorkSource{10087}
I/libPerfService(  749): perfSetFavorPid - pid:6581, 19b5
D/ActivityThread( 1571): SVC-Creating service: CreateServiceData{token=android.os.BinderProxy@134cb903 className=com.google.android.gms.gcm.gmsproc.GcmInGmsTaskService packageName=com.google.android.gms intent=null}
D/ActivityThread( 1571): SVC-CREATE_SERVICE handled : 0 / CreateServiceData{token=android.os.BinderProxy@134cb903 className=com.google.android.gms.gcm.gmsproc.GcmInGmsTaskService packageName=com.google.android.gms intent=null}
D/ActivityThread( 1571): SVC-Calling onStartCommand: com.google.android.gms.gcm.gmsproc.GcmInGmsTaskService@335be080, flags=0, startId=1
D/ActivityThread( 1571): SVC-SERVICE_ARGS handled : 0 / ServiceArgsData{token=android.os.BinderProxy@134cb903 startId=1 args=Intent { act=com.google.android.gms.gcm.ACTION_TASK_READY cmp=com.google.android.gms/.gcm.gmsproc.GcmInGmsTaskService (has extras) }}
V/AlarmManager(  749): APP set(PendingIntent{ebd0342: PendingIntentRecord{254b085e com.google.android.gms broadcastIntent}}) : type=2 triggerAtTime=4126305 win=-1 tElapsed=4126305 maxElapsed=6705222 interval=0 standalone=false
D/AlarmManager(  749):  whichBatch = 10
D/AlarmManager(  749):  alarm = Alarm{2484af53 type 2 when 4126305 com.google.android.gms} add to Batch{5f608fb num=8 start=4883649 end=5183649}
D/PowerManagerService(  749): releaseWakeLockInternal: lock=232580433 [*net_scheduler*], flags=0x0, total_time=74ms
D/PowerManagerNotifier(  749): onWakeLockReleased: flags=1, tag="*net_scheduler*", packageName=com.google.android.gms, ownerUid=10009, ownerPid=1852, workSource=WorkSource{10009 com.google.android.gms}
D/PowerManagerService(  749): updateWakeLockSummaryLocked: mWakefulness=Awake, mWakeLockSummary=0x1
D/PowerManagerService(  749): updateUserActivitySummaryLocked: mWakefulness=Awake, mUserActivitySummary=0x1, nextTimeout=568340 (in 50278 ms)
D/PowerManagerService(  749): mDisplayPowerRequest.policy = 3
D/WifiDisplayAdapter(  749): getWifiDisplayStatusLocked: result=WifiDisplayStatus{featureState=2, scanState=0, activeDisplayState=0, activeDisplay=null, displays=[], sessionInfo=WifiDisplaySessionInfo: C/O:Client,GId:,Pp:,SId:0,IP:}
D/PowerManagerService(  749): isWfdEnabled() mWfdStatus=WifiDisplayStatus{featureState=2, scanState=0, activeDisplayState=0, activeDisplay=null, displays=[], sessionInfo=WifiDisplaySessionInfo: C/O:Client,GId:,Pp:,SId:0,IP:}, return false
D/DisplayPowerController(  749): requestPowerState: policy=BRIGHT, useProximitySensor=false, screenBrightness=92, screenAutoBrightnessAdjustment=0.0, useAutoBrightness=false, blockScreenOn=false, lowPowerMode=false, boostScreenBrightness=false, dozeScreenBrightness=-1, dozeScreenState=UNKNOWN, waitForNegativeProximity=false
I/PowerManagerService(  749): setBrightness mButtonLight 0.
D/PowerManagerService(  749): updateDisplayPowerStateLocked: mDisplayReady=true, policy=3, mWakefulness=1, mWakeLockSummary=0x1, mUserActivitySummary=0x1, mBootCompleted=true, mScreenBrightnessBoostInProgress=false
D/ActivityThread( 5901): SVC-BIND_SERVICE handled : 0 / BindServiceData{token=android.os.BinderProxy@10b58b6b intent=Intent { cmp=com.facebook.katana/com.facebook.prefetch.feed.scheduler.NewsFeedPrefetchLollipopService }}
I/libPerfService(  749): perfSetFavorPid - pid:6581, 19b5
D/ActivityThread( 1852): SVC-Creating service: CreateServiceData{token=android.os.BinderProxy@1add0371 className=com.google.android.gms.auth.GetToken packageName=com.google.android.gms intent=null}
I/Auth    ( 1852): [AuthDelegateWrapper] Service intent: Intent { cmp=com.google.android.gms/.auth.account.authenticator.DefaultAuthDelegateService }.
I/Auth    ( 1852): [AuthDelegateWrapper] Service intent: Intent { cmp=com.google.android.gms/.auth.account.authenticator.DefaultAuthDelegateService }.
D/ActivityThread( 1852): SVC-CREATE_SERVICE handled : 0 / CreateServiceData{token=android.os.BinderProxy@1add0371 className=com.google.android.gms.auth.GetToken packageName=com.google.android.gms intent=null}
D/ActivityThread( 1852): SVC-BIND_SERVICE handled : 0 / BindServiceData{token=android.os.BinderProxy@1add0371 intent=Intent { cmp=com.google.android.gms/.auth.GetToken }}
I/libPerfService(  749): perfSetFavorPid - pid:6581, 19b5
D/ActivityThread( 4730): SVC-CREATE_SERVICE handled : 0 / CreateServiceData{token=android.os.BinderProxy@2125aba7 className=com.google.android.apps.moviemaker.service.PluggedInAnalyzerService packageName=com.google.android.apps.plus intent=null}
D/ActivityThread( 4730): SVC-Calling onStartCommand: com.google.android.apps.moviemaker.service.PluggedInAnalyzerService@1812854, flags=0, startId=1
D/ActivityThread( 4730): SVC-SERVICE_ARGS handled : 0 / ServiceArgsData{token=android.os.BinderProxy@2125aba7 startId=1 args=Intent { act=com.google.android.apps.moviemaker.analyzer.PING flg=0x104 cmp=com.google.android.apps.plus/com.google.android.apps.moviemaker.service.PluggedInAnalyzerService (has extras) }}
D/ActivityThread( 4730): SVC-Creating service: CreateServiceData{token=android.os.BinderProxy@114028f2 className=com.google.android.apps.moviemaker.analyzer.AnalyzerService packageName=com.google.android.apps.plus intent=null}
D/CameraService(  258): [getNumberOfCameras] NumberOfCameras:2 
D/ActivityThread( 4730): SVC-CREATE_SERVICE handled : 0 / CreateServiceData{token=android.os.BinderProxy@114028f2 className=com.google.android.apps.moviemaker.analyzer.AnalyzerService packageName=com.google.android.apps.plus intent=null}
D/ActivityThread( 4730): SVC-BIND_SERVICE handled : 0 / BindServiceData{token=android.os.BinderProxy@114028f2 intent=Intent { cmp=com.google.android.apps.plus/com.google.android.apps.moviemaker.analyzer.AnalyzerService }}
D/MALI    ( 4730): eglCreateContext:206: [MALI] eglCreateContext display 0xf487b580, share context 0x0 here.
D/MALI    ( 4730): gles_context_new:248: Create GLES ctx 0xe0d74008 successfully
D/MALI    ( 4730): eglCreateContext:543: [MALI] eglCreateContext end. Created context 0xefdc4f68 here.
W/fb4a(:<default>):UserScope( 5901): Called user scoped provider with no viewer. ViewerContextManager was created with no ViewerContext. Using EmptyViewerContextManager to return fake logged in instance.
W/fb4a(:<default>):QeInternalImpl( 5901): The sessioned store is not available. Are you fetching sessioned quick experiment data while the user is logged out?
I/libPerfService(  749): perfSetFavorPid - pid:6581, 19b5
D/ActivityThread( 1852): SVC-Creating service: CreateServiceData{token=android.os.BinderProxy@21fb92c4 className=com.google.android.gms.auth.account.be.legacy.GoogleAccountDataService packageName=com.google.android.gms intent=null}
D/ActivityThread( 1852): SVC-CREATE_SERVICE handled : 0 / CreateServiceData{token=android.os.BinderProxy@21fb92c4 className=com.google.android.gms.auth.account.be.legacy.GoogleAccountDataService packageName=com.google.android.gms intent=null}
D/ActivityThread( 1852): SVC-BIND_SERVICE handled : 0 / BindServiceData{token=android.os.BinderProxy@21fb92c4 intent=Intent { act=com.google.android.gms.auth.DATA_PROXY pkg=com.google.android.gms }}
E/Auth    ( 1852): [GoogleAccountDataServiceImpl] getToken() -> BAD_AUTHENTICATION. Account: <ELLIDED:-191886820>, App: com.google.android.gms, Service: oauth2:https://www.googleapis.com/auth/gcm
E/Auth    ( 1852): elc: Long live credential not available.
E/Auth    ( 1852): 	at eld.a(SourceFile:3099)
E/Auth    ( 1852): 	at ejq.a(SourceFile:397)
E/Auth    ( 1852): 	at ejp.a(SourceFile:31369)
E/Auth    ( 1852): 	at ejp.a(SourceFile:313)
E/Auth    ( 1852): 	at fla.a(SourceFile:1201)
E/Auth    ( 1852): 	at fkz.a(SourceFile:530)
E/Auth    ( 1852): 	at fkz.a(SourceFile:196)
E/Auth    ( 1852): 	at egp.a(SourceFile:284)
E/Auth    ( 1852): 	at egp.a(SourceFile:204)
E/Auth    ( 1852): 	at bdm.onTransact(SourceFile:137)
E/Auth    ( 1852): 	at android.os.Binder.execTransact(Binder.java:451)
D/ActivityManager(  749): getContentProviderImpl: from caller=android.app.ApplicationThreadProxy@e50c4c1 (pid=4730, userId=0) to get content provider com.google.android.gsf.gservices cpr=ContentProviderRecord{3d038cb0 u0 com.google.android.gsf/.gservices.GservicesProvider}
I/libPerfService(  749): perfSetFavorPid - pid:6581, 19b5
D/ActivityThread( 4730): hoder:android.app.IActivityManager$ContentProviderHolder@3d692dec,provider,holder.Provider:android.content.ContentProviderProxy@224ea5b5
I/libPerfService(  749): perfSetFavorPid - pid:6581, 19b5
D/ActivityManager(  749): getContentProviderImpl: from caller=android.app.ApplicationThreadProxy@229cc466 (pid=4730, userId=0) to get content provider media cpr=ContentProviderRecord{3ca1355a u0 com.android.providers.media/.MediaProvider}
D/ActivityThread( 4730): hoder:android.app.IActivityManager$ContentProviderHolder@3c56efbb,provider,holder.Provider:android.content.ContentProviderProxy@13b13cd8
I/libPerfService(  749): perfSetFavorPid - pid:6581, 19b5
D/ActivityThread( 1852): SVC-Creating service: CreateServiceData{token=android.os.BinderProxy@e811730 className=com.google.android.gms.auth.account.authenticator.DefaultAuthDelegateService packageName=com.google.android.gms intent=null}
D/ActivityThread( 1852): SVC-CREATE_SERVICE handled : 0 / CreateServiceData{token=android.os.BinderProxy@e811730 className=com.google.android.gms.auth.account.authenticator.DefaultAuthDelegateService packageName=com.google.android.gms intent=null}
I/libPerfService(  749): perfSetFavorPid - pid:6581, 19b5
D/ActivityManager(  749): getContentProviderImpl: from caller=android.app.ApplicationThreadProxy@16a0c0f2 (pid=4730, userId=0) to get content provider media cpr=ContentProviderRecord{3ca1355a u0 com.android.providers.media/.MediaProvider}
D/ActivityThread( 4730): hoder:android.app.IActivityManager$ContentProviderHolder@36d7fb16,provider,holder.Provider:android.content.ContentProviderProxy@317acc97
D/[BT3.0+HS]PAL(  287): == chip_reset_fd is set ==
D/[BT3.0+HS]PAL(  287): 
D/[BT3.0+HS]PAL(  287): invalid reply message
D/[BT3.0+HS]PAL(  287): 
D/[BT3.0+HS]PAL(  287): == chip_reset_fd is set ==
D/[BT3.0+HS]PAL(  287): 
D/[BT3.0+HS]PAL(  287): invalid reply message
D/[BT3.0+HS]PAL(  287): 
D/wifi2agps(  269): scan result, found 4 APs
D/agps    (  269): [WIFI2AGPS] wifi2agps_scanned
D/wpa_supplicant( 1162): RTM_NEWLINK: ifi_index=10 ifname=wlan0 wext ifi_family=0 ifi_flags=0x11043 ([UP][RUNNING][LOWER_UP])
D/wpa_supplicant( 1162): RTM_NEWLINK: ifi_index=10 ifname=wlan0 wext ifi_family=0 ifi_flags=0x11043 ([UP][RUNNING][LOWER_UP])
D/wpa_supplicant( 1162): nl80211: Event message available
D/wpa_supplicant( 1162): nl80211: Drv Event 34 (NL80211_CMD_NEW_SCAN_RESULTS) received for wlan0
D/wpa_supplicant( 1162): wlan0: nl80211: New scan results available
D/wpa_supplicant( 1162): nl80211: Scan included frequencies: 2412 2417 2422 2427 2432 2437 2442 2447 2452 2457 2462 2467 2472 5180 5200 5220 5240 5260 5280 5300 5320 5745 5765 5785 5805 5825
D/wpa_supplicant( 1162): wlan0: Event SCAN_RESULTS (3) received
D/wpa_supplicant( 1162): wlan0: Scan completed in 1.009030 seconds
D/wpa_supplicant( 1162): nl80211: Associated on 5220 MHz
D/wpa_supplicant( 1162): nl80211: Associated with 54:b8:0a:a6:ca:da
D/wpa_supplicant( 1162): nl80211: Received scan results (3 BSSes)
D/wpa_supplicant( 1162): nl80211: Scan results indicate BSS status with 54:b8:0a:a6:ca:da as associated
D/wpa_supplicant( 1162): wlan0: BSS: Start scan result update 25
D/wpa_supplicant( 1162): BSS: last_scan_res_used=3/32
D/wpa_supplicant( 1162): wlan0: Scan-only results received
D/wpa_supplicant( 1162): CTRL_IFACE monitor sent successfully to /data/misc/wifi/sockets/wpa_ctrl_749-2\x00
D/SocketClient(  254): SocketClient sendData done: 600 Iface linkstate wlan0 up
D/wpa_supplicant( 1162): wlan0: Radio work 'scan'@0x7f9d01c3d0 done in 1.009824 seconds
D/SocketClient(  254): SocketClient sendData done: 600 Iface linkstate wlan0 up
D/WifiHW  (  749): [1] get event: IFNAME=wlan0 <3>CTRL-EVENT-SCAN-RESULTS 
D/WifiHW  (  749): [2] get event: IFNAME=wlan0 CTRL-EVENT-SCAN-RESULTS 
I/Netd    (  254): Get netlink event, ifname: wlan0 action: 4
I/Netd    (  254): Get netlink event, ifname: wlan0 action: 4
D/WifiHW  (  749): enter -->wifi_wait_on_socket buflen=2048
D/WifiHW  (  749): enter -->wifi_ctrl_recv
D/agps    (  268): [agps][n][WIFI] wifi_scanned  count=28 timestamp=518182 num=4
D/NetdConnector(  749): RCV <- {600 Iface linkstate wlan0 up}
D/NetdConnector(  749): RCV <- {600 Iface linkstate wlan0 up}
E/WifiStateMachine(  749):  ConnectedState (when=0 what=147461!SCAN_RESULTS_EVENT 0 0 found=3 known=3 got=3 bcn=0 con=1
E/WifiStateMachine(  749):  L2ConnectedState (when=-1ms what=147461!SCAN_RESULTS_EVENT 0 0 found=3 known=3 got=3 bcn=0 con=1
E/WifiStateMachine(  749):  ConnectModeState (when=-1ms what=147461!SCAN_RESULTS_EVENT 0 0 found=3 known=3 got=3 bcn=0 con=1
D/NetworkManagementService(  749): onEvent:600 Iface linkstate wlan0 up:5
D/Tethering(  749): interfaceLinkStateChanged wlan0, true
D/NetworkManagementService(  749): onEvent:600 Iface linkstate wlan0 up:5
D/Tethering(  749): interfaceStatusChanged wlan0, true
E/WifiStateMachine(  749):  DriverStartedState (when=-2ms what=147461!SCAN_RESULTS_EVENT 0 0 found=3 known=3 got=3 bcn=0 con=1
D/Tethering(  749): interfaceLinkStateChanged wlan0, true
E/WifiStateMachine(  749):  SupplicantStartedState (when=-2ms what=147461!SCAN_RESULTS_EVENT 0 0 found=3 known=3 got=3 bcn=0 con=1
D/Tethering(  749): interfaceStatusChanged wlan0, true
E/WifiStateMachine(  749): [1,476,947,468,356 ms] noteScanEnd no scan source onTime=0
D/WifiHW  (  749): enter -->wifi_send_command cmd=IFNAME=wlan0 BSS RANGE=0- MASK=0x21987
D/wpa_supplicant( 1162): wlan0: Control interface command 'BSS RANGE=0- MASK=0x21987'
D/WifiHW  (  749): leave --> reply=id=4
D/WifiHW  (  749): bssid=00:14:bf:dc:13:4b
D/WifiHW  (  749): freq=2422
D/WifiHW  (  749): level=-46
D/WifiHW  (  749): tsf=0000000687868556
D/WifiHW  (  749): flags=[WPA-PSK-TKIP][WPA2-PSK-TKIP][ESS]
D/WifiHW  (  749): ssid=dhamachakdi
D/WifiHW  (  749): ====
D/WifiHW  (  749): id=5
D/WifiHW  (  749): bssid=54:b8:0a:a6:ca:d8
D/WifiHW  (  749): freq=2432
D/WifiHW  (  749): level=-47
D/WifiHW  (  749): tsf=0000000687007027
D/WifiHW  (  749): flags=[WPA-PSK-CCMP+TKIP][WPA2-PSK-CCMP+TKIP][WPS][ESS]
D/WifiHW  (  749): ssid=yumoveryun
D/WifiHW  (  749): ====
D/WifiHW  (  749): id=6
D/WifiHW  (  749): bssid=54:b8:0a:a6:ca:da
D/WifiHW  (  749): freq=5220
D/WifiHW  (  749): level=-62
D/WifiHW  (  749): tsf=0000000687868576
D/WifiHW  (  749): flags=[WPA-PSK-CCMP+TKIP][WPA2-PSK-CCMP+TKIP][WPS][ESS]
D/WifiHW  (  749): ssid=yumoveryun5
D/WifiHW  (  749): ####
D/WifiNative-wlan0(  749): scan result len: 4096
E/WifiStateMachine(  749): wifi setScanResults statecom.android.server.wifi.WifiStateMachine$ConnectedState@6cff4 sup_state=COMPLETED debouncing=false mConnectionRequests=1 selection=<none>
E/WifiConfigStore(  749): updateSavedNetworkHistory(): try "dhamachakdi"WPA_PSK SSID="dhamachakdi" dhamachakdi [WPA-PSK-TKIP][WPA2-PSK-TKIP][ESS] ajst=0
E/WifiConfigStore(  749):         got known scan result 00:14:bf:dc:13:4b key : "dhamachakdi"WPA_PSK num: 1 rssi=-46 freq=2422
E/WifiConfigStore(  749): updateSavedNetworkHistory(): try "yumoveryun"WPA_PSK SSID="yumoveryun" yumoveryun [WPA-PSK-CCMP+TKIP][WPA2-PSK-CCMP+TKIP][WPS][ESS] ajst=0
E/WifiConfigStore(  749): readNetworkVariablesFromSupplicantFile key=psk
E/WifiConfigStore(  749): readNetworkVariableFromSupplicantFile ssid=["yumoveryun5"] key=psk duration=12022462
E/WifiConfigStore(  749): readNetworkVariablesFromSupplicantFile key=psk
E/WifiConfigStore(  749): readNetworkVariableFromSupplicantFile ssid=["yumoveryun"] key=psk duration=12033077
E/WifiConfigStore(  749): linkConfiguration: will link "yumoveryun5"WPA_PSK and "yumoveryun"WPA_PSK
E/WifiConfigStore(  749):         got known scan result 54:b8:0a:a6:ca:d8 key : "yumoveryun"WPA_PSK num: 1 rssi=-47 freq=2432
E/WifiConfigStore(  749): updateSavedNetworkHistory(): try "yumoveryun5"WPA_PSK SSID="yumoveryun5" yumoveryun5 [WPA-PSK-CCMP+TKIP][WPA2-PSK-CCMP+TKIP][WPS][ESS] ajst=0
E/WifiConfigStore(  749): readNetworkVariablesFromSupplicantFile key=psk
E/WifiConfigStore(  749): readNetworkVariableFromSupplicantFile ssid=["yumoveryun"] key=psk duration=12142307
E/WifiConfigStore(  749): readNetworkVariablesFromSupplicantFile key=psk
E/WifiConfigStore(  749): readNetworkVariableFromSupplicantFile ssid=["yumoveryun5"] key=psk duration=12494077
E/WifiConfigStore(  749): linkConfiguration: will link "yumoveryun"WPA_PSK and "yumoveryun5"WPA_PSK
E/WifiConfigStore(  749):         got known scan result 54:b8:0a:a6:ca:da key : "yumoveryun5"WPA_PSK num: 1 rssi=-62 freq=5220
V/SettingsInterface(  749):  from settings cache , name = network_scorer_app , value = null
D/WifiHW  (  749): enter -->wifi_send_command cmd=IFNAME=wlan0 STATUS-NO_EVENTS
D/wpa_supplicant( 1162): wlan0: Control interface command 'STATUS-NO_EVENTS'
D/WifiHW  (  749): leave --> reply=bssid=54:b8:0a:a6:ca:da
D/WifiHW  (  749): freq=5220
D/WifiHW  (  749): ssid=yumoveryun5
D/WifiHW  (  749): id=6
D/WifiHW  (  749): mode=station
D/WifiHW  (  749): pairwise_cipher=CCMP
D/WifiHW  (  749): group_cipher=TKIP
D/WifiHW  (  749): key_mgmt=WPA2-PSK
D/WifiHW  (  749): wpa_state=COMPLETED
D/WifiHW  (  749): ip_address=192.168.0.185
D/WifiHW  (  749): p2p_device_address=c6:56:fe:cd:31:29
D/WifiHW  (  749): address=c4:56:fe:cd:31:29
D/WifiHW  (  749): uuid=135ea00c-3f11-5472-8dbb-464e2142e905
D/WifiHW  (  749): 
E/WifiAutoJoinController (  749): status: bssid=54:b8:0a:a6:ca:da
E/WifiAutoJoinController (  749): freq=5220
E/WifiAutoJoinController (  749): ssid=yumoveryun5
E/WifiAutoJoinController (  749): id=6
E/WifiAutoJoinController (  749): mode=station
E/WifiAutoJoinController (  749): pairwise_cipher=CCMP
E/WifiAutoJoinController (  749): group_cipher=TKIP
E/WifiAutoJoinController (  749): key_mgmt=WPA2-PSK
E/WifiAutoJoinController (  749): wpa_state=COMPLETED
E/WifiAutoJoinController (  749): ip_address=192.168.0.185
E/WifiAutoJoinController (  749): p2p_device_address=c6:56:fe:cd:31:29
E/WifiAutoJoinController (  749): address=c4:56:fe:cd:31:29
E/WifiAutoJoinController (  749): uuid=135ea00c-3f11-5472-8dbb-464e2142e905
E/WifiAutoJoinController (  749): attemptAutoJoin() num recent config 3 current="yumoveryun5"WPA_PSK ---> suppNetId=6
E/WifiAutoJoinController (  749): attemptAutoJoin networkSwitching candidate "dhamachakdi"WPA_PSK with current "yumoveryun5"WPA_PSK linked=false : delta=-24  -> not switching
E/WifiAutoJoinController (  749): Done attemptAutoJoin status=0
E/WifiConfigStore(  749):  writeKnownNetworkHistory() num networks:7 needWrite=false
V/ActivityManager(  749): Broadcast: Intent { act=android.net.wifi.SCAN_RESULTS flg=0x4000010 (has extras) } ordered=false userid=-1 callerApp=ProcessRecord{354b0b68 749:system/1000}
I/WifiNotificationController(  749): checkAndSetNotification, state:CONNECTED
I/libPerfService(  749): perfSetFavorPid - pid:6581, 19b5
D/ActivityManager(  749): getContentProviderImpl: from caller=android.app.ApplicationThreadProxy@a681343 (pid=4730, userId=0) to get content provider com.google.android.gsf.gservices cpr=ContentProviderRecord{3d038cb0 u0 com.google.android.gsf/.gservices.GservicesProvider}
I/libPerfService(  749): perfSetFavorPid - pid:6581, 19b5
D/ActivityThread( 4730): hoder:android.app.IActivityManager$ContentProviderHolder@f694e84,provider,holder.Provider:android.content.ContentProviderProxy@23dad66d
I/libPerfService(  749): perfSetFavorPid - pid:6581, 19b5
