E/WifiTrafficPoller(  749):  packet count Tx=870 Rx=851
D/AUTOKD  ( 6621): AUTOKD Start
D/AUTOKD  ( 6621): Can't open /sys/autok/ss_corner
F/libc    ( 6621): Fatal signal 11 (SIGSEGV), code 1, fault addr 0x0 in tid 6621 (autokd)
D/AEE/AED (  256): $===AEE===AEE===AEE===$
D/AEE/AED (  256): p 0 poll events 1 revents 0
D/AEE/AED (  256): not know revents:0
D/AEE/AED (  256): p 1 poll events 1 revents 0
D/AEE/AED (  256): not know revents:0
D/AEE/AED (  256): p 2 poll events 1 revents 1
D/AEE/AED (  256): aed_main_fork_worker: generator 0x7f9581a0e0, worker 0x7fe5b56870, recv_fd 14
D/AEE/AED (  256): p 3 poll events 1 revents 0
D/AEE/AED (  256): not know revents:0
I/AEE/AED ( 6623): handle_request(14)
I/AEE/AED ( 6623): check process 6621 name:autokd
I/AEE/AED ( 6623): tid 6621 abort msg address is:0x0000000000000000 si_code is:1 (request from 6621:1000)
I/AEE/AED ( 6623): BOOM: pid=6621 uid=1000 gid=1000 tid=6621
I/AEE/AED ( 6623): [OnPurpose Redunant in void preset_info(aed_report_record*, int, int)] pid: 6621, tid: 6621, name: autokd  >>> /system/bin/autokd <<<
E/AEE/AED ( 6605): timed out waiting for tid=6590 to stop
W/libbacktrace( 6605): virtual bool BacktracePtrace::ReadWord(uintptr_t, word_t*): invalid pointer 0xf4149cb0 reading from tid 6590, ptrace() strerror(errno)=No such process
W/libbacktrace( 6605): virtual bool BacktracePtrace::ReadWord(uintptr_t, word_t*): invalid pointer 0xf4149cf0 reading from tid 6590, ptrace() strerror(errno)=No such process
W/libbacktrace( 6605): virtual bool BacktracePtrace::ReadWord(uintptr_t, word_t*): invalid pointer 0xf4149d00 reading from tid 6590, ptrace() strerror(errno)=No such process
W/libbacktrace( 6605): virtual bool BacktracePtrace::ReadWord(uintptr_t, word_t*): invalid pointer 0xf4149d48 reading from tid 6590, ptrace() strerror(errno)=No such process
W/libbacktrace( 6605): virtual bool BacktracePtrace::ReadWord(uintptr_t, word_t*): invalid pointer 0xf4149d68 reading from tid 6590, ptrace() strerror(errno)=No such process
W/libbacktrace( 6605): virtual bool BacktracePtrace::ReadWord(uintptr_t, word_t*): invalid pointer 0xf4149d78 reading from tid 6590, ptrace() strerror(errno)=No such process
W/libbacktrace( 6605): virtual bool BacktracePtrace::ReadWord(uintptr_t, word_t*): invalid pointer 0xf4149d98 reading from tid 6590, ptrace() strerror(errno)=No such process
W/libbacktrace( 6605): virtual bool BacktracePtrace::ReadWord(uintptr_t, word_t*): invalid pointer 0xf4149da8 reading from tid 6590, ptrace() strerror(errno)=No such process
I/AEE/AED ( 6623): *** *** *** *** *** *** *** *** *** *** *** *** *** *** *** ***
W/NativeCrashListener(  749): Couldn't find ProcessRecord for pid 6621
I/AEE/AED ( 6623): Build fingerprint: 'alps/full_lava35_sp31_lte/lava35_sp31_lte:5.1/LMY47D/1455694155:user/dev-keys'
I/AEE/AED ( 6623): Revision: '0'
I/AEE/AED ( 6623): ABI: 'arm64'
I/AEE/AED ( 6623): pid: 6621, tid: 6621, name: autokd  >>> /system/bin/autokd <<<
I/AEE/AED ( 6623): signal 11 (SIGSEGV), code 1 (SEGV_MAPERR), fault addr 0x0
I/AEE/AED ( 6623):     x0   0000000000000000  x1   0000000000000000  x2   6aac521b5f8e3ba5  x3   0000000000000000
E/AEE/AED ( 6623): AM write failure (32 / Broken pipe)
I/AEE/AED ( 6623):     x4   ffffffffffffffff  x5   0000007fc2ecd8c0  x6   0000007fc2ecd8d0  x7   0000000000000000
I/AEE/AED ( 6623):     x8   0000007fc2ecd848  x9   0000007fc2ecd858  x10  7f7f7f7f7f7f7f7f  x11  0101010101010101
I/AEE/AED ( 6623):     x12  0000000000004000  x13  0000007fc2ecd900  x14  0000000000000004  x15  0000007fc2ecd910
I/AEE/AED ( 6623):     x16  0000007f80897c30  x17  0000007f807ee6a4  x18  0000007f8089d730  x19  0000007fc2ecd7b0
I/AEE/AED ( 6623):     x20  0000007f8089d730  x21  0000007fc2ecda28  x22  000000555bc20810  x23  0000000000000000
I/AEE/AED ( 6623):     x24  0000000000000000  x25  0000000000000000  x26  0000000000000000  x27  0000000000000000
I/AEE/AED ( 6623):     x28  0000000000000000  x29  0000007fc2ecd740  x30  0000007f8082a07c
I/AEE/AED ( 6623):     sp   0000007fc2ecd740  pc   0000007f807ee6b4  pstate 0000000040000000
I/AEE/AED ( 6623): 
I/AEE/AED ( 6623): backtrace:
I/AEE/AED ( 6623):     #00 pc 000000000001a6b4  /system/lib64/libc.so (strlen+16)
I/AEE/AED ( 6623):     #01 pc 0000000000056078  /system/lib64/libc.so (sscanf+184)
I/AEE/AED ( 6623):     #02 pc 000000000000278c  /system/bin/autokd
I/AEE/AED ( 6623):     #03 pc 0000000000001868  /system/bin/autokd (main+88)
I/AEE/AED ( 6623):     #04 pc 00000000000196cc  /system/lib64/libc.so (__libc_init+96)
I/AEE/AED ( 6623):     #05 pc 00000000000018f4  /system/bin/autokd
I/AEE/AED ( 6623): 
I/AEE/AED ( 6623): Tombstone written to: /data/tombstones/tombstone_07
I/BootReceiver(  749): Copying /data/tombstones/tombstone_07 to DropBox (SYSTEM_TOMBSTONE)
V/AEE/AED ( 6623): dashboard_record_update() : rec->module = /system/bin/autokd 
D/AEE/AED ( 6623): Skip duplicated exception ! 
D/AEE/AED ( 6623): Exception Class: 3 
D/AEE/AED ( 6623): Module: /system/bin/autokd 
D/AEE/AED ( 6623): Count: 104 
D/AEE/AED ( 6623): Last exception time: 1476947472 
D/AEE/AED ( 6623):  
V/AEE/AED ( 6623): aed_ne_session() - skipped 
V/SettingsInterface(  749):  from settings cache , name = dropbox:SYSTEM_TOMBSTONE , value = null
D/AEE/AED (  256): $===AEE===AEE===AEE===$
D/AEE/AED (  256): p 0 poll events 1 revents 0
D/AEE/AED (  256): not know revents:0
D/AEE/AED (  256): p 1 poll events 1 revents 0
D/AEE/AED (  256): not know revents:0
D/AEE/AED (  256): p 2 poll events 1 revents 0
D/AEE/AED (  256): not know revents:0
D/AEE/AED (  256): p 3 poll events 1 revents 0
D/AEE/AED (  256): not know revents:0
V/SettingsInterface(  749):  from settings cache , name = dropbox:SYSTEM_TOMBSTONE , value = null
V/SettingsInterface(  749):  from settings cache , name = dropbox_age_seconds , value = null
V/SettingsInterface(  749):  from settings cache , name = dropbox_max_files , value = null
V/SettingsInterface(  749):  from settings cache , name = dropbox_quota_percent , value = null
V/SettingsInterface(  749):  from settings cache , name = dropbox_reserve_percent , value = null
V/SettingsInterface(  749):  from settings cache , name = dropbox_quota_kb , value = null
E/AEE/AED ( 6605): timed out waiting for tid=6591 to stop
W/libbacktrace( 6605): virtual bool BacktracePtrace::ReadWord(uintptr_t, word_t*): invalid pointer 0xf4049c40 reading from tid 6591, ptrace() strerror(errno)=No such process
W/libbacktrace( 6605): virtual bool BacktracePtrace::ReadWord(uintptr_t, word_t*): invalid pointer 0xf4049c80 reading from tid 6591, ptrace() strerror(errno)=No such process
W/libbacktrace( 6605): virtual bool BacktracePtrace::ReadWord(uintptr_t, word_t*): invalid pointer 0xf4049c80 reading from tid 6591, ptrace() strerror(errno)=No such process
W/libbacktrace( 6605): virtual bool BacktracePtrace::ReadWord(uintptr_t, word_t*): invalid pointer 0xf4049c98 reading from tid 6591, ptrace() strerror(errno)=No such process
W/libbacktrace( 6605): virtual bool BacktracePtrace::ReadWord(uintptr_t, word_t*): invalid pointer 0xf4049d40 reading from tid 6591, ptrace() strerror(errno)=No such process
W/libbacktrace( 6605): virtual bool BacktracePtrace::ReadWord(uintptr_t, word_t*): invalid pointer 0xf4049d98 reading from tid 6591, ptrace() strerror(errno)=No such process
W/libbacktrace( 6605): virtual bool BacktracePtrace::ReadWord(uintptr_t, word_t*): invalid pointer 0xf4049da8 reading from tid 6591, ptrace() strerror(errno)=No such process
V/ActivityManager(  749): Broadcast: Intent { act=android.intent.action.DROPBOX_ENTRY_ADDED flg=0x10 (has extras) } ordered=false userid=0 callerApp=ProcessRecord{354b0b68 749:system/1000}
I/libPerfService(  749): perfSetFavorPid - pid:6581, 19b5
D/ActivityThread( 1571): BDC-Calling onReceive: intent=Intent { act=android.intent.action.DROPBOX_ENTRY_ADDED flg=0x10 cmp=com.google.android.gms/.stats.service.DropBoxEntryAddedReceiver (has extras) }, receiver=com.google.android.gms.stats.service.DropBoxEntryAddedReceiver@2e4f4c9d
I/libPerfService(  749): perfSetFavorPid - pid:6581, 19b5
D/ActivityThread( 1571): BDC-RECEIVER handled : 0 / ReceiverData{intent=Intent { act=android.intent.action.DROPBOX_ENTRY_ADDED flg=0x10 cmp=com.google.android.gms/.stats.service.DropBoxEntryAddedReceiver (has extras) } packageName=com.google.android.gms resultCode=-1 resultData=null resultExtras=null}
D/ActivityThread( 1571): SVC-Creating service: CreateServiceData{token=android.os.BinderProxy@3f89a512 className=com.google.android.gms.stats.service.DropBoxEntryAddedService packageName=com.google.android.gms intent=null}
I/libPerfService(  749): perfSetFavorPid - pid:6581, 19b5
I/libPerfService(  749): perfSetFavorPid - pid:6581, 19b5
D/ActivityThread( 1571): SVC-CREATE_SERVICE handled : 0 / CreateServiceData{token=android.os.BinderProxy@3f89a512 className=com.google.android.gms.stats.service.DropBoxEntryAddedService packageName=com.google.android.gms intent=null}
D/ActivityThread( 1571): SVC-Calling onStartCommand: com.google.android.gms.stats.service.DropBoxEntryAddedService@3bd2f4e3, flags=0, startId=1
D/ActivityThread( 1571): SVC-SERVICE_ARGS handled : 0 / ServiceArgsData{token=android.os.BinderProxy@3f89a512 startId=1 args=Intent { act=com.google.android.gms.stats.ACTION_UPLOAD_DROPBOX_ENTRIES pkg=com.google.android.gms }}
D/DropBoxEntryAddedChimeraService( 1571): User is not opted-in to Usage & Diagnostics.
D/ActivityThread( 1571): SVC-Destroying service: com.google.android.gms.stats.service.DropBoxEntryAddedService@3bd2f4e3
D/ActivityThread( 1571): SVC-STOP_SERVICE handled : 0 / android.os.BinderProxy@3f89a512
I/libPerfService(  749): perfSetFavorPid - pid:6581, 19b5
E/AEE/AED ( 6605): timed out waiting for tid=6592 to stop
W/libbacktrace( 6605): virtual bool BacktracePtrace::ReadWord(uintptr_t, word_t*): invalid pointer 0xf3f47728 reading from tid 6592, ptrace() strerror(errno)=No such process
W/libbacktrace( 6605): virtual bool BacktracePtrace::ReadWord(uintptr_t, word_t*): invalid pointer 0xf3f47768 reading from tid 6592, ptrace() strerror(errno)=No such process
W/libbacktrace( 6605): virtual bool BacktracePtrace::ReadWord(uintptr_t, word_t*): invalid pointer 0xf3f47768 reading from tid 6592, ptrace() strerror(errno)=No such process
W/libbacktrace( 6605): virtual bool BacktracePtrace::ReadWord(uintptr_t, word_t*): invalid pointer 0xf3f477d0 reading from tid 6592, ptrace() strerror(errno)=No such process
W/libbacktrace( 6605): virtual bool BacktracePtrace::ReadWord(uintptr_t, word_t*): invalid pointer 0xf3f47850 reading from tid 6592, ptrace() strerror(errno)=No such process
W/libbacktrace( 6605): virtual bool BacktracePtrace::ReadWord(uintptr_t, word_t*): invalid pointer 0xf3f47d78 reading from tid 6592, ptrace() strerror(errno)=No such process
W/libbacktrace( 6605): virtual bool BacktracePtrace::ReadWord(uintptr_t, word_t*): invalid pointer 0xf3f47d98 reading from tid 6592, ptrace() strerror(errno)=No such process
W/libbacktrace( 6605): virtual bool BacktracePtrace::ReadWord(uintptr_t, word_t*): invalid pointer 0xf3f47da8 reading from tid 6592, ptrace() strerror(errno)=No such process
E/AEE/AED ( 6605): timed out waiting for tid=6593 to stop
W/libbacktrace( 6605): virtual bool BacktracePtrace::ReadWord(uintptr_t, word_t*): invalid pointer 0xf3e45948 reading from tid 6593, ptrace() strerror(errno)=No such process
W/libbacktrace( 6605): virtual bool BacktracePtrace::ReadWord(uintptr_t, word_t*): invalid pointer 0xf3e45988 reading from tid 6593, ptrace() strerror(errno)=No such process
W/libbacktrace( 6605): virtual bool BacktracePtrace::ReadWord(uintptr_t, word_t*): invalid pointer 0xf3e45998 reading from tid 6593, ptrace() strerror(errno)=No such process
W/libbacktrace( 6605): virtual bool BacktracePtrace::ReadWord(uintptr_t, word_t*): invalid pointer 0xf3e459e0 reading from tid 6593, ptrace() strerror(errno)=No such process
W/libbacktrace( 6605): virtual bool BacktracePtrace::ReadWord(uintptr_t, word_t*): invalid pointer 0xf3e45a98 reading from tid 6593, ptrace() strerror(errno)=No such process
W/libbacktrace( 6605): virtual bool BacktracePtrace::ReadWord(uintptr_t, word_t*): invalid pointer 0xf3e45ad8 reading from tid 6593, ptrace() strerror(errno)=No such process
W/libbacktrace( 6605): virtual bool BacktracePtrace::ReadWord(uintptr_t, word_t*): invalid pointer 0xf3e45af0 reading from tid 6593, ptrace() strerror(errno)=No such process
E/AEE/AED ( 6605): timed out waiting for tid=6594 to stop
W/libbacktrace( 6605): virtual bool BacktracePtrace::ReadWord(uintptr_t, word_t*): invalid pointer 0xefbff868 reading from tid 6594, ptrace() strerror(errno)=No such process
W/libbacktrace( 6605): virtual bool BacktracePtrace::ReadWord(uintptr_t, word_t*): invalid pointer 0xefbff8a8 reading from tid 6594, ptrace() strerror(errno)=No such process
W/libbacktrace( 6605): virtual bool BacktracePtrace::ReadWord(uintptr_t, word_t*): invalid pointer 0xefbff8b8 reading from tid 6594, ptrace() strerror(errno)=No such process
W/libbacktrace( 6605): virtual bool BacktracePtrace::ReadWord(uintptr_t, word_t*): invalid pointer 0xefbff900 reading from tid 6594, ptrace() strerror(errno)=No such process
W/libbacktrace( 6605): virtual bool BacktracePtrace::ReadWord(uintptr_t, word_t*): invalid pointer 0xefbff9b8 reading from tid 6594, ptrace() strerror(errno)=No such process
W/libbacktrace( 6605): virtual bool BacktracePtrace::ReadWord(uintptr_t, word_t*): invalid pointer 0xefbff9f8 reading from tid 6594, ptrace() strerror(errno)=No such process
W/libbacktrace( 6605): virtual bool BacktracePtrace::ReadWord(uintptr_t, word_t*): invalid pointer 0xefbffa20 reading from tid 6594, ptrace() strerror(errno)=No such process
E/AEE/AED ( 6605): timed out waiting for tid=6595 to stop
W/libbacktrace( 6605): virtual bool BacktracePtrace::ReadWord(uintptr_t, word_t*): invalid pointer 0xe45f97e0 reading from tid 6595, ptrace() strerror(errno)=No such process
W/libbacktrace( 6605): virtual bool BacktracePtrace::ReadWord(uintptr_t, word_t*): invalid pointer 0xe45f9820 reading from tid 6595, ptrace() strerror(errno)=No such process
W/libbacktrace( 6605): virtual bool BacktracePtrace::ReadWord(uintptr_t, word_t*): invalid pointer 0xe45f9830 reading from tid 6595, ptrace() strerror(errno)=No such process
W/libbacktrace( 6605): virtual bool BacktracePtrace::ReadWord(uintptr_t, word_t*): invalid pointer 0xe45f9878 reading from tid 6595, ptrace() strerror(errno)=No such process
W/libbacktrace( 6605): virtual bool BacktracePtrace::ReadWord(uintptr_t, word_t*): invalid pointer 0xe45f9930 reading from tid 6595, ptrace() strerror(errno)=No such process
W/libbacktrace( 6605): virtual bool BacktracePtrace::ReadWord(uintptr_t, word_t*): invalid pointer 0xe45f9970 reading from tid 6595, ptrace() strerror(errno)=No such process
E/AEE/AED ( 6605): timed out waiting for tid=6596 to stop
W/libbacktrace( 6605): virtual bool BacktracePtrace::ReadWord(uintptr_t, word_t*): invalid pointer 0xe44f59f8 reading from tid 6596, ptrace() strerror(errno)=No such process
W/libbacktrace( 6605): virtual bool BacktracePtrace::ReadWord(uintptr_t, word_t*): invalid pointer 0xe44f5a38 reading from tid 6596, ptrace() strerror(errno)=No such process
W/libbacktrace( 6605): virtual bool BacktracePtrace::ReadWord(uintptr_t, word_t*): invalid pointer 0xe44f5a38 reading from tid 6596, ptrace() strerror(errno)=No such process
W/libbacktrace( 6605): virtual bool BacktracePtrace::ReadWord(uintptr_t, word_t*): invalid pointer 0xe44f5a48 reading from tid 6596, ptrace() strerror(errno)=No such process
W/libbacktrace( 6605): virtual bool BacktracePtrace::ReadWord(uintptr_t, word_t*): invalid pointer 0xe44f5b10 reading from tid 6596, ptrace() strerror(errno)=No such process
E/AEE/AED ( 6605): timed out waiting for tid=6597 to stop
W/libbacktrace( 6605): virtual bool BacktracePtrace::ReadWord(uintptr_t, word_t*): invalid pointer 0xe43f1968 reading from tid 6597, ptrace() strerror(errno)=No such process
W/libbacktrace( 6605): virtual bool BacktracePtrace::ReadWord(uintptr_t, word_t*): invalid pointer 0xe43f19a8 reading from tid 6597, ptrace() strerror(errno)=No such process
W/libbacktrace( 6605): virtual bool BacktracePtrace::ReadWord(uintptr_t, word_t*): invalid pointer 0xe43f19b8 reading from tid 6597, ptrace() strerror(errno)=No such process
W/libbacktrace( 6605): virtual bool BacktracePtrace::ReadWord(uintptr_t, word_t*): invalid pointer 0xe43f1a00 reading from tid 6597, ptrace() strerror(errno)=No such process
W/libbacktrace( 6605): virtual bool BacktracePtrace::ReadWord(uintptr_t, word_t*): invalid pointer 0xe43f1ab8 reading from tid 6597, ptrace() strerror(errno)=No such process
W/libbacktrace( 6605): virtual bool BacktracePtrace::ReadWord(uintptr_t, word_t*): invalid pointer 0xe43f1af8 reading from tid 6597, ptrace() strerror(errno)=No such process
W/libbacktrace( 6605): virtual bool BacktracePtrace::ReadWord(uintptr_t, word_t*): invalid pointer 0xe43f1b10 reading from tid 6597, ptrace() strerror(errno)=No such process
E/AEE/AED ( 6605): timed out waiting for tid=6598 to stop
W/libbacktrace( 6605): virtual bool BacktracePtrace::ReadWord(uintptr_t, word_t*): invalid pointer 0xe41efc60 reading from tid 6598, ptrace() strerror(errno)=No such process
W/libbacktrace( 6605): virtual bool BacktracePtrace::ReadWord(uintptr_t, word_t*): invalid pointer 0xe41efca0 reading from tid 6598, ptrace() strerror(errno)=No such process
W/libbacktrace( 6605): virtual bool BacktracePtrace::ReadWord(uintptr_t, word_t*): invalid pointer 0xe41efca0 reading from tid 6598, ptrace() strerror(errno)=No such process
W/libbacktrace( 6605): virtual bool BacktracePtrace::ReadWord(uintptr_t, word_t*): invalid pointer 0xe41efcb8 reading from tid 6598, ptrace() strerror(errno)=No such process
W/libbacktrace( 6605): virtual bool BacktracePtrace::ReadWord(uintptr_t, word_t*): invalid pointer 0xe41efd00 reading from tid 6598, ptrace() strerror(errno)=No such process
W/libbacktrace( 6605): virtual bool BacktracePtrace::ReadWord(uintptr_t, word_t*): invalid pointer 0xe41efd10 reading from tid 6598, ptrace() strerror(errno)=No such process
W/libbacktrace( 6605): virtual bool BacktracePtrace::ReadWord(uintptr_t, word_t*): invalid pointer 0xe41efd28 reading from tid 6598, ptrace() strerror(errno)=No such process
W/libbacktrace( 6605): virtual bool BacktracePtrace::ReadWord(uintptr_t, word_t*): invalid pointer 0xe41efd30 reading from tid 6598, ptrace() strerror(errno)=No such process
W/libbacktrace( 6605): virtual bool BacktracePtrace::ReadWord(uintptr_t, word_t*): invalid pointer 0xe41efd58 reading from tid 6598, ptrace() strerror(errno)=No such process
W/libbacktrace( 6605): virtual bool BacktracePtrace::ReadWord(uintptr_t, word_t*): invalid pointer 0xe41efd80 reading from tid 6598, ptrace() strerror(errno)=No such process
W/libbacktrace( 6605): virtual bool BacktracePtrace::ReadWord(uintptr_t, word_t*): invalid pointer 0xe41efd98 reading from tid 6598, ptrace() strerror(errno)=No such process
W/libbacktrace( 6605): virtual bool BacktracePtrace::ReadWord(uintptr_t, word_t*): invalid pointer 0xe41efda8 reading from tid 6598, ptrace() strerror(errno)=No such process
E/AEE/AED ( 6605): timed out waiting for tid=6599 to stop
W/libbacktrace( 6605): virtual bool BacktracePtrace::ReadWord(uintptr_t, word_t*): invalid pointer 0xe40f1c60 reading from tid 6599, ptrace() strerror(errno)=No such process
W/libbacktrace( 6605): virtual bool BacktracePtrace::ReadWord(uintptr_t, word_t*): invalid pointer 0xe40f1ca0 reading from tid 6599, ptrace() strerror(errno)=No such process
W/libbacktrace( 6605): virtual bool BacktracePtrace::ReadWord(uintptr_t, word_t*): invalid pointer 0xe40f1ca0 reading from tid 6599, ptrace() strerror(errno)=No such process
W/libbacktrace( 6605): virtual bool BacktracePtrace::ReadWord(uintptr_t, word_t*): invalid pointer 0xe40f1cb8 reading from tid 6599, ptrace() strerror(errno)=No such process
W/libbacktrace( 6605): virtual bool BacktracePtrace::ReadWord(uintptr_t, word_t*): invalid pointer 0xe40f1d00 reading from tid 6599, ptrace() strerror(errno)=No such process
W/libbacktrace( 6605): virtual bool BacktracePtrace::ReadWord(uintptr_t, word_t*): invalid pointer 0xe40f1d10 reading from tid 6599, ptrace() strerror(errno)=No such process
W/libbacktrace( 6605): virtual bool BacktracePtrace::ReadWord(uintptr_t, word_t*): invalid pointer 0xe40f1d28 reading from tid 6599, ptrace() strerror(errno)=No such process
W/libbacktrace( 6605): virtual bool BacktracePtrace::ReadWord(uintptr_t, word_t*): invalid pointer 0xe40f1d30 reading from tid 6599, ptrace() strerror(errno)=No such process
W/libbacktrace( 6605): virtual bool BacktracePtrace::ReadWord(uintptr_t, word_t*): invalid pointer 0xe40f1d58 reading from tid 6599, ptrace() strerror(errno)=No such process
W/libbacktrace( 6605): virtual bool BacktracePtrace::ReadWord(uintptr_t, word_t*): invalid pointer 0xe40f1d80 reading from tid 6599, ptrace() strerror(errno)=No such process
W/libbacktrace( 6605): virtual bool BacktracePtrace::ReadWord(uintptr_t, word_t*): invalid pointer 0xe40f1d98 reading from tid 6599, ptrace() strerror(errno)=No such process
W/libbacktrace( 6605): virtual bool BacktracePtrace::ReadWord(uintptr_t, word_t*): invalid pointer 0xe40f1da8 reading from tid 6599, ptrace() strerror(errno)=No such process
E/AEE/AED ( 6605): timed out waiting for tid=6600 to stop
W/libbacktrace( 6605): virtual bool BacktracePtrace::ReadWord(uintptr_t, word_t*): invalid pointer 0xe31d7940 reading from tid 6600, ptrace() strerror(errno)=No such process
W/libbacktrace( 6605): virtual bool BacktracePtrace::ReadWord(uintptr_t, word_t*): invalid pointer 0xe31d7980 reading from tid 6600, ptrace() strerror(errno)=No such process
W/libbacktrace( 6605): virtual bool BacktracePtrace::ReadWord(uintptr_t, word_t*): invalid pointer 0xe31d7980 reading from tid 6600, ptrace() strerror(errno)=No such process
W/libbacktrace( 6605): virtual bool BacktracePtrace::ReadWord(uintptr_t, word_t*): invalid pointer 0xe31d79b0 reading from tid 6600, ptrace() strerror(errno)=No such process
W/libbacktrace( 6605): virtual bool BacktracePtrace::ReadWord(uintptr_t, word_t*): invalid pointer 0xe31d79b8 reading from tid 6600, ptrace() strerror(errno)=No such process
W/libbacktrace( 6605): virtual bool BacktracePtrace::ReadWord(uintptr_t, word_t*): invalid pointer 0xe31d7a50 reading from tid 6600, ptrace() strerror(errno)=No such process
E/AEE/AED ( 6605): timed out waiting for tid=6601 to stop
W/libbacktrace( 6605): virtual bool BacktracePtrace::ReadWord(uintptr_t, word_t*): invalid pointer 0xe30a0a68 reading from tid 6601, ptrace() strerror(errno)=No such process
W/libbacktrace( 6605): virtual bool BacktracePtrace::ReadWord(uintptr_t, word_t*): invalid pointer 0xe30a0aa8 reading from tid 6601, ptrace() strerror(errno)=No such process
W/libbacktrace( 6605): virtual bool BacktracePtrace::ReadWord(uintptr_t, word_t*): invalid pointer 0xe30a0ab8 reading from tid 6601, ptrace() strerror(errno)=No such process
W/libbacktrace( 6605): virtual bool BacktracePtrace::ReadWord(uintptr_t, word_t*): invalid pointer 0xe30a0ae8 reading from tid 6601, ptrace() strerror(errno)=No such process
W/libbacktrace( 6605): virtual bool BacktracePtrace::ReadWord(uintptr_t, word_t*): invalid pointer 0xe30a0c18 reading from tid 6601, ptrace() strerror(errno)=No such process
W/libbacktrace( 6605): virtual bool BacktracePtrace::ReadWord(uintptr_t, word_t*): invalid pointer 0xe30a0c30 reading from tid 6601, ptrace() strerror(errno)=No such process
W/libbacktrace( 6605): virtual bool BacktracePtrace::ReadWord(uintptr_t, word_t*): invalid pointer 0xe30a0c50 reading from tid 6601, ptrace() strerror(errno)=No such process
W/libbacktrace( 6605): virtual bool BacktracePtrace::ReadWord(uintptr_t, word_t*): invalid pointer 0xe30a0d48 reading from tid 6601, ptrace() strerror(errno)=No such process
W/libbacktrace( 6605): virtual bool BacktracePtrace::ReadWord(uintptr_t, word_t*): invalid pointer 0xe30a0d90 reading from tid 6601, ptrace() strerror(errno)=No such process
W/libbacktrace( 6605): virtual bool BacktracePtrace::ReadWord(uintptr_t, word_t*): invalid pointer 0xe30a0d98 reading from tid 6601, ptrace() strerror(errno)=No such process
W/libbacktrace( 6605): virtual bool BacktracePtrace::ReadWord(uintptr_t, word_t*): invalid pointer 0xe30a0da8 reading from tid 6601, ptrace() strerror(errno)=No such process
I/thermal_repeater(  277): oh, queryMdThermalInfo (0)Bad file number
I/thermal_repeater(  277): [recvMdThermalInfo] ret=30, strLen=127,  2, 32767, -127, -1, 32767, 18
E/AEE/AED ( 6605): timed out waiting for tid=6603 to stop
W/libbacktrace( 6605): virtual bool BacktracePtrace::ReadWord(uintptr_t, word_t*): invalid pointer 0xe2bffb10 reading from tid 6603, ptrace() strerror(errno)=No such process
W/libbacktrace( 6605): virtual bool BacktracePtrace::ReadWord(uintptr_t, word_t*): invalid pointer 0xe2bffb50 reading from tid 6603, ptrace() strerror(errno)=No such process
W/libbacktrace( 6605): virtual bool BacktracePtrace::ReadWord(uintptr_t, word_t*): invalid pointer 0xe2bffb60 reading from tid 6603, ptrace() strerror(errno)=No such process
W/libbacktrace( 6605): virtual bool BacktracePtrace::ReadWord(uintptr_t, word_t*): invalid pointer 0xe2bffb80 reading from tid 6603, ptrace() strerror(errno)=No such process
W/libbacktrace( 6605): virtual bool BacktracePtrace::ReadWord(uintptr_t, word_t*): invalid pointer 0xe2bffb90 reading from tid 6603, ptrace() strerror(errno)=No such process
W/libbacktrace( 6605): virtual bool BacktracePtrace::ReadWord(uintptr_t, word_t*): invalid pointer 0xe2bffcd8 reading from tid 6603, ptrace() strerror(errno)=No such process
W/libbacktrace( 6605): virtual bool BacktracePtrace::ReadWord(uintptr_t, word_t*): invalid pointer 0xe2bffcf8 reading from tid 6603, ptrace() strerror(errno)=No such process
W/libbacktrace( 6605): virtual bool BacktracePtrace::ReadWord(uintptr_t, word_t*): invalid pointer 0xe2bffd30 reading from tid 6603, ptrace() strerror(errno)=No such process
W/libbacktrace( 6605): virtual bool BacktracePtrace::ReadWord(uintptr_t, word_t*): invalid pointer 0xe2bffd58 reading from tid 6603, ptrace() strerror(errno)=No such process
W/libbacktrace( 6605): virtual bool BacktracePtrace::ReadWord(uintptr_t, word_t*): invalid pointer 0xe2bffd80 reading from tid 6603, ptrace() strerror(errno)=No such process
W/libbacktrace( 6605): virtual bool BacktracePtrace::ReadWord(uintptr_t, word_t*): invalid pointer 0xe2bffd98 reading from tid 6603, ptrace() strerror(errno)=No such process
W/libbacktrace( 6605): virtual bool BacktracePtrace::ReadWord(uintptr_t, word_t*): invalid pointer 0xe2bffda8 reading from tid 6603, ptrace() strerror(errno)=No such process
I/AEE/AED ( 6605): 
I/AEE/AED ( 6605): Tombstone written to: /data/tombstones/tombstone_01
V/AEE/AED ( 6605): dashboard_record_update() : rec->module = com.mesibo.messagingapp 
D/AEE/AED ( 6605): Skip duplicated exception ! 
D/AEE/AED ( 6605): Exception Class: 3 
D/AEE/AED ( 6605): Module: com.mesibo.messagingapp 
I/BootReceiver(  749): Copying /data/tombstones/tombstone_01 to DropBox (SYSTEM_TOMBSTONE)
D/AEE/AED ( 6605): Count: 9 
D/AEE/AED ( 6605): Last exception time: 1476947442 
D/AEE/AED ( 6605):  
V/AEE/AED ( 6605): aed_ne_session() - skipped 
V/SettingsInterface(  749):  from settings cache , name = dropbox:SYSTEM_TOMBSTONE , value = null
D/AEE/AED (  255): $===AEE===AEE===AEE===$
D/AEE/AED (  255): p 0 poll events 1 revents 0
D/AEE/AED (  255): not know revents:0
D/AEE/AED (  255): p 1 poll events 1 revents 0
D/AEE/AED (  255): not know revents:0
D/AEE/AED (  255): p 2 poll events 1 revents 0
D/AEE/AED (  255): not know revents:0
D/AEE/AED (  255): p 3 poll events 1 revents 0
D/AEE/AED (  255): not know revents:0
D/AEE/AED (  255): p 4 poll events 1 revents 0
D/AEE/AED (  255): not know revents:0
D/AEE/AED (  255): p 5 poll events 0 revents 0
D/AEE/AED (  255): not know revents:0
V/SettingsInterface(  749):  from settings cache , name = dropbox:SYSTEM_TOMBSTONE , value = null
V/SettingsInterface(  749):  from settings cache , name = dropbox_age_seconds , value = null
V/SettingsInterface(  749):  from settings cache , name = dropbox_max_files , value = null
I/SurfaceFlinger(  226): EventThread Client Pid (6581) disconnected by (226)
D/DisplayManagerService(  749): Display listener for pid 6581 died.
I/SurfaceFlinger(  226): EventThread Client Pid (6581) disconnected by (226)
W/InputDispatcher(  749): channel '129fca30 com.mesibo.messagingapp/com.mesibo.messagingapp.MainActivity (server)' ~ Consumer closed input channel or an error occurred.  events=0x9
E/InputDispatcher(  749): channel '129fca30 com.mesibo.messagingapp/com.mesibo.messagingapp.MainActivity (server)' ~ Channel is unrecoverably broken and will be disposed!
W/InputDispatcher(  749): channel '1eeab4de com.mesibo.messagingapp/com.mesibo.messaging.MesiboActivity (server)' ~ Consumer closed input channel or an error occurred.  events=0x9
E/InputDispatcher(  749): channel '1eeab4de com.mesibo.messagingapp/com.mesibo.messaging.MesiboActivity (server)' ~ Channel is unrecoverably broken and will be disposed!
I/Zygote  (  284): Process 6581 exited due to signal (11)
W/ADB_SERVICES(  459): terminating JDWP 6581 connection: Try again
D/ADB_SERVICES(  459): remove pid 6581 to jdwp process list
I/WindowState(  749): WIN DEATH: Window{129fca30 u0 com.mesibo.messagingapp/com.mesibo.messagingapp.MainActivity}
W/InputDispatcher(  749): Attempted to unregister already unregistered input channel '129fca30 com.mesibo.messagingapp/com.mesibo.messagingapp.MainActivity (server)'
I/ActivityManager(  749): Process com.mesibo.messagingapp (pid 6581) has died
D/FeatureProxyBase(  749): FeatureProxyBase class constructor
D/ActivityManager(  749): SVC-handleAppDiedLocked: app = ProcessRecord{fd67f82 6581:com.mesibo.messagingapp/u0a108}, app.pid = 6581
D/MultiWindow(  749): MultiWindowProxy constructor.
D/ActivityManager(  749): SVC-mBroadcastQueues: com.android.server.am.BroadcastQueue@2f1ba24a
D/FeatureProxyBase(  749): getService(), serviceName = multiwindow_service_v1
D/ActivityManager(  749): SVC-mBroadcastQueues: com.android.server.am.BroadcastQueue@972d5bb
D/FeatureProxyBase(  749): FeatureProxyBase class constructor
W/ActivityManager(  749): Force removing ActivityRecord{29ab07fb u0 com.mesibo.messagingapp/com.mesibo.messaging.MesiboActivity t24656}: app died, no saved state
D/MultiWindow(  749): MultiWindowProxy constructor.
V/NetworkStats(  749): setKernelCounterSet uid=10108 set=0
D/FeatureProxyBase(  749): getService(), serviceName = multiwindow_service_v1
D/ConnectivityService(  749): onUidRulesChanged(uid=10108, uidRules=0)
D/FeatureProxyBase(  749): FeatureProxyBase class constructor
D/MultiWindow(  749): MultiWindowProxy constructor.
D/FeatureProxyBase(  749): getService(), serviceName = multiwindow_service_v1
D/FeatureProxyBase(  749): FeatureProxyBase class constructor
D/MultiWindow(  749): MultiWindowProxy constructor.
D/FeatureProxyBase(  749): getService(), serviceName = multiwindow_service_v1
I/WindowState(  749): WIN DEATH: Window{1eeab4de u0 com.mesibo.messagingapp/com.mesibo.messaging.MesiboActivity}
W/InputDispatcher(  749): Attempted to unregister already unregistered input channel '1eeab4de com.mesibo.messagingapp/com.mesibo.messaging.MesiboActivity (server)'
D/FeatureProxyBase(  749): FeatureProxyBase class constructor
D/MultiWindow(  749): MultiWindowProxy constructor.
D/FeatureProxyBase(  749): getService(), serviceName = multiwindow_service_v1
I/SurfaceFlinger(  226): [SF client] DEL(0x7fae07e600) for (749:system_server)
D/FeatureProxyBase(  749): FeatureProxyBase class constructor
D/MultiWindow(  749): MultiWindowProxy constructor.
D/FeatureProxyBase(  749): getService(), serviceName = multiwindow_service_v1
D/FeatureProxyBase(  749): FeatureProxyBase class constructor
D/MultiWindow(  749): MultiWindowProxy constructor.
D/FeatureProxyBase(  749): getService(), serviceName = multiwindow_service_v1
I/BufferQueueConsumer(  226): [Starting com.mesibo.messagingapp](this:0x7fae279000,id:32,api:2,p:749,c:-1) disconnect(C)
W/ActivityManager(  749): Force removing ActivityRecord{117c962b u0 com.mesibo.messagingapp/.MainActivity t24656}: app died, no saved state
D/GraphicBuffer(  226): free, handle(0x7fad812700) (w:720 h:1280 s:720 f:0x1 u:0x000933)
D/ActivityManager(  749): [BMW] moveNextFloatingStackToTopLocked next = null curTop = ActivityStack{3f34d5f9 stackId=1, 12 tasks}
D/Surface (  749): Surface::disconnect(this=0x7f959ef400,api=2)
I/BufferQueueProducer(  226): [Starting com.mesibo.messagingapp](this:0x7fae279000,id:32,api:2,p:-1,c:-1) disconnect(P): api 2
D/GraphicBuffer(  749): unregister, handle(0x7f85151520) (w:720 h:1280 s:720 f:0x1 u:0x000933)
D/FeatureProxyBase(  749): FeatureProxyBase class constructor
D/MultiWindow(  749): MultiWindowProxy constructor.
D/FeatureProxyBase(  749): getService(), serviceName = multiwindow_service_v1
D/FeatureProxyBase(  749): FeatureProxyBase class constructor
D/MultiWindow(  749): MultiWindowProxy constructor.
D/FeatureProxyBase(  749): getService(), serviceName = multiwindow_service_v1
W/WindowManager(  749): Failed looking up window
W/WindowManager(  749): java.lang.IllegalArgumentException: Requested window android.view.ViewRootImpl$W@259eef6 does not exist
W/WindowManager(  749): 	at com.android.server.wm.WindowManagerService.windowForClientLocked(WindowManagerService.java:9318)
W/WindowManager(  749): 	at com.android.server.wm.WindowManagerService.windowForClientLocked(WindowManagerService.java:9309)
W/WindowManager(  749): 	at com.android.server.wm.WindowManagerService.removeWindow(WindowManagerService.java:2984)
W/WindowManager(  749): 	at com.android.server.wm.Session.remove(Session.java:193)
W/WindowManager(  749): 	at android.view.ViewRootImpl.dispatchDetachedFromWindow(ViewRootImpl.java:3448)
W/WindowManager(  749): 	at android.view.ViewRootImpl.doDie(ViewRootImpl.java:6089)
W/WindowManager(  749): 	at android.view.ViewRootImpl$ViewRootHandler.handleMessage(ViewRootImpl.java:3792)
W/WindowManager(  749): 	at android.os.Handler.dispatchMessage(Handler.java:111)
W/WindowManager(  749): 	at android.os.Looper.loop(Looper.java:194)
W/WindowManager(  749): 	at android.os.HandlerThread.run(HandlerThread.java:61)
W/WindowManager(  749): 	at com.android.server.ServiceThread.run(ServiceThread.java:46)
I/libPerfService(  749): 1: set: 3
I/BufferQueue(  226): [Starting com.mesibo.messagingapp](this:0x7fae279000,id:32,api:2,p:-1,c:-1) ~BufferQueueCore
I/libPerfService(  749): perfSetFavorPid - pid:1471, 5bf
D/InputReader(  749): InputReader:: getSwitchState lock 
D/InputReader(  749): InputReader::getStateLocked:: return 
I/libPerfService(  749): perfSetFavorPid - pid:1471, 5bf
V/ActivityManager(  749): Broadcast: Intent { act=android.intent.action.DROPBOX_ENTRY_ADDED flg=0x10 (has extras) } ordered=false userid=0 callerApp=ProcessRecord{354b0b68 749:system/1000}
I/libPerfService(  749): perfSetFavorPid - pid:1471, 5bf
D/ActivityThread( 1571): BDC-Calling onReceive: intent=Intent { act=android.intent.action.DROPBOX_ENTRY_ADDED flg=0x10 cmp=com.google.android.gms/.stats.service.DropBoxEntryAddedReceiver (has extras) }, receiver=com.google.android.gms.stats.service.DropBoxEntryAddedReceiver@107eded1
I/SurfaceFlinger(  226): [Built-in Screen (type:0)] fps:0.229376,dur:4359.65,max:4359.65,min:4359.65
I/libPerfService(  749): perfSetFavorPid - pid:1471, 5bf
D/ActivityThread( 1571): BDC-RECEIVER handled : 0 / ReceiverData{intent=Intent { act=android.intent.action.DROPBOX_ENTRY_ADDED flg=0x10 cmp=com.google.android.gms/.stats.service.DropBoxEntryAddedReceiver (has extras) } packageName=com.google.android.gms resultCode=-1 resultData=null resultExtras=null}
I/libPerfService(  749): perfSetFavorPid - pid:1471, 5bf
D/ActivityThread( 1571): SVC-Creating service: CreateServiceData{token=android.os.BinderProxy@148ebd36 className=com.google.android.gms.stats.service.DropBoxEntryAddedService packageName=com.google.android.gms intent=null}
I/libPerfService(  749): perfSetFavorPid - pid:1471, 5bf
D/ActivityThread( 1571): SVC-CREATE_SERVICE handled : 0 / CreateServiceData{token=android.os.BinderProxy@148ebd36 className=com.google.android.gms.stats.service.DropBoxEntryAddedService packageName=com.google.android.gms intent=null}
D/ActivityThread( 1571): SVC-Calling onStartCommand: com.google.android.gms.stats.service.DropBoxEntryAddedService@c313437, flags=0, startId=1
D/ActivityThread( 1571): SVC-SERVICE_ARGS handled : 0 / ServiceArgsData{token=android.os.BinderProxy@148ebd36 startId=1 args=Intent { act=com.google.android.gms.stats.ACTION_UPLOAD_DROPBOX_ENTRIES pkg=com.google.android.gms }}
D/SurfaceFlinger(  226): Skip composition.
D/OpenGLRenderer( 1471): Flushing caches (mode 0)
D/OpenGLRenderer( 1471): Flushing caches (mode 0)
D/FeatureProxyBase(  749): FeatureProxyBase class constructor
D/MultiWindow(  749): MultiWindowProxy constructor.
D/FeatureProxyBase(  749): getService(), serviceName = multiwindow_service_v1
V/ActivityThread( 1471): Performing resume of ActivityRecord{30d86001 token=android.os.BinderProxy@3b275ea6 {com.android.launcher3/com.android.launcher3.Launcher}}
D/Launcher3( 1471): Launcher, (Launcher)onStart: this = com.android.launcher3.Launcher@153c9600
D/Launcher3( 1471): Launcher, (Launcher)onResume: mRestoring = false, mOnResumeNeedsLoad = false,mOrientationChanged = false,mPagesAreRecreated = false, this = com.android.launcher3.Launcher@153c9600
D/Launcher3( 1471): Launcher, updateGlobalSearchIcon: needUpdate = false,activityName = ComponentInfo{com.google.android.googlequicksearchbox/com.google.android.googlequicksearchbox.SearchActivity}
D/DropBoxEntryAddedChimeraService( 1571): User is not opted-in to Usage & Diagnostics.
D/ActivityThread( 1571): SVC-Destroying service: com.google.android.gms.stats.service.DropBoxEntryAddedService@c313437
D/ActivityThread( 1571): SVC-STOP_SERVICE handled : 0 / android.os.BinderProxy@148ebd36
I/libPerfService(  749): perfSetFavorPid - pid:1471, 5bf
D/ActivityThread( 1471): ACT-AM_ON_RESUME_CALLED ActivityRecord{30d86001 token=android.os.BinderProxy@3b275ea6 {com.android.launcher3/com.android.launcher3.Launcher}}
V/ActivityThread( 1471): Resume ActivityRecord{30d86001 token=android.os.BinderProxy@3b275ea6 {com.android.launcher3/com.android.launcher3.Launcher}} started activity: false, hideForNow: false, finished: false
V/ActivityThread( 1471): Resuming ActivityRecord{30d86001 token=android.os.BinderProxy@3b275ea6 {com.android.launcher3/com.android.launcher3.Launcher}} with isForward=true
D/FeatureProxyBase( 1471): FeatureProxyBase class constructor
D/MultiWindow( 1471): MultiWindowProxy constructor.
D/FeatureProxyBase( 1471): getService(), serviceName = multiwindow_service_v1
V/PhoneWindow( 1471): DecorView setVisiblity: visibility = 0 ,Parent =ViewRoot{26637230 com.android.launcher3/com.android.launcher3.Launcher,ident = 0}, this =com.android.internal.policy.impl.PhoneWindow$DecorView{11d5122c V.E..... R.....ID 0,0-720,1280}
V/ActivityThread( 1471): Scheduling idle handler for ActivityRecord{30d86001 token=android.os.BinderProxy@3b275ea6 {com.android.launcher3/com.android.launcher3.Launcher}}
D/ActivityThread( 1471): ACT-RESUME_ACTIVITY handled : 1 / android.os.BinderProxy@3b275ea6
D/Launcher3( 1471): PagedView, loadAssociatedPages: page = 1, immediateAndOnly = true,mContentIsRefreshable = true, mDirtyPageContent = [false, false, false, false]
D/Launcher3( 1471): PagedView, loadAssociatedPages: 0/3, page = 1, count = 4
D/Launcher3( 1471): PagedView, loadAssociatedPages: page = 1, immediateAndOnly = false,mContentIsRefreshable = true, mDirtyPageContent = [false, false, false, false]
D/Launcher3( 1471): PagedView, loadAssociatedPages: 0/3, page = 1, count = 4
I/BufferQueue(  226): [unnamed-226-33](this:0x7fa83a6000,id:33,api:0,p:-1,c:-1) BufferQueue core=(226:/system/bin/surfaceflinger)
I/BufferQueueConsumer(  226): [unnamed-226-33](this:0x7fa83a6000,id:33,api:0,p:-1,c:226) connect(C): consumer=(226:/system/bin/surfaceflinger) controlledByApp=false
I/BufferQueueConsumer(  226): [unnamed-226-33](this:0x7fa83a6000,id:33,api:0,p:-1,c:226) setConsumerName: unnamed-226-33
I/BufferQueueConsumer(  226): [com.android.launcher3/com.android.launcher3.Launcher](this:0x7fa83a6000,id:33,api:0,p:-1,c:226) setConsumerName: com.android.launcher3/com.android.launcher3.Launcher
I/BufferQueueConsumer(  226): [com.android.launcher3/com.android.launcher3.Launcher](this:0x7fa83a6000,id:33,api:0,p:-1,c:226) setDefaultBufferSize: width=720 height=1280
D/FeatureProxyBase(  749): FeatureProxyBase class constructor
D/MultiWindow(  749): MultiWindowProxy constructor.
D/FeatureProxyBase(  749): getService(), serviceName = multiwindow_service_v1
V/WindowManager(  749): Changing focus from null to Window{37c5770b u0 com.android.launcher3/com.android.launcher3.Launcher} Callers=com.android.server.wm.WindowManagerService.relayoutWindow:3687 com.android.server.wm.Session.relayout:203 android.view.IWindowSession$Stub.onTransact:273 com.android.server.wm.Session.onTransact:136 
D/PhoneStatusBar(  922): setSystemUiVisibility vis=8700 mask=ffffffff oldVal=8600 newVal=8700 diff=100
D/PhoneStatusBar(  922): hiding the MENU button
D/FeatureProxyBase(  749): FeatureProxyBase class constructor
D/MultiWindow(  749): MultiWindowProxy constructor.
D/FeatureProxyBase(  749): getService(), serviceName = multiwindow_service_v1
I/WindowManager(  749): Gaining focus: Window{37c5770b u0 com.android.launcher3/com.android.launcher3.Launcher}
D/OpenGLRenderer( 1471): CanvasContext() 0x7f9581eb80 initialize 0x7f9ba0d410
D/Surface ( 1471): Surface::connect(this=0x7f9ba0d400,api=1)
I/BufferQueueProducer(  226): [com.android.launcher3/com.android.launcher3.Launcher](this:0x7fa83a6000,id:33,api:1,p:1471,c:226) connect(P): api=1 producer=(1471:com.android.launcher3) producerControlledByApp=true
D/mali_winsys( 1471): new_window_surface returns 0x3000
D/Surface ( 1471): Surface::allocateBuffers(this=0x7f9ba0d400)
D/BufferQueueProducer(  226): [com.android.launcher3/com.android.launcher3.Launcher](this:0x7fa83a6000,id:33,api:1,p:1471,c:226) allocateBuffers: allocating from 0 buffers up to 3 buffers
I/[MALI][Gralloc](  226): Usage: 0xb00, format: 0x1 stride: 720 vertical_stride: 1280 size: 3686400
D/GraphicBuffer(  226): alloc, handle(0x7fae18f600) (w:720 h:1280 s:720 f:0x1 u:0x000b00) err(0)
I/[MALI][Gralloc](  226): Usage: 0xb00, format: 0x1 stride: 720 vertical_stride: 1280 size: 3686400
D/GraphicBuffer(  226): alloc, handle(0x7fae18f6a0) (w:720 h:1280 s:720 f:0x1 u:0x000b00) err(0)
I/[MALI][Gralloc](  226): Usage: 0xb00, format: 0x1 stride: 720 vertical_stride: 1280 size: 3686400
D/GraphicBuffer(  226): alloc, handle(0x7fae18f7e0) (w:720 h:1280 s:720 f:0x1 u:0x000b00) err(0)
D/BufferQueueProducer(  226): [com.android.launcher3/com.android.launcher3.Launcher](this:0x7fa83a6000,id:33,api:1,p:1471,c:226) allocateBuffers: allocating from 3 buffers up to 3 buffers
V/InputMethodManager( 1471): onWindowFocus: com.android.launcher3.AppsCustomizeTabHost{10dab899 VFE..... .F.....D 0,0-720,1280 #7f10002d app:id/apps_customize_pane} softInputMode=288 first=true flags=#d910100
V/InputMethodManagerService(  749): windowGainedFocus: android.os.BinderProxy@2d80e885 controlFlags=#5 softInputMode=#120 windowFlags=#d910100
W/InputMethodManagerService(  749): Window already focused, ignoring focus gain of: com.android.internal.view.IInputMethodClient$Stub$Proxy@37eea294 attribute=null, token = android.os.BinderProxy@299b6da
D/SurfaceFlinger(  226): Skip composition.
D/PerfServiceManager(  749): [PerfService] notifyFrameUpdate - bDuringTouchBoost:false 
D/Surface ( 1471): Surface::setBuffersDimensions(this=0x7f9ba0d400,w=720,h=1280)
D/GraphicBuffer( 1471): register, handle(0x7f830252e0) (w:720 h:1280 s:720 f:0x1 u:0x000b00)
I/libPerfService(  749): perfSetFavorPid - pid:1471, 5bf
V/WallpaperService(  922): Visibility change in com.android.systemui.ImageWallpaper$DrawableEngine@30ca5c2b: 1
V/WallpaperService(  922): onVisibilityChanged(true): com.android.systemui.ImageWallpaper$DrawableEngine@30ca5c2b
V/WallpaperService(  922): Offsets change in com.android.systemui.ImageWallpaper$DrawableEngine@30ca5c2b: 0.0,0.0
D/FeatureProxyBase(  749): FeatureProxyBase class constructor
D/MultiWindow(  749): MultiWindowProxy constructor.
D/FeatureProxyBase(  749): getService(), serviceName = multiwindow_service_v1
D/FeatureProxyBase(  749): FeatureProxyBase class constructor
D/MultiWindow(  749): MultiWindowProxy constructor.
D/FeatureProxyBase(  749): getService(), serviceName = multiwindow_service_v1
D/FeatureProxyBase(  749): FeatureProxyBase class constructor
D/MultiWindow(  749): MultiWindowProxy constructor.
D/FeatureProxyBase(  749): getService(), serviceName = multiwindow_service_v1
D/PhoneStatusBar(  922): setSystemUiVisibility vis=40000700 mask=ffffffff oldVal=8700 newVal=40000700 diff=40008000
D/FeatureProxyBase(  749): FeatureProxyBase class constructor
D/MultiWindow(  749): MultiWindowProxy constructor.
D/FeatureProxyBase(  749): getService(), serviceName = multiwindow_service_v1
D/PhoneStatusBar(  922): hiding the MENU button
D/FeatureProxyBase(  749): FeatureProxyBase class constructor
D/MultiWindow(  749): MultiWindowProxy constructor.
D/FeatureProxyBase(  749): getService(), serviceName = multiwindow_service_v1
D/PerfServiceManager(  749): [PerfService] notifyFrameUpdate - bDuringTouchBoost:false 
D/Surface (  922): Surface::setBuffersDimensions(this=0x7f9ba0c600,w=720,h=50)
D/FeatureProxyBase(  749): FeatureProxyBase class constructor
D/MultiWindow(  749): MultiWindowProxy constructor.
D/FeatureProxyBase(  749): getService(), serviceName = multiwindow_service_v1
I/BufferQueueProducer(  226): [StatusBar](this:0x7fae312000,id:9,api:1,p:922,c:226) queueBuffer: fps=0.22 dur=4461.47 max=4461.47 min=4461.47
D/FeatureProxyBase(  749): FeatureProxyBase class constructor
D/MultiWindow(  749): MultiWindowProxy constructor.
D/FeatureProxyBase(  749): getService(), serviceName = multiwindow_service_v1
D/Surface (  922): Surface::setBuffersDimensions(this=0x7f9ba0c600,w=720,h=50)
D/FeatureProxyBase(  749): FeatureProxyBase class constructor
D/MultiWindow(  749): MultiWindowProxy constructor.
D/FeatureProxyBase(  749): getService(), serviceName = multiwindow_service_v1
D/FeatureProxyBase(  749): FeatureProxyBase class constructor
D/MultiWindow(  749): MultiWindowProxy constructor.
D/FeatureProxyBase(  749): getService(), serviceName = multiwindow_service_v1
D/FeatureProxyBase(  749): FeatureProxyBase class constructor
D/MultiWindow(  749): MultiWindowProxy constructor.
D/FeatureProxyBase(  749): getService(), serviceName = multiwindow_service_v1
D/Surface (  922): Surface::setBuffersDimensions(this=0x7f9ba0c600,w=720,h=50)
D/Surface (  922): Surface::setBuffersDimensions(this=0x7f9ba0c600,w=720,h=50)
D/Surface (  922): Surface::setBuffersDimensions(this=0x7f9ba0c600,w=720,h=50)
D/Surface (  922): Surface::setBuffersDimensions(this=0x7f9ba0c600,w=720,h=50)
D/Surface (  922): Surface::setBuffersDimensions(this=0x7f9ba0c600,w=720,h=50)
D/Surface (  922): Surface::setBuffersDimensions(this=0x7f9ba0c600,w=720,h=50)
D/Surface (  922): Surface::setBuffersDimensions(this=0x7f9ba0c600,w=720,h=50)
D/Surface (  922): Surface::setBuffersDimensions(this=0x7f9ba0c600,w=720,h=50)
E/WifiTrafficPoller(  749): TRAFFIC_STATS_POLL true Token 43 num clients 10
E/WifiTrafficPoller(  749):  packet count Tx=872 Rx=852
E/WifiTrafficPoller(  749): notifying of data activity 3
D/NetworkController.WifiSignalController(  922): setActivity: wifiActivity= 3
D/NetworkController.WifiSignalController(  922): isDirty : false
D/Surface (  922): Surface::setBuffersDimensions(this=0x7f9ba0c600,w=720,h=50)
D/NetworkController.WifiSignalController(  922): Change in state from: connected=true,enabled=true,level=3,inetCondition=1,iconGroup=IconGroup(Wi-Fi Icons),activityIn=false,activityOut=false,rssi=-64,networkType=null,lastModified=10-20 12:41:13,ssid="yumoveryun5"
D/NetworkController.WifiSignalController(  922): 	to: connected=true,enabled=true,level=3,inetCondition=1,iconGroup=IconGroup(Wi-Fi Icons),activityIn=true,activityOut=true,rssi=-64,networkType=null,lastModified=10-20 12:41:13,ssid="yumoveryun5"
D/NetworkController.WifiSignalController(  922): Wifi notifyListeners: level= 3, wifiActivity= 3
D/SignalClusterView(  922): setWifiIndicators, visible=true, strengthIcon=2130838074, contentDescription=Wifi three bars.
D/NetworkController.WifiSignalController(  922): Wifi notifyListeners: level= 3, wifiActivity= 3
D/SignalClusterView(  922): setWifiIndicators, visible=true, strengthIcon=2130838074, contentDescription=Wifi three bars.
D/NetworkController.WifiSignalController(  922): Wifi notifyListeners: level= 3, wifiActivity= 3
D/SignalClusterView(  922): setWifiIndicators, visible=true, strengthIcon=2130838074, contentDescription=Wifi three bars.
V/SettingsInterface( 1453):  from settings cache , name = multi_sim_data_call , value = 1
E/NetworkController(  922): Cannot find controller for data sub: 1
D/DefaultStatusBarPlmnPlugin(  922): into updateCarrierLabel, slotId=0, isSimInserted=false, isHasSimService=false
D/DefaultStatusBarPlmnPlugin(  922): into updateCarrierLabel, slotId=1, isSimInserted=false, isHasSimService=false
D/Surface (  922): Surface::setBuffersDimensions(this=0x7f9ba0c600,w=720,h=50)
D/PerfServiceManager(  749): [PerfService] MESSAGE_TIMER_SCN_APP_SWITCH 
I/libPerfService(  749): 1: set: 1
I/libPerfService(  749): 1: set freq: 0
D/BatteryService(  749): mBatteryVoltage=4117, batteryLevel=50
I/BatteryService(  749): batteryLevel:70
V/ActivityManager(  749): Broadcast sticky: Intent { act=android.intent.action.BATTERY_CHANGED flg=0x60000010 (has extras) } ordered=false userid=-1 callerApp=null
D/UsbDeviceManager(  749): onReceive - BATTERY_CHANGED - mPlugType: 2, mSettingUsbCharging: false, mConnected: true, mSettingUsbBicr: false
D/WifiService(  749): onReceive, action:android.intent.action.BATTERY_CHANGED
