D/WifiService(  749): getWifiServiceMessenger, pid:6581, uid:10108
W/System.err(  749): java.lang.SecurityException: WifiService: Neither user 10108 nor current process has android.permission.CHANGE_WIFI_STATE.
W/System.err(  749): 	at android.app.ContextImpl.enforce(ContextImpl.java:2035)
W/System.err(  749): 	at android.app.ContextImpl.enforceCallingOrSelfPermission(ContextImpl.java:2064)
W/System.err(  749): 	at com.android.server.wifi.WifiServiceImpl.enforceChangePermission(WifiServiceImpl.java:746)
W/System.err(  749): 	at com.android.server.wifi.WifiServiceImpl.getWifiServiceMessenger(WifiServiceImpl.java:1498)
W/System.err(  749): 	at android.net.wifi.IWifiManager$Stub.onTransact(IWifiManager.java:483)
W/System.err(  749): 	at android.os.Binder.execTransact(Binder.java:451)
E/WifiManager( 6581): mWifiServiceMessenger == null
D/Surface (  922): Surface::setBuffersDimensions(this=0x7f9ba0c600,w=720,h=50)
W/AccountManagerService(  749):   caller uid 10108 lacks any of android.permission.GET_ACCOUNTS
W/System.err(  749): java.lang.SecurityException: caller uid 10108 lacks any of android.permission.GET_ACCOUNTS
W/System.err(  749): 	at com.android.server.accounts.AccountManagerService.checkBinderPermission(AccountManagerService.java:3057)
W/System.err(  749): 	at com.android.server.accounts.AccountManagerService.checkReadAccountsPermission(AccountManagerService.java:3166)
W/System.err(  749): 	at com.android.server.accounts.AccountManagerService.getAccountsAsUser(AccountManagerService.java:2253)
W/System.err(  749): 	at com.android.server.accounts.AccountManagerService.getAccountsAsUser(AccountManagerService.java:2227)
W/System.err(  749): 	at com.android.server.accounts.AccountManagerService.getAccounts(AccountManagerService.java:2346)
W/System.err(  749): 	at android.accounts.IAccountManager$Stub.onTransact(IAccountManager.java:96)
W/System.err(  749): 	at com.android.server.accounts.AccountManagerService.onTransact(AccountManagerService.java:295)
W/System.err(  749): 	at android.os.Binder.execTransact(Binder.java:451)
D/ActivityThread( 6581): BIND_APPLICATION handled : 0 / AppBindData{appInfo=ApplicationInfo{47958d0 com.mesibo.messagingapp}}
V/ActivityThread( 6581): Handling launch of ActivityRecord{219a60c9 token=android.os.BinderProxy@3caea3ce {com.mesibo.messagingapp/com.mesibo.messagingapp.MainActivity}}
D/FrameworkListener(  254): dispatchCommand data = (gethostbyname 0 rtc.mesibo.com 2)
D/SocketClient(  254): SocketClient sendData done: 222
D/SocketClient(  254): SocketClient sendData done: 
D/SocketClient(  254): SocketClient sendData done: rtc.mesibo.com
D/SocketClient(  254): SocketClient sendData done: 
D/SocketClient(  254): SocketClient sendData done: 
D/SocketClient(  254): SocketClient sendData done: 
D/SocketClient(  254): SocketClient sendData done: 
D/SocketClient(  254): SocketClient sendData done: ]\
D/SocketClient(  254): SocketClient sendData done: 
D/SocketClient(  254): SocketClient sendData done: 
D/Surface (  922): Surface::setBuffersDimensions(this=0x7f9ba0c600,w=720,h=50)
D/Surface (  922): Surface::setBuffersDimensions(this=0x7f9ba0c600,w=720,h=50)
D/Surface (  922): Surface::setBuffersDimensions(this=0x7f9ba0c600,w=720,h=50)
D/Surface (  922): Surface::setBuffersDimensions(this=0x7f9ba0c600,w=720,h=50)
V/ActivityThread( 6581): ActivityRecord{219a60c9 token=android.os.BinderProxy@3caea3ce {com.mesibo.messagingapp/com.mesibo.messagingapp.MainActivity}}: app=com.mesibo.messagingapp.MainApplication@332ea093, appName=com.mesibo.messagingapp, pkg=com.mesibo.messagingapp, comp={com.mesibo.messagingapp/com.mesibo.messagingapp.MainActivity}, dir=/data/app/com.mesibo.messagingapp-2/base.apk
D/FeatureProxyBase( 6581): FeatureProxyBase class constructor
D/MultiWindow( 6581): MultiWindowProxy constructor.
D/FeatureProxyBase( 6581): getService(), serviceName = multiwindow_service_v1
D/FeatureProxyBase( 6581): FeatureProxyBase class constructor
D/MultiWindow( 6581): MultiWindowProxy constructor.
D/FeatureProxyBase( 6581): getService(), serviceName = multiwindow_service_v1
D/FeatureProxyBase( 6581): FeatureProxyBase class constructor
D/MultiWindow( 6581): MultiWindowProxy constructor.
D/FeatureProxyBase( 6581): getService(), serviceName = multiwindow_service_v1
W/art     ( 6581): Before Android 4.1, method android.graphics.PorterDuffColorFilter android.support.graphics.drawable.VectorDrawableCompat.updateTintFilter(android.graphics.PorterDuffColorFilter, android.content.res.ColorStateList, android.graphics.PorterDuff$Mode) would have incorrectly overridden the package-private method in android.graphics.drawable.Drawable
E/WifiTrafficPoller(  749): TRAFFIC_STATS_POLL true Token 43 num clients 10
E/WifiTrafficPoller(  749):  packet count Tx=866 Rx=847
E/WifiTrafficPoller(  749): notifying of data activity 3
D/NetworkController.WifiSignalController(  922): setActivity: wifiActivity= 3
D/NetworkController.WifiSignalController(  922): isDirty : false
D/NetworkController.WifiSignalController(  922): Change in state from: connected=true,enabled=true,level=3,inetCondition=1,iconGroup=IconGroup(Wi-Fi Icons),activityIn=false,activityOut=false,rssi=-62,networkType=null,lastModified=10-20 12:40:55,ssid="yumoveryun5"
D/NetworkController.WifiSignalController(  922): 	to: connected=true,enabled=true,level=3,inetCondition=1,iconGroup=IconGroup(Wi-Fi Icons),activityIn=true,activityOut=true,rssi=-62,networkType=null,lastModified=10-20 12:40:55,ssid="yumoveryun5"
D/NetworkController.WifiSignalController(  922): Wifi notifyListeners: level= 3, wifiActivity= 3
D/SignalClusterView(  922): setWifiIndicators, visible=true, strengthIcon=2130838074, contentDescription=Wifi three bars.
D/NetworkController.WifiSignalController(  922): Wifi notifyListeners: level= 3, wifiActivity= 3
D/SignalClusterView(  922): setWifiIndicators, visible=true, strengthIcon=2130838074, contentDescription=Wifi three bars.
D/NetworkController.WifiSignalController(  922): Wifi notifyListeners: level= 3, wifiActivity= 3
D/SignalClusterView(  922): setWifiIndicators, visible=true, strengthIcon=2130838074, contentDescription=Wifi three bars.
V/SettingsInterface( 1453):  from settings cache , name = multi_sim_data_call , value = 1
E/NetworkController(  922): Cannot find controller for data sub: 1
D/DefaultStatusBarPlmnPlugin(  922): into updateCarrierLabel, slotId=0, isSimInserted=false, isHasSimService=false
D/DefaultStatusBarPlmnPlugin(  922): into updateCarrierLabel, slotId=1, isSimInserted=false, isHasSimService=false
D/Surface (  922): Surface::setBuffersDimensions(this=0x7f9ba0c600,w=720,h=50)
D/AccessibilityManager( 6581): setStateLocked: wasEnabled = false, mIsEnabled = false, wasTouchExplorationEnabled = false, mIsTouchExplorationEnabled = false, wasHighTextContrastEnabled = false, mIsHighTextContrastEnabled = false
D/AccessibilityManager( 6581): java.lang.Throwable: setStateLocked
D/AccessibilityManager( 6581): 	at android.view.accessibility.AccessibilityManager.setStateLocked(AccessibilityManager.java:553)
D/AccessibilityManager( 6581): 	at android.view.accessibility.AccessibilityManager.tryConnectToServiceLocked(AccessibilityManager.java:636)
D/AccessibilityManager( 6581): 	at android.view.accessibility.AccessibilityManager.<init>(AccessibilityManager.java:226)
D/AccessibilityManager( 6581): 	at android.view.accessibility.AccessibilityManager.getInstance(AccessibilityManager.java:206)
D/AccessibilityManager( 6581): 	at android.view.View.setFlags(View.java:9843)
D/AccessibilityManager( 6581): 	at android.view.ViewGroup.initViewGroup(ViewGroup.java:536)
D/AccessibilityManager( 6581): 	at android.view.ViewGroup.<init>(ViewGroup.java:525)
D/AccessibilityManager( 6581): 	at android.view.ViewGroup.<init>(ViewGroup.java:520)
D/AccessibilityManager( 6581): 	at android.view.ViewGroup.<init>(ViewGroup.java:516)
D/AccessibilityManager( 6581): 	at android.view.ViewGroup.<init>(ViewGroup.java:512)
D/AccessibilityManager( 6581): 	at android.widget.FrameLayout.<init>(FrameLayout.java:119)
D/AccessibilityManager( 6581): 	at com.android.internal.policy.impl.PhoneWindow$DecorView.<init>(PhoneWindow.java:2326)
D/AccessibilityManager( 6581): 	at com.android.internal.policy.impl.PhoneWindow.generateDecor(PhoneWindow.java:3463)
D/AccessibilityManager( 6581): 	at com.android.internal.policy.impl.PhoneWindow.installDecor(PhoneWindow.java:3849)
D/AccessibilityManager( 6581): 	at com.android.internal.policy.impl.PhoneWindow.getDecorView(PhoneWindow.java:2042)
D/AccessibilityManager( 6581): 	at android.support.v7.app.AppCompatDelegateImplV9.createSubDecor(AppCompatDelegateImplV9.java:367)
D/AccessibilityManager( 6581): 	at android.support.v7.app.AppCompatDelegateImplV9.ensureSubDecor(AppCompatDelegateImplV9.java:316)
D/AccessibilityManager( 6581): 	at android.support.v7.app.AppCompatDelegateImplV9.setContentView(AppCompatDelegateImplV9.java:281)
D/AccessibilityManager( 6581): 	at android.support.v7.app.AppCompatActivity.setContentView(AppCompatActivity.java:140)
D/AccessibilityManager( 6581): 	at com.mesibo.messagingapp.MainActivity.onCreate(MainActivity.java:14)
D/AccessibilityManager( 6581): 	at android.app.Activity.performCreate(Activity.java:6092)
D/AccessibilityManager( 6581): 	at android.app.Instrumentation.callActivityOnCreate(Instrumentation.java:1112)
D/AccessibilityManager( 6581): 	at android.app.ActivityThread.performLaunchActivity(ActivityThread.java:2481)
D/AccessibilityManager( 6581): 	at android.app.ActivityThread.handleLaunchActivity(ActivityThread.java:2608)
D/AccessibilityManager( 6581): 	at android.app.ActivityThread.access$800(ActivityThread.java:178)
D/AccessibilityManager( 6581): 	at android.app.ActivityThread$H.handleMessage(ActivityThread.java:1470)
D/AccessibilityManager( 6581): 	at android.os.Handler.dispatchMessage(Handler.java:111)
D/AccessibilityManager( 6581): 	at android.os.Looper.loop(Looper.java:194)
D/AccessibilityManager( 6581): 	at android.app.ActivityThread.main(ActivityThread.java:5637)
D/AccessibilityManager( 6581): 	at java.lang.reflect.Method.invoke(Native Method)
D/AccessibilityManager( 6581): 	at java.lang.reflect.Method.invoke(Method.java:372)
D/AccessibilityManager( 6581): 	at com.android.internal.os.ZygoteInit$MethodAndArgsCaller.run(ZygoteInit.java:959)
D/AccessibilityManager( 6581): 	at com.android.internal.os.ZygoteInit.main(ZygoteInit.java:754)
D/PerfServiceManager(  749): [PerfService] MESSAGE_TIMER_SCN_SW_FRAME_UPDATE 
D/PerfServiceManager(  749): [PerfService] set utilization:0.8 
I/libPerfService(  749): 7: set: 1
I/libPerfService(  749): 7: set freq: 0
D/FeatureProxyBase( 6581): FeatureProxyBase class constructor
D/MultiWindow( 6581): MultiWindowProxy constructor.
D/FeatureProxyBase( 6581): getService(), serviceName = multiwindow_service_v1
I/ActivityManager(  749): START u0 {cmp=com.mesibo.messagingapp/com.mesibo.messaging.MesiboActivity} from uid 10108 on display 0
D/FeatureProxyBase(  749): FeatureProxyBase class constructor
D/MultiWindow(  749): MultiWindowProxy constructor.
D/FeatureProxyBase(  749): getService(), serviceName = multiwindow_service_v1
D/FeatureProxyBase(  749): FeatureProxyBase class constructor
D/MultiWindow(  749): MultiWindowProxy constructor.
D/FeatureProxyBase(  749): getService(), serviceName = multiwindow_service_v1
V/WindowManager(  749): addAppToken: AppWindowToken{10a55a71 token=Token{1631018 ActivityRecord{29ab07fb u0 com.mesibo.messagingapp/com.mesibo.messaging.MesiboActivity t24656}}} to stack=1 task=24656 at 1
V/WindowManager(  749): Based on layer: Adding window Window{2f5de2f7 u0 Starting com.mesibo.messagingapp} at 2 of 5
D/FeatureProxyBase(  749): FeatureProxyBase class constructor
D/MultiWindow(  749): MultiWindowProxy constructor.
D/FeatureProxyBase(  749): getService(), serviceName = multiwindow_service_v1
D/PhoneStatusBar(  922): hiding the MENU button
D/FeatureProxyBase(  749): FeatureProxyBase class constructor
D/MultiWindow(  749): MultiWindowProxy constructor.
D/FeatureProxyBase(  749): getService(), serviceName = multiwindow_service_v1
I/libPerfService(  749): 1: set: 3
D/PowerManagerService(  749): acquireWakeLockInternal: lock=136910632, flags=0x1, tag="ActivityManager-Launch", ws=null, uid=1000, pid=749
D/PowerManagerService(  749): updateWakeLockSummaryLocked: mWakefulness=Awake, mWakeLockSummary=0x1
D/PowerManagerService(  749): updateUserActivitySummaryLocked: mWakefulness=Awake, mUserActivitySummary=0x1, nextTimeout=568340 (in 52276 ms)
D/PowerManagerService(  749): mDisplayPowerRequest.policy = 3
D/WifiDisplayAdapter(  749): getWifiDisplayStatusLocked: result=WifiDisplayStatus{featureState=2, scanState=0, activeDisplayState=0, activeDisplay=null, displays=[], sessionInfo=WifiDisplaySessionInfo: C/O:Client,GId:,Pp:,SId:0,IP:}
D/PowerManagerService(  749): isWfdEnabled() mWfdStatus=WifiDisplayStatus{featureState=2, scanState=0, activeDisplayState=0, activeDisplay=null, displays=[], sessionInfo=WifiDisplaySessionInfo: C/O:Client,GId:,Pp:,SId:0,IP:}, return false
D/DisplayPowerController(  749): requestPowerState: policy=BRIGHT, useProximitySensor=false, screenBrightness=92, screenAutoBrightnessAdjustment=0.0, useAutoBrightness=false, blockScreenOn=false, lowPowerMode=false, boostScreenBrightness=false, dozeScreenBrightness=-1, dozeScreenState=UNKNOWN, waitForNegativeProximity=false
I/PowerManagerService(  749): setBrightness mButtonLight 0.
D/PowerManagerService(  749): updateDisplayPowerStateLocked: mDisplayReady=true, policy=3, mWakefulness=1, mWakeLockSummary=0x1, mUserActivitySummary=0x1, mBootCompleted=true, mScreenBrightnessBoostInProgress=false
D/FeatureProxyBase(  749): FeatureProxyBase class constructor
D/MultiWindow(  749): MultiWindowProxy constructor.
D/FeatureProxyBase(  749): getService(), serviceName = multiwindow_service_v1
V/ActivityThread( 6581): Performing resume of ActivityRecord{219a60c9 token=android.os.BinderProxy@3caea3ce {com.mesibo.messagingapp/com.mesibo.messagingapp.MainActivity}}
D/ActivityThread( 6581): ACT-AM_ON_RESUME_CALLED ActivityRecord{219a60c9 token=android.os.BinderProxy@3caea3ce {com.mesibo.messagingapp/com.mesibo.messagingapp.MainActivity}}
V/ActivityThread( 6581): Resume ActivityRecord{219a60c9 token=android.os.BinderProxy@3caea3ce {com.mesibo.messagingapp/com.mesibo.messagingapp.MainActivity}} started activity: false, hideForNow: false, finished: false
V/PhoneWindow( 6581): DecorView setVisiblity: visibility = 4 ,Parent =null, this =com.android.internal.policy.impl.PhoneWindow$DecorView{30d86001 I.E..... R.....ID 0,0-0,0}
I/SurfaceFlinger(  226): EventThread Client Pid (6581) created
I/SurfaceFlinger(  226): EventThread Client Pid (6581) created
D/OpenGLRenderer( 6581): initialize DisplayEventReceiver 0xefc301c0
D/OpenGLRenderer( 6581): Use EGL_SWAP_BEHAVIOR_PRESERVED: false
D/ViewRootImpl( 6581): hardware acceleration is enabled, this = ViewRoot{1c016eeb com.mesibo.messagingapp/com.mesibo.messagingapp.MainActivity,ident = 0}
I/SurfaceFlinger(  226): [SF client] NEW(0x7fae07e600) for (749:system_server)
V/WindowManager(  749): Adding window Window{129fca30 u0 com.mesibo.messagingapp/com.mesibo.messagingapp.MainActivity} at 2 of 6 (before Window{2f5de2f7 u0 Starting com.mesibo.messagingapp})
V/ActivityThread( 6581): Resuming ActivityRecord{219a60c9 token=android.os.BinderProxy@3caea3ce {com.mesibo.messagingapp/com.mesibo.messagingapp.MainActivity}} with isForward=true
D/FeatureProxyBase( 6581): FeatureProxyBase class constructor
D/MultiWindow( 6581): MultiWindowProxy constructor.
D/FeatureProxyBase( 6581): getService(), serviceName = multiwindow_service_v1
V/PhoneWindow( 6581): DecorView setVisiblity: visibility = 0 ,Parent =ViewRoot{1c016eeb com.mesibo.messagingapp/com.mesibo.messagingapp.MainActivity,ident = 0}, this =com.android.internal.policy.impl.PhoneWindow$DecorView{30d86001 V.E..... R.....ID 0,0-0,0}
V/ActivityThread( 6581): Scheduling idle handler for ActivityRecord{219a60c9 token=android.os.BinderProxy@3caea3ce {com.mesibo.messagingapp/com.mesibo.messagingapp.MainActivity}}
D/ActivityThread( 6581): ACT-LAUNCH_ACTIVITY handled : 0 / ActivityRecord{219a60c9 token=android.os.BinderProxy@3caea3ce {com.mesibo.messagingapp/com.mesibo.messagingapp.MainActivity}}
V/SettingsInterface( 1453):  from settings cache , name = multi_sim_voice_call , value = null
D/ActivityThread( 6581): ACT-AM_ON_PAUSE_CALLED ActivityRecord{219a60c9 token=android.os.BinderProxy@3caea3ce {com.mesibo.messagingapp/com.mesibo.messagingapp.MainActivity}}
D/InputReader(  749): InputReader:: getSwitchState lock 
D/InputReader(  749): InputReader::getStateLocked:: return 
I/libPerfService(  749): perfSetFavorPid - pid:6581, 19b5
D/FeatureProxyBase(  749): FeatureProxyBase class constructor
D/MultiWindow(  749): MultiWindowProxy constructor.
D/FeatureProxyBase(  749): getService(), serviceName = multiwindow_service_v1
D/FeatureProxyBase(  749): FeatureProxyBase class constructor
D/MultiWindow(  749): MultiWindowProxy constructor.
D/FeatureProxyBase(  749): getService(), serviceName = multiwindow_service_v1
D/FeatureProxyBase(  749): FeatureProxyBase class constructor
D/MultiWindow(  749): MultiWindowProxy constructor.
D/FeatureProxyBase(  749): getService(), serviceName = multiwindow_service_v1
D/FeatureProxyBase(  749): FeatureProxyBase class constructor
D/MultiWindow(  749): MultiWindowProxy constructor.
D/FeatureProxyBase(  749): getService(), serviceName = multiwindow_service_v1
D/FeatureProxyBase(  749): FeatureProxyBase class constructor
D/MultiWindow(  749): MultiWindowProxy constructor.
D/FeatureProxyBase(  749): getService(), serviceName = multiwindow_service_v1
D/FeatureProxyBase(  749): FeatureProxyBase class constructor
D/MultiWindow(  749): MultiWindowProxy constructor.
D/FeatureProxyBase(  749): getService(), serviceName = multiwindow_service_v1
D/FeatureProxyBase(  749): FeatureProxyBase class constructor
D/MultiWindow(  749): MultiWindowProxy constructor.
D/FeatureProxyBase(  749): getService(), serviceName = multiwindow_service_v1
D/FeatureProxyBase(  749): FeatureProxyBase class constructor
D/MultiWindow(  749): MultiWindowProxy constructor.
D/FeatureProxyBase(  749): getService(), serviceName = multiwindow_service_v1
D/FeatureProxyBase(  749): FeatureProxyBase class constructor
D/MultiWindow(  749): MultiWindowProxy constructor.
D/FeatureProxyBase(  749): getService(), serviceName = multiwindow_service_v1
I/libPerfService(  749): perfSetFavorPid - pid:6581, 19b5
D/ActivityThread( 6581): ACT-PAUSE_ACTIVITY handled : 1 / android.os.BinderProxy@3caea3ce
D/FeatureProxyBase(  749): FeatureProxyBase class constructor
D/MultiWindow(  749): MultiWindowProxy constructor.
D/FeatureProxyBase(  749): getService(), serviceName = multiwindow_service_v1
D/FeatureProxyBase(  749): FeatureProxyBase class constructor
D/MultiWindow(  749): MultiWindowProxy constructor.
D/FeatureProxyBase(  749): getService(), serviceName = multiwindow_service_v1
D/FeatureProxyBase(  749): FeatureProxyBase class constructor
D/MultiWindow(  749): MultiWindowProxy constructor.
D/FeatureProxyBase(  749): getService(), serviceName = multiwindow_service_v1
D/FeatureProxyBase(  749): FeatureProxyBase class constructor
D/MultiWindow(  749): MultiWindowProxy constructor.
D/FeatureProxyBase(  749): getService(), serviceName = multiwindow_service_v1
V/ActivityThread( 6581): Handling launch of ActivityRecord{2a3b2806 token=android.os.BinderProxy@3c060ec7 {com.mesibo.messagingapp/com.mesibo.messaging.MesiboActivity}}
D/FeatureProxyBase(  749): FeatureProxyBase class constructor
D/MultiWindow(  749): MultiWindowProxy constructor.
D/FeatureProxyBase(  749): getService(), serviceName = multiwindow_service_v1
D/FeatureProxyBase(  749): FeatureProxyBase class constructor
D/MultiWindow(  749): MultiWindowProxy constructor.
D/FeatureProxyBase(  749): getService(), serviceName = multiwindow_service_v1
D/FeatureProxyBase(  749): FeatureProxyBase class constructor
D/MultiWindow(  749): MultiWindowProxy constructor.
D/FeatureProxyBase(  749): getService(), serviceName = multiwindow_service_v1
V/ActivityThread( 6581): ActivityRecord{2a3b2806 token=android.os.BinderProxy@3c060ec7 {com.mesibo.messagingapp/com.mesibo.messaging.MesiboActivity}}: app=com.mesibo.messagingapp.MainApplication@332ea093, appName=com.mesibo.messagingapp, pkg=com.mesibo.messagingapp, comp={com.mesibo.messagingapp/com.mesibo.messaging.MesiboActivity}, dir=/data/app/com.mesibo.messagingapp-2/base.apk
D/FeatureProxyBase( 6581): FeatureProxyBase class constructor
D/MultiWindow( 6581): MultiWindowProxy constructor.
D/FeatureProxyBase( 6581): getService(), serviceName = multiwindow_service_v1
D/FeatureProxyBase( 6581): FeatureProxyBase class constructor
D/MultiWindow( 6581): MultiWindowProxy constructor.
D/FeatureProxyBase( 6581): getService(), serviceName = multiwindow_service_v1
D/FeatureProxyBase( 6581): FeatureProxyBase class constructor
D/MultiWindow( 6581): MultiWindowProxy constructor.
D/FeatureProxyBase( 6581): getService(), serviceName = multiwindow_service_v1
V/ActivityThread( 6581): Performing resume of ActivityRecord{2a3b2806 token=android.os.BinderProxy@3c060ec7 {com.mesibo.messagingapp/com.mesibo.messaging.MesiboActivity}}
D/ActivityThread( 6581): ACT-AM_ON_RESUME_CALLED ActivityRecord{2a3b2806 token=android.os.BinderProxy@3c060ec7 {com.mesibo.messagingapp/com.mesibo.messaging.MesiboActivity}}
V/ActivityThread( 6581): Resume ActivityRecord{2a3b2806 token=android.os.BinderProxy@3c060ec7 {com.mesibo.messagingapp/com.mesibo.messaging.MesiboActivity}} started activity: false, hideForNow: false, finished: false
V/PhoneWindow( 6581): DecorView setVisiblity: visibility = 4 ,Parent =null, this =com.android.internal.policy.impl.PhoneWindow$DecorView{2b0d1d19 I.E..... R.....ID 0,0-0,0}
D/ViewRootImpl( 6581): hardware acceleration is enabled, this = ViewRoot{3703c43 com.mesibo.messagingapp/com.mesibo.messaging.MesiboActivity,ident = 1}
V/WindowManager(  749): Adding window Window{1eeab4de u0 com.mesibo.messagingapp/com.mesibo.messaging.MesiboActivity} at 3 of 7 (before Window{2f5de2f7 u0 Starting com.mesibo.messagingapp})
V/ActivityThread( 6581): Resuming ActivityRecord{2a3b2806 token=android.os.BinderProxy@3c060ec7 {com.mesibo.messagingapp/com.mesibo.messaging.MesiboActivity}} with isForward=true
D/FeatureProxyBase( 6581): FeatureProxyBase class constructor
D/MultiWindow( 6581): MultiWindowProxy constructor.
D/FeatureProxyBase( 6581): getService(), serviceName = multiwindow_service_v1
V/PhoneWindow( 6581): DecorView setVisiblity: visibility = 0 ,Parent =ViewRoot{3703c43 com.mesibo.messagingapp/com.mesibo.messaging.MesiboActivity,ident = 1}, this =com.android.internal.policy.impl.PhoneWindow$DecorView{2b0d1d19 V.E..... R.....ID 0,0-0,0}
V/ActivityThread( 6581): Scheduling idle handler for ActivityRecord{2a3b2806 token=android.os.BinderProxy@3c060ec7 {com.mesibo.messagingapp/com.mesibo.messaging.MesiboActivity}}
D/ActivityThread( 6581): ACT-LAUNCH_ACTIVITY handled : 0 / ActivityRecord{2a3b2806 token=android.os.BinderProxy@3c060ec7 {com.mesibo.messagingapp/com.mesibo.messaging.MesiboActivity}}
D/PerfServiceManager(  749): [PerfService] MESSAGE_TIMER_SCN_APP_SWITCH 
I/libPerfService(  749): 1: set: 1
I/libPerfService(  749): 1: set freq: 0
D/MesiboTestApplication( 6581): on Mesibo Connection: 1
F/libc    ( 6581): Fatal signal 11 (SIGSEGV), code 1, fault addr 0x0 in tid 6581 (bo.messagingapp)
D/AEE/AED (  255): $===AEE===AEE===AEE===$
D/AEE/AED (  255): p 0 poll events 1 revents 0
D/AEE/AED (  255): not know revents:0
D/AEE/AED (  255): p 1 poll events 1 revents 0
D/AEE/AED (  255): not know revents:0
D/AEE/AED (  255): p 2 poll events 1 revents 1
D/AEE/AED (  255): aed_main_fork_worker: generator 0xf6437148, worker 0xffc44f08, recv_fd 0
D/AEE/AED (  255): p 3 poll events 1 revents 0
D/AEE/AED (  255): not know revents:0
D/AEE/AED (  255): p 4 poll events 1 revents 0
D/AEE/AED (  255): not know revents:0
D/AEE/AED (  255): p 5 poll events 0 revents 0
D/AEE/AED (  255): not know revents:0
I/AEE/AED ( 6605): handle_request(0)
I/AEE/AED ( 6605): check process 6581 name:bo.messagingapp
I/AEE/AED ( 6605): tid 6581 abort msg address is:0x00000000, si_code is:1 (request from 6581:10108)
I/AEE/AED ( 6605): BOOM: pid=6581 uid=10108 gid=10108 tid=6581
I/AEE/AED ( 6605): [OnPurpose Redunant in void preset_info(aed_report_record*, int, int)] pid: 6581, tid: 6581, name: bo.messagingapp  >>> com.mesibo.messagingapp <<<
I/AEE/AED ( 6605): *** *** *** *** *** *** *** *** *** *** *** *** *** *** *** ***
I/AEE/AED ( 6605): Build fingerprint: 'alps/full_lava35_sp31_lte/lava35_sp31_lte:5.1/LMY47D/1455694155:user/dev-keys'
I/AEE/AED ( 6605): Revision: '0'
I/AEE/AED ( 6605): ABI: 'arm'
I/AEE/AED ( 6605): pid: 6581, tid: 6581, name: bo.messagingapp  >>> com.mesibo.messagingapp <<<
I/AEE/AED ( 6605): signal 11 (SIGSEGV), code 1 (SEGV_MAPERR), fault addr 0x0
I/AEE/AED ( 6605):     r0 f49c8ce0  r1 00000002  r2 ffb99728  r3 0000005a
I/AEE/AED ( 6605):     r4 e30c0e64  r5 00000000  r6 ffb996f0  r7 f4b02000
I/AEE/AED ( 6605):     r8 ffb99728  r9 00000000  sl 00000000  fp e30c96a4
I/AEE/AED ( 6605):     ip e30ad120  sp ffb99670  lr e30aef68  pc e30ad230  cpsr 200d0010
I/AEE/AED ( 6605): 
I/AEE/AED ( 6605): backtrace:
I/AEE/AED ( 6605):     #00 pc 0000c230  /data/app/com.mesibo.messagingapp-2/lib/arm/libmesibo_v7n.so
I/AEE/AED ( 6605):     #01 pc 0000df64  /data/app/com.mesibo.messagingapp-2/lib/arm/libmesibo_v7n.so
I/AEE/AED ( 6605):     #02 pc 0000e52c  /data/app/com.mesibo.messagingapp-2/lib/arm/libmesibo_v7n.so
I/AEE/AED ( 6605):     #03 pc 0000e5e4  /data/app/com.mesibo.messagingapp-2/lib/arm/libmesibo_v7n.so
I/AEE/AED ( 6605):     #04 pc 0000abd0  /data/app/com.mesibo.messagingapp-2/lib/arm/libmesibo_v7n.so
I/AEE/AED ( 6605):     #05 pc 00008b6c  /data/app/com.mesibo.messagingapp-2/lib/arm/libmesibo_v7n.so
I/AEE/AED ( 6605):     #06 pc 00004b3b  /data/data/com.mesibo.messagingapp/cache/slice-com.mesibo.api-mesibo-0.2.9_d9bc2998e6d9384f93769d4ac9ba6c1d296ce2ae-classes.dex
D/AUTOKD  ( 6606): AUTOKD Start
D/AUTOKD  ( 6606): Can't open /sys/autok/ss_corner
F/libc    ( 6606): Fatal signal 11 (SIGSEGV), code 1, fault addr 0x0 in tid 6606 (autokd)
D/AEE/AED (  256): $===AEE===AEE===AEE===$
D/AEE/AED (  256): p 0 poll events 1 revents 0
D/AEE/AED (  256): not know revents:0
D/AEE/AED (  256): p 1 poll events 1 revents 0
D/AEE/AED (  256): not know revents:0
D/AEE/AED (  256): p 2 poll events 1 revents 1
D/AEE/AED (  256): aed_main_fork_worker: generator 0x7f9581a0e0, worker 0x7fe5b56870, recv_fd 14
D/AEE/AED (  256): p 3 poll events 1 revents 0
D/AEE/AED (  256): not know revents:0
I/AEE/AED ( 6608): handle_request(14)
I/AEE/AED ( 6608): check process 6606 name:autokd
I/AEE/AED ( 6608): tid 6606 abort msg address is:0x0000000000000000 si_code is:1 (request from 6606:1000)
I/AEE/AED ( 6608): BOOM: pid=6606 uid=1000 gid=1000 tid=6606
I/AEE/AED ( 6608): [OnPurpose Redunant in void preset_info(aed_report_record*, int, int)] pid: 6606, tid: 6606, name: autokd  >>> /system/bin/autokd <<<
E/WifiTrafficPoller(  749): TRAFFIC_STATS_POLL true Token 43 num clients 10
E/WifiTrafficPoller(  749):  packet count Tx=869 Rx=850
I/AEE/AED ( 6608): *** *** *** *** *** *** *** *** *** *** *** *** *** *** *** ***
I/AEE/AED ( 6608): Build fingerprint: 'alps/full_lava35_sp31_lte/lava35_sp31_lte:5.1/LMY47D/1455694155:user/dev-keys'
I/AEE/AED ( 6608): Revision: '0'
I/AEE/AED ( 6608): ABI: 'arm64'
I/AEE/AED ( 6608): pid: 6606, tid: 6606, name: autokd  >>> /system/bin/autokd <<<
I/AEE/AED ( 6608): signal 11 (SIGSEGV), code 1 (SEGV_MAPERR), fault addr 0x0
I/AEE/AED ( 6608):     x0   0000000000000000  x1   0000000000000000  x2   94fd6a5d7ba980cf  x3   0000000000000000
I/AEE/AED ( 6608):     x4   ffffffffffffffff  x5   0000007ff5666050  x6   0000007ff5666060  x7   0000000000000000
I/AEE/AED ( 6608):     x8   0000007ff5665fd8  x9   0000007ff5665fe8  x10  7f7f7f7f7f7f7f7f  x11  0101010101010101
I/AEE/AED ( 6608):     x12  0000000000004000  x13  0000007ff5666090  x14  0000000000000004  x15  0000007ff56660a0
I/AEE/AED ( 6608):     x16  0000007f90b61c30  x17  0000007f90ab86a4  x18  0000007f90b67730  x19  0000007ff5665f40
I/AEE/AED ( 6608):     x20  0000007f90b67730  x21  0000007ff56661b8  x22  000000556c6c2810  x23  0000000000000000
I/AEE/AED ( 6608):     x24  0000000000000000  x25  0000000000000000  x26  0000000000000000  x27  0000000000000000
I/AEE/AED ( 6608):     x28  0000000000000000  x29  0000007ff5665ed0  x30  0000007f90af407c
I/AEE/AED ( 6608):     sp   0000007ff5665ed0  pc   0000007f90ab86b4  pstate 0000000040000000
I/AEE/AED ( 6608): 
I/AEE/AED ( 6608): backtrace:
I/AEE/AED ( 6608):     #00 pc 000000000001a6b4  /system/lib64/libc.so (strlen+16)
I/AEE/AED ( 6608):     #01 pc 0000000000056078  /system/lib64/libc.so (sscanf+184)
I/AEE/AED ( 6608):     #02 pc 000000000000278c  /system/bin/autokd
I/AEE/AED ( 6608):     #03 pc 0000000000001868  /system/bin/autokd (main+88)
I/AEE/AED ( 6608):     #04 pc 00000000000196cc  /system/lib64/libc.so (__libc_init+96)
I/AEE/AED ( 6608):     #05 pc 00000000000018f4  /system/bin/autokd
D/RecentsTaskLoadPlan(  922): preloadPlan
D/ActivityThread( 1852): SVC-UNBIND_SERVICE handled : 0 / BindServiceData{token=android.os.BinderProxy@6df1264 intent=Intent { act=com.google.android.gms.usagereporting.service.START pkg=com.google.android.gms }}
D/SystemServicesProxy(  922): getRecentTasks:TASK = Task.Key: 24656, u: 0, lat: 1476947466272, com.mesibo.messagingapp/isExcluded = false/isTopTaskHome = true/isFirstValidTask = true/t.id = 24656
D/ActivityThread( 1852): SVC-Destroying service: com.google.android.gms.usagereporting.service.UsageReportingService@34938cf5
D/SystemServicesProxy(  922): getRecentTasks:TASK = Task.Key: 24647, u: 0, lat: 1476946832142, com.whatsapp/isExcluded = true/isTopTaskHome = true/isFirstValidTask = false/t.id = -1
D/SystemServicesProxy(  922): getRecentTasks:TASK = Task.Key: 24644, u: 0, lat: 1476865271538, com.olx.southasia/isExcluded = false/isTopTaskHome = true/isFirstValidTask = false/t.id = -1
D/ActivityThread( 1852): SVC-STOP_SERVICE handled : 0 / android.os.BinderProxy@6df1264
D/SystemServicesProxy(  922): getRecentTasks:TASK = Task.Key: 24614, u: 0, lat: 1476271741991, com.google.android.apps.fireball/isExcluded = false/isTopTaskHome = true/isFirstValidTask = false/t.id = -1
D/SystemServicesProxy(  922): getRecentTasks:TASK = Task.Key: 24611, u: 0, lat: 1476085867321, com.google.android.gm/isExcluded = false/isTopTaskHome = true/isFirstValidTask = false/t.id = -1
D/SystemServicesProxy(  922): getRecentTasks:TASK = Task.Key: 24565, u: 0, lat: 1476021374956, com.android.settings/isExcluded = false/isTopTaskHome = true/isFirstValidTask = false/t.id = -1
D/SystemServicesProxy(  922): getRecentTasks:TASK = Task.Key: 24519, u: 0, lat: 1475507507076, com.global.foodpanda.android/isExcluded = false/isTopTaskHome = true/isFirstValidTask = false/t.id = -1
D/SystemServicesProxy(  922): getRecentTasks:TASK = Task.Key: 24293, u: 0, lat: 1474521323555, com.whatsapp/isExcluded = false/isTopTaskHome = true/isFirstValidTask = false/t.id = -1
D/SystemServicesProxy(  922): getRecentTasks:TASK = Task.Key: 24177, u: 0, lat: 1473768850276, com.google.android.googlequicksearchbox/isExcluded = false/isTopTaskHome = true/isFirstValidTask = false/t.id = -1
D/SystemServicesProxy(  922): getRecentTasks:TASK = Task.Key: 24068, u: 0, lat: 1473513338796, net.one97.paytm/isExcluded = false/isTopTaskHome = true/isFirstValidTask = false/t.id = -1
D/SystemServicesProxy(  922): getRecentTasks:TASK = Task.Key: 24043, u: 0, lat: 1472980102212, com.lava.led/isExcluded = false/isTopTaskHome = true/isFirstValidTask = false/t.id = -1
D/SystemServicesProxy(  922): getRecentTasks:TASK = Task.Key: 23907, u: 0, lat: 1472550380415, com.google.android.apps.village.boond/isExcluded = false/isTopTaskHome = true/isFirstValidTask = false/t.id = -1
D/SystemServicesProxy(  922): getRecentTasks:TASK = Task.Key: 23818, u: 0, lat: 1472222044257, com.test.mesibojcenter/isExcluded = false/isTopTaskHome = true/isFirstValidTask = false/t.id = -1
D/SystemServicesProxy(  922): getRecentTasks:TASK = Task.Key: 23738, u: 0, lat: 1472222918425, com.android.dialer/isExcluded = false/isTopTaskHome = true/isFirstValidTask = false/t.id = -1
D/SystemServicesProxy(  922): getRecentTasks:TASK = Task.Key: 23649, u: 0, lat: 1471502669563, za.co.henry.hsu.adbwirelessbyhenry/isExcluded = false/isTopTaskHome = true/isFirstValidTask = false/t.id = -1
D/SystemServicesProxy(  922): getRecentTasks:TASK = Task.Key: 23571, u: 0, lat: 1471105469996, com.android.contacts/isExcluded = false/isTopTaskHome = true/isFirstValidTask = false/t.id = -1
D/SystemServicesProxy(  922): getRecentTasks:TASK = Task.Key: 23492, u: 0, lat: 1470049128237, com.android.settings/isExcluded = false/isTopTaskHome = true/isFirstValidTask = false/t.id = -1
D/SystemServicesProxy(  922): getRecentTasks:TASK = Task.Key: 23377, u: 0, lat: 1469190045823, com.olacabs.customer/isExcluded = false/isTopTaskHome = true/isFirstValidTask = false/t.id = -1
D/SystemServicesProxy(  922): getRecentTasks:TASK = Task.Key: 23367, u: 0, lat: 1468664815704, com.google.android.googlequicksearchbox/isExcluded = false/isTopTaskHome = true/isFirstValidTask = false/t.id = -1
D/SystemServicesProxy(  922): getRecentTasks:TASK = Task.Key: 23352, u: 0, lat: 1468330213138, com.android.chrome/isExcluded = false/isTopTaskHome = true/isFirstValidTask = false/t.id = 23352
D/SystemServicesProxy(  922): getRecentTasks:TASK = Task.Key: 23329, u: 0, lat: 1468148046657, com.google.android.googlequicksearchbox/isExcluded = false/isTopTaskHome = true/isFirstValidTask = false/t.id = -1
D/SystemServicesProxy(  922): getRecentTasks:TASK = Task.Key: 23274, u: 0, lat: 1468040433925, com.opera.mini.native/isExcluded = false/isTopTaskHome = true/isFirstValidTask = false/t.id = -1
D/SystemServicesProxy(  922): getRecentTasks:TASK = Task.Key: 23118, u: 0, lat: 1466604591038, com.mediatek.filemanager/isExcluded = false/isTopTaskHome = true/isFirstValidTask = false/t.id = -1
D/SystemServicesProxy(  922): getRecentTasks:TASK = Task.Key: 23053, u: 0, lat: 1466506685978, com.fly.android.notes/isExcluded = false/isTopTaskHome = true/isFirstValidTask = false/t.id = -1
D/SystemServicesProxy(  922): getRecentTasks:TASK = Task.Key: 23048, u: 0, lat: 1466505884022, com.android.providers.downloads.ui/isExcluded = false/isTopTaskHome = true/isFirstValidTask = false/t.id = -1
D/SystemServicesProxy(  922): getRecentTasks:TASK = Task.Key: 22900, u: 0, lat: 1466160513982, com.moveinsync.ets/isExcluded = false/isTopTaskHome = true/isFirstValidTask = false/t.id = -1
D/SystemServicesProxy(  922): getRecentTasks:TASK = Task.Key: 22946, u: 0, lat: 1466241444389, com.truecaller/isExcluded = false/isTopTaskHome = true/isFirstValidTask = false/t.id = -1
D/SystemServicesProxy(  922): getRecentTasks:TASK = Task.Key: 22967, u: 0, lat: 1466251045555, com.android.music/isExcluded = false/isTopTaskHome = true/isFirstValidTask = false/t.id = -1
D/SystemServicesProxy(  922): getRecentTasks:TASK = Task.Key: 22971, u: 0, lat: 1466251097101, com.android.calendar/isExcluded = false/isTopTaskHome = true/isFirstValidTask = false/t.id = -1
D/SystemServicesProxy(  922): getRecentTasks:TASK = Task.Key: 23004, u: 0, lat: 1466316937807, com.google.android.googlequicksearchbox/isExcluded = false/isTopTaskHome = true/isFirstValidTask = false/t.id = -1
D/SystemServicesProxy(  922): getRecentTasks:TASK = Task.Key: 23255, u: 0, lat: 1468036931722, com.mediatek.fmradio/isExcluded = false/isTopTaskHome = true/isFirstValidTask = false/t.id = -1
D/SystemServicesProxy(  922): getRecentTasks:TASK = Task.Key: 23306, u: 0, lat: 1468054726259, com.android.gallery3d/isExcluded = false/isTopTaskHome = true/isFirstValidTask = false/t.id = -1
D/SystemServicesProxy(  922): getRecentTasks:TASK = Task.Key: 23324, u: 0, lat: 1468122110516, com.mobisystems.office/isExcluded = false/isTopTaskHome = true/isFirstValidTask = false/t.id = -1
D/SystemServicesProxy(  922): getRecentTasks:TASK = Task.Key: 23354, u: 0, lat: 1468399824440, com.android.deskclock/isExcluded = false/isTopTaskHome = true/isFirstValidTask = false/t.id = -1
D/SystemServicesProxy(  922): getRecentTasks:TASK = Task.Key: 23562, u: 0, lat: 1471064660827, com.rockolabs.adbkonnect/isExcluded = false/isTopTaskHome = true/isFirstValidTask = false/t.id = -1
D/SystemServicesProxy(  922): getRecentTasks:TASK = Task.Key: 23628, u: 0, lat: 1471409954430, com.svk.avolume/isExcluded = false/isTopTaskHome = true/isFirstValidTask = false/t.id = -1
D/SystemServicesProxy(  922): getRecentTasks:TASK = Task.Key: 23667, u: 0, lat: 1471530837449, com.ubercab/isExcluded = false/isTopTaskHome = true/isFirstValidTask = false/t.id = -1
D/SystemServicesProxy(  922): getRecentTasks:TASK = Task.Key: 23737, u: 0, lat: 1471956682626, com.freshmenu/isExcluded = false/isTopTaskHome = true/isFirstValidTask = false/t.id = -1
D/SystemServicesProxy(  922): getRecentTasks:TASK = Task.Key: 23983, u: 0, lat: 1472825981864, com.mediatek.security/isExcluded = false/isTopTaskHome = true/isFirstValidTask = false/t.id = -1
D/SystemServicesProxy(  922): getRecentTasks:TASK = Task.Key: 23736, u: 0, lat: 1473079930713, com.android.chrome/isExcluded = false/isTopTaskHome = true/isFirstValidTask = false/t.id = 23736
D/SystemServicesProxy(  922): getRecentTasks:TASK = Task.Key: 24049, u: 0, lat: 1473079503814, com.android.browser/isExcluded = false/isTopTaskHome = true/isFirstValidTask = false/t.id = -1
D/SystemServicesProxy(  922): getRecentTasks:TASK = Task.Key: 24175, u: 0, lat: 1473768617683, com.google.android.apps.plus/isExcluded = false/isTopTaskHome = true/isFirstValidTask = false/t.id = -1
D/SystemServicesProxy(  922): getRecentTasks:TASK = Task.Key: 24311, u: 0, lat: 1474527631636, com.google.android.googlequicksearchbox/isExcluded = false/isTopTaskHome = true/isFirstValidTask = false/t.id = -1
D/SystemServicesProxy(  922): getRecentTasks:TASK = Task.Key: 24318, u: 0, lat: 1474530453470, com.sherdle.adbwireless/isExcluded = false/isTopTaskHome = true/isFirstValidTask = false/t.id = -1
D/SystemServicesProxy(  922): getRecentTasks:TASK = Task.Key: 24323, u: 0, lat: 1474626625190, com.tringme.android/isExcluded = false/isTopTaskHome = true/isFirstValidTask = false/t.id = -1
D/SystemServicesProxy(  922): getRecentTasks:TASK = Task.Key: 24407, u: 0, lat: 1475164665650, com.mesibo.emojiviewapp/isExcluded = false/isTopTaskHome = true/isFirstValidTask = false/t.id = -1
D/SystemServicesProxy(  922): getRecentTasks:TASK = Task.Key: 24452, u: 0, lat: 1475213772937, com.mesibo/isExcluded = false/isTopTaskHome = true/isFirstValidTask = false/t.id = -1
D/SystemServicesProxy(  922): getRecentTasks:TASK = Task.Key: 24540, u: 0, lat: 1475837896960, com.mesibo.app/isExcluded = false/isTopTaskHome = true/isFirstValidTask = false/t.id = -1
D/SystemServicesProxy(  922): getRecentTasks:TASK = Task.Key: 24558, u: 0, lat: 1475911021489, com.facebook.katana/isExcluded = false/isTopTaskHome = true/isFirstValidTask = false/t.id = -1
D/SystemServicesProxy(  922): getRecentTasks:TASK = Task.Key: 24559, u: 0, lat: 1475911056980, com.google.android.gms/isExcluded = false/isTopTaskHome = true/isFirstValidTask = false/t.id = -1
D/SystemServicesProxy(  922): getRecentTasks:TASK = Task.Key: 24564, u: 0, lat: 1475911604390, com.android.mms/isExcluded = false/isTopTaskHome = true/isFirstValidTask = false/t.id = -1
D/SystemServicesProxy(  922): getRecentTasks:TASK = Task.Key: 24595, u: 0, lat: 1476003726932, com.mesibo.mediapickerapp/isExcluded = false/isTopTaskHome = true/isFirstValidTask = false/t.id = -1
D/SystemServicesProxy(  922): getRecentTasks:TASK = Task.Key: 24628, u: 0, lat: 1476268455844, com.android.vending/isExcluded = false/isTopTaskHome = true/isFirstValidTask = false/t.id = -1
D/SystemServicesProxy(  922): getRecentTasks:TASK = Task.Key: 24634, u: 0, lat: 1476342979677, com.android.gallery3d/isExcluded = false/isTopTaskHome = true/isFirstValidTask = false/t.id = -1
D/SystemServicesProxy(  922): getRecentTasks:TASK = Task.Key: 24635, u: 0, lat: 1476506350133, com.test.testproject/isExcluded = false/isTopTaskHome = true/isFirstValidTask = false/t.id = -1
D/SystemServicesProxy(  922): getRecentTasks:TASK = Task.Key: 24645, u: 0, lat: 1476869165175, com.google.android.apps.maps/isExcluded = false/isTopTaskHome = true/isFirstValidTask = false/t.id = -1
D/RecentsTaskLoadPlan(  922): preloadRawTasks, tasks: 56
D/RecentsTaskLoader(  922): mActivityLabelCache: Maps (LastActiveTime: 1476869165175, 1476869165175) 1476947467301
D/RecentsTaskLoadPlan(  922): 	thumbnail: Task.Key: 24645, u: 0, lat: 1476869165175, com.google.android.apps.maps, null
D/RecentsTaskLoader(  922): mActivityLabelCache: TringMe (LastActiveTime: 1476506350133, 1476506350133) 1476947467301
D/RecentsTaskLoadPlan(  922): 	thumbnail: Task.Key: 24635, u: 0, lat: 1476506350133, com.test.testproject, null
D/RecentsTaskLoader(  922): mActivityLabelCache: Gallery (LastActiveTime: 1476342979677, 1476342979677) 1476947467302
D/RecentsTaskLoadPlan(  922): 	thumbnail: Task.Key: 24634, u: 0, lat: 1476342979677, com.android.gallery3d, null
D/RecentsTaskLoader(  922): mActivityLabelCache: Play Store (LastActiveTime: 1476268455844, 1476268455844) 1476947467302
D/RecentsTaskLoadPlan(  922): 	thumbnail: Task.Key: 24628, u: 0, lat: 1476268455844, com.android.vending, null
D/RecentsTaskLoader(  922): mActivityLabelCache: MediaPickerApp (LastActiveTime: 1476003726932, 1476003726932) 1476947467302
D/RecentsTaskLoadPlan(  922): 	thumbnail: Task.Key: 24595, u: 0, lat: 1476003726932, com.mesibo.mediapickerapp, null
D/RecentsTaskLoader(  922): mActivityLabelCache: Messages (LastActiveTime: 1475911604390, 1475911604390) 1476947467302
D/RecentsTaskLoadPlan(  922): 	thumbnail: Task.Key: 24564, u: 0, lat: 1475911604390, com.android.mms, null
D/RecentsTaskLoader(  922): mActivityLabelCache: Google Play services (LastActiveTime: 1475911056980, 1475911056980) 1476947467303
D/RecentsTaskLoadPlan(  922): 	thumbnail: Task.Key: 24559, u: 0, lat: 1475911056980, com.google.android.gms, null
D/RecentsTaskLoader(  922): mActivityLabelCache: Facebook (LastActiveTime: 1475911021489, 1475911021489) 1476947467303
D/RecentsTaskLoadPlan(  922): 	thumbnail: Task.Key: 24558, u: 0, lat: 1475911021489, com.facebook.katana, null
D/RecentsTaskLoader(  922): mActivityLabelCache: Mesibo (LastActiveTime: 1475837896960, 1475837896960) 1476947467303
D/RecentsTaskLoadPlan(  922): 	thumbnail: Task.Key: 24540, u: 0, lat: 1475837896960, com.mesibo.app, null
D/RecentsTaskLoader(  922): mActivityLabelCache: Social (LastActiveTime: 1475213772937, 1475213772937) 1476947467303
D/RecentsTaskLoadPlan(  922): 	thumbnail: Task.Key: 24452, u: 0, lat: 1475213772937, com.mesibo, null
D/RecentsTaskLoader(  922): mActivityLabelCache: EmojiView App (LastActiveTime: 1475164665650, 1475164665650) 1476947467303
D/RecentsTaskLoadPlan(  922): 	thumbnail: Task.Key: 24407, u: 0, lat: 1475164665650, com.mesibo.emojiviewapp, null
D/RecentsTaskLoader(  922): mActivityLabelCache: TringMe (LastActiveTime: 1474626625190, 1474626625190) 1476947467304
D/RecentsTaskLoadPlan(  922): 	thumbnail: Task.Key: 24323, u: 0, lat: 1474626625190, com.tringme.android, null
D/RecentsTaskLoader(  922): mActivityLabelCache: ADB Wireless (LastActiveTime: 1474530453470, 1474530453470) 1476947467304
D/RecentsTaskLoadPlan(  922): 	thumbnail: Task.Key: 24318, u: 0, lat: 1474530453470, com.sherdle.adbwireless, null
D/RecentsTaskLoader(  922): mActivityLabelCache: Google App (LastActiveTime: 1474527631636, 1474527631636) 1476947467304
D/RecentsTaskLoadPlan(  922): 	thumbnail: Task.Key: 24311, u: 0, lat: 1474527631636, com.google.android.googlequicksearchbox, null
D/RecentsTaskLoader(  922): mActivityLabelCache: Photos (LastActiveTime: 1473768617683, 1473768617683) 1476947467304
D/RecentsTaskLoadPlan(  922): 	thumbnail: Task.Key: 24175, u: 0, lat: 1473768617683, com.google.android.apps.plus, null
D/RecentsTaskLoader(  922): mActivityLabelCache: Browser (LastActiveTime: 1473079503814, 1473079503814) 1476947467304
D/RecentsTaskLoadPlan(  922): 	thumbnail: Task.Key: 24049, u: 0, lat: 1473079503814, com.android.browser, null
D/RecentsTaskLoader(  922): TaskDescription label: Fresh tasty meals - delivered!
D/RecentsTaskLoadPlan(  922): 	thumbnail: Task.Key: 23736, u: 0, lat: 1473079930713, com.android.chrome, null
D/RecentsTaskLoader(  922): mActivityLabelCache: App permissions (LastActiveTime: 1472825981864, 1472825981864) 1476947467305
D/RecentsTaskLoadPlan(  922): 	thumbnail: Task.Key: 23983, u: 0, lat: 1472825981864, com.mediatek.security, null
D/RecentsTaskLoader(  922): mActivityLabelCache: FreshMenu (LastActiveTime: 1471956682626, 1471956682626) 1476947467305
D/RecentsTaskLoadPlan(  922): 	thumbnail: Task.Key: 23737, u: 0, lat: 1471956682626, com.freshmenu, null
D/RecentsTaskLoader(  922): mActivityLabelCache: Uber (LastActiveTime: 1471530837449, 1471530837449) 1476947467305
D/RecentsTaskLoadPlan(  922): 	thumbnail: Task.Key: 23667, u: 0, lat: 1471530837449, com.ubercab, null
D/RecentsTaskLoader(  922): mActivityLabelCache: A-Volume (LastActiveTime: 1471409954430, 1471409954430) 1476947467305
D/RecentsTaskLoadPlan(  922): 	thumbnail: Task.Key: 23628, u: 0, lat: 1471409954430, com.svk.avolume, null
D/RecentsTaskLoader(  922): mActivityLabelCache: ADB Konnect (LastActiveTime: 1471064660827, 1471064660827) 1476947467306
D/ActivityThread( 1852): SVC-UNBIND_SERVICE handled : 0 / BindServiceData{token=android.os.BinderProxy@1ed7ccd intent=Intent { act=com.google.android.gms.phenotype.service.START pkg=com.google.android.gms }}
D/RecentsTaskLoadPlan(  922): 	thumbnail: Task.Key: 23562, u: 0, lat: 1471064660827, com.rockolabs.adbkonnect, null
D/ActivityThread( 1852): SVC-Destroying service: com.google.android.gms.phenotype.service.PhenotypeService@1243da8a
D/RecentsTaskLoader(  922): mActivityLabelCache: Clock (LastActiveTime: 1468399824440, 1468399824440) 1476947467306
D/ActivityThread( 1852): SVC-STOP_SERVICE handled : 0 / android.os.BinderProxy@1ed7ccd
D/RecentsTaskLoadPlan(  922): 	thumbnail: Task.Key: 23354, u: 0, lat: 1468399824440, com.android.deskclock, null
D/RecentsTaskLoader(  922): mActivityLabelCache: OfficeSuite (LastActiveTime: 1468122110516, 1468122110516) 1476947467306
D/RecentsTaskLoadPlan(  922): 	thumbnail: Task.Key: 23324, u: 0, lat: 1468122110516, com.mobisystems.office, null
D/RecentsTaskLoader(  922): mActivityLabelCache: Camera (LastActiveTime: 1468054726259, 1468054726259) 1476947467306
D/RecentsTaskLoadPlan(  922): 	thumbnail: Task.Key: 23306, u: 0, lat: 1468054726259, com.android.gallery3d, null
D/RecentsTaskLoader(  922): mActivityLabelCache: FM Radio (LastActiveTime: 1468036931722, 1468036931722) 1476947467306
D/RecentsTaskLoadPlan(  922): 	thumbnail: Task.Key: 23255, u: 0, lat: 1468036931722, com.mediatek.fmradio, null
D/RecentsTaskLoader(  922): mActivityLabelCache: Google App (LastActiveTime: 1466316937807, 1466316937807) 1476947467307
D/RecentsTaskLoadPlan(  922): 	thumbnail: Task.Key: 23004, u: 0, lat: 1466316937807, com.google.android.googlequicksearchbox, null
D/RecentsTaskLoader(  922): mActivityLabelCache: Calendar (LastActiveTime: 1466251097101, 1466251097101) 1476947467307
D/RecentsTaskLoadPlan(  922): 	thumbnail: Task.Key: 22971, u: 0, lat: 1466251097101, com.android.calendar, null
D/RecentsTaskLoader(  922): mActivityLabelCache: Music (LastActiveTime: 1466251045555, 1466251045555) 1476947467307
D/RecentsTaskLoadPlan(  922): 	thumbnail: Task.Key: 22967, u: 0, lat: 1466251045555, com.android.music, null
D/RecentsTaskLoader(  922): mActivityLabelCache: Truecaller (LastActiveTime: 1466241444389, 1466241444389) 1476947467307
D/RecentsTaskLoadPlan(  922): 	thumbnail: Task.Key: 22946, u: 0, lat: 1466241444389, com.truecaller, null
D/RecentsTaskLoader(  922): mActivityLabelCache: MoveInSync (LastActiveTime: 1466160513982, 1466160513982) 1476947467307
D/RecentsTaskLoadPlan(  922): 	thumbnail: Task.Key: 22900, u: 0, lat: 1466160513982, com.moveinsync.ets, null
D/RecentsTaskLoader(  922): mActivityLabelCache: Downloads (LastActiveTime: 1466505884022, 1466505884022) 1476947467308
D/RecentsTaskLoadPlan(  922): 	thumbnail: Task.Key: 23048, u: 0, lat: 1466505884022, com.android.providers.downloads.ui, null
D/RecentsTaskLoader(  922): mActivityLabelCache: Notes (LastActiveTime: 1466506685978, 1466506685978) 1476947467308
D/RecentsTaskLoadPlan(  922): 	thumbnail: Task.Key: 23053, u: 0, lat: 1466506685978, com.fly.android.notes, null
D/RecentsTaskLoader(  922): mActivityLabelCache: File Manager (LastActiveTime: 1466604591038, 1466604591038) 1476947467308
D/RecentsTaskLoadPlan(  922): 	thumbnail: Task.Key: 23118, u: 0, lat: 1466604591038, com.mediatek.filemanager, null
D/RecentsTaskLoader(  922): mActivityLabelCache: Opera Mini (LastActiveTime: 1468040433925, 1468040433925) 1476947467308
D/RecentsTaskLoadPlan(  922): 	thumbnail: Task.Key: 23274, u: 0, lat: 1468040433925, com.opera.mini.native, null
D/RecentsTaskLoader(  922): mActivityLabelCache: Google App (LastActiveTime: 1468148046657, 1468148046657) 1476947467308
D/RecentsTaskLoadPlan(  922): 	thumbnail: Task.Key: 23329, u: 0, lat: 1468148046657, com.google.android.googlequicksearchbox, null
D/RecentsTaskLoader(  922): TaskDescription label: Extremely Loud & Incredibly Close (2011) - Synopsis - IMDb
D/RecentsTaskLoadPlan(  922): 	thumbnail: Task.Key: 23352, u: 0, lat: 1468330213138, com.android.chrome, null
D/RecentsTaskLoader(  922): mActivityLabelCache: Google App (LastActiveTime: 1468664815704, 1468664815704) 1476947467309
D/RecentsTaskLoadPlan(  922): 	thumbnail: Task.Key: 23367, u: 0, lat: 1468664815704, com.google.android.googlequicksearchbox, null
D/RecentsTaskLoader(  922): mActivityLabelCache: OlaCabs (LastActiveTime: 1469190045823, 1469190045823) 1476947467309
D/RecentsTaskLoadPlan(  922): 	thumbnail: Task.Key: 23377, u: 0, lat: 1469190045823, com.olacabs.customer, null
D/RecentsTaskLoader(  922): mActivityLabelCache: Security (LastActiveTime: 1470049128237, 1470049128237) 1476947467309
