--------- beginning of main
D/ADB_SERVICES(  459):  closing because is_eof=1 r=-1 s->fde.force_eof=0
W/ADB_SERVICES(  459): entered. LS(4) fd=22
--------- beginning of system
V/AlarmManager(  749): Checking for alarms... rtc=1476947460000, elapsed=679516
V/ActivityManager(  749): Broadcast: Intent { act=android.intent.action.TIME_TICK flg=0x50000114 (has extras) } ordered=true userid=-1 callerApp=null
V/AlarmManager(  749): sending alarm Alarm{3be5880f type 3 when 679516 android} success
D/PowerManagerService(  749): acquireWakeLockInternal: lock=932476660, flags=0x40000001, tag="*alarm*", ws=WorkSource{1000}, uid=1000, pid=749
D/PowerManagerService(  749): updateWakeLockSummaryLocked: mWakefulness=Awake, mWakeLockSummary=0x1
D/PowerManagerService(  749): updateUserActivitySummaryLocked: mWakefulness=Awake, mUserActivitySummary=0x1, nextTimeout=533166 (in 23336 ms)
D/PowerManagerService(  749): mDisplayPowerRequest.policy = 3
D/WifiDisplayAdapter(  749): getWifiDisplayStatusLocked: result=WifiDisplayStatus{featureState=2, scanState=0, activeDisplayState=0, activeDisplay=null, displays=[], sessionInfo=WifiDisplaySessionInfo: C/O:Client,GId:,Pp:,SId:0,IP:}
D/PowerManagerService(  749): isWfdEnabled() mWfdStatus=WifiDisplayStatus{featureState=2, scanState=0, activeDisplayState=0, activeDisplay=null, displays=[], sessionInfo=WifiDisplaySessionInfo: C/O:Client,GId:,Pp:,SId:0,IP:}, return false
D/DisplayPowerController(  749): requestPowerState: policy=BRIGHT, useProximitySensor=false, screenBrightness=92, screenAutoBrightnessAdjustment=0.0, useAutoBrightness=false, blockScreenOn=false, lowPowerMode=false, boostScreenBrightness=false, dozeScreenBrightness=-1, dozeScreenState=UNKNOWN, waitForNegativeProximity=false
I/PowerManagerService(  749): setBrightness mButtonLight 0.
D/PowerManagerService(  749): updateDisplayPowerStateLocked: mDisplayReady=true, policy=3, mWakefulness=1, mWakeLockSummary=0x1, mUserActivitySummary=0x1, mBootCompleted=true, mScreenBrightnessBoostInProgress=false
D/PowerManagerService(  749): Acquiring suspend blocker "PowerManagerService.WakeLocks".
D/PowerManagerNotifier(  749): onWakeLockAcquired: flags=1073741825, tag="*alarm*", packageName=android, ownerUid=1000, ownerPid=749, workSource=WorkSource{1000}
V/AlarmManager(  749): APP set(PendingIntent{c768853: PendingIntentRecord{2f338590 android broadcastIntent}}) : type=3 triggerAtTime=739516 win=0 tElapsed=739516 maxElapsed=739516 interval=0 standalone=true
D/AlarmManager(  749):  whichBatch = -1
D/ActivityThread(  749): BDC-Calling finishReceiver: IIntentReceiver=3021db24
I/libPerfService(  749): perfSetFavorPid - pid:1471, 5bf
D/KeyguardUpdateMonitor(  922): received broadcast android.intent.action.TIME_TICK
D/ActivityThread(  922): BDC-Calling finishReceiver: IIntentReceiver=11ce3208
D/KeyguardUpdateMonitor(  922): handleTimeUpdate
V/SettingsInterface(  922):  from settings cache , name = date_format , value = dd-MM-yyyy
I/libPerfService(  749): perfSetFavorPid - pid:1471, 5bf
E/WifiTrafficPoller(  749): TRAFFIC_STATS_POLL true Token 43 num clients 10
E/WifiTrafficPoller(  749):  packet count Tx=863 Rx=846
D/ActivityThread(  922): BDC-Calling finishReceiver: IIntentReceiver=716bdd7
I/libPerfService(  749): perfSetFavorPid - pid:1471, 5bf
V/SettingsInterface(  922):  from settings cache , name = time_12_24 , value = 12
D/ActivityThread(  922): BDC-Calling finishReceiver: IIntentReceiver=1dd086c4
I/libPerfService(  749): perfSetFavorPid - pid:1471, 5bf
D/Surface (  922): Surface::setBuffersDimensions(this=0x7f9ba0c600,w=720,h=50)
D/PerfServiceManager(  749): [PerfService] notifyFrameUpdate - bDuringTouchBoost:false 
I/BufferQueueProducer(  226): [StatusBar](this:0x7fae312000,id:9,api:1,p:922,c:226) queueBuffer: fps=1.31 dur=1522.76 max=1502.63 min=20.13
D/ActivityThread(  922): BDC-Calling finishReceiver: IIntentReceiver=3a7149ad
I/libPerfService(  749): perfSetFavorPid - pid:1471, 5bf
V/SettingsInterface(  922):  from settings cache , name = date_format , value = dd-MM-yyyy
D/ActivityThread(  922): BDC-Calling finishReceiver: IIntentReceiver=f7d44e2
I/libPerfService(  749): perfSetFavorPid - pid:1471, 5bf
V/SettingsInterface(  922):  from settings cache , name = date_format , value = dd-MM-yyyy
D/ActivityThread(  922): BDC-Calling finishReceiver: IIntentReceiver=2c1f6073
I/libPerfService(  749): perfSetFavorPid - pid:1471, 5bf
D/ActivityThread(  922): BDC-Calling finishReceiver: IIntentReceiver=24b14b30
I/libPerfService(  749): perfSetFavorPid - pid:1471, 5bf
D/ActivityThread(  922): BDC-Calling finishReceiver: IIntentReceiver=3b85d3a9
I/libPerfService(  749): perfSetFavorPid - pid:1471, 5bf
V/SettingsInterface(  922):  from settings cache , name = time_12_24 , value = 12
D/ActivityThread(  922): BDC-Calling finishReceiver: IIntentReceiver=3c2ecd2e
I/libPerfService(  749): perfSetFavorPid - pid:1471, 5bf
V/SettingsInterface(  922):  from settings cache , name = date_format , value = dd-MM-yyyy
D/ActivityThread(  922): BDC-Calling finishReceiver: IIntentReceiver=20590cf
I/libPerfService(  749): perfSetFavorPid - pid:1471, 5bf
V/SettingsInterface(  922):  from settings cache , name = time_12_24 , value = 12
D/ActivityThread(  922): BDC-Calling finishReceiver: IIntentReceiver=1d97ea5c
I/libPerfService(  749): perfSetFavorPid - pid:1471, 5bf
V/SettingsInterface(  922):  from settings cache , name = date_format , value = dd-MM-yyyy
D/ActivityThread(  922): BDC-Calling finishReceiver: IIntentReceiver=23f0165
I/libPerfService(  749): perfSetFavorPid - pid:1471, 5bf
V/SettingsInterface(  922):  from settings cache , name = time_12_24 , value = 12
V/SettingsInterface(  922):  from settings cache , name = time_12_24 , value = 12
V/SettingsInterface(  922):  from settings cache , name = time_12_24 , value = 12
I/SurfaceFlinger(  226): [Built-in Screen (type:0)] fps:1.310613,dur:1526.00,max:1508.53,min:17.48
V/SettingsInterface(  922):  from settings cache , name = time_12_24 , value = 12
D/ActivityThread(  922): BDC-Calling finishReceiver: IIntentReceiver=205e8e3a
I/libPerfService(  749): perfSetFavorPid - pid:1471, 5bf
I/libPerfService(  749): perfSetFavorPid - pid:1471, 5bf
D/AlarmManager(  749): onSendFinished begin
D/PowerManagerService(  749): releaseWakeLockInternal: lock=932476660 [*alarm*], flags=0x0, total_time=50ms
D/PowerManagerNotifier(  749): onWakeLockReleased: flags=1073741825, tag="*alarm*", packageName=android, ownerUid=1000, ownerPid=749, workSource=WorkSource{1000}
D/PowerManagerService(  749): updateWakeLockSummaryLocked: mWakefulness=Awake, mWakeLockSummary=0x0
D/PowerManagerService(  749): updateUserActivitySummaryLocked: mWakefulness=Awake, mUserActivitySummary=0x1, nextTimeout=533166 (in 23287 ms)
D/PowerManagerService(  749): mDisplayPowerRequest.policy = 3
D/WifiDisplayAdapter(  749): getWifiDisplayStatusLocked: result=WifiDisplayStatus{featureState=2, scanState=0, activeDisplayState=0, activeDisplay=null, displays=[], sessionInfo=WifiDisplaySessionInfo: C/O:Client,GId:,Pp:,SId:0,IP:}
D/PowerManagerService(  749): isWfdEnabled() mWfdStatus=WifiDisplayStatus{featureState=2, scanState=0, activeDisplayState=0, activeDisplay=null, displays=[], sessionInfo=WifiDisplaySessionInfo: C/O:Client,GId:,Pp:,SId:0,IP:}, return false
D/DisplayPowerController(  749): requestPowerState: policy=BRIGHT, useProximitySensor=false, screenBrightness=92, screenAutoBrightnessAdjustment=0.0, useAutoBrightness=false, blockScreenOn=false, lowPowerMode=false, boostScreenBrightness=false, dozeScreenBrightness=-1, dozeScreenState=UNKNOWN, waitForNegativeProximity=false
I/PowerManagerService(  749): setBrightness mButtonLight 0.
D/PowerManagerService(  749): updateDisplayPowerStateLocked: mDisplayReady=true, policy=3, mWakefulness=1, mWakeLockSummary=0x0, mUserActivitySummary=0x1, mBootCompleted=true, mScreenBrightnessBoostInProgress=false
D/PowerManagerService(  749): Releasing suspend blocker "PowerManagerService.WakeLocks".
D/ActivityThread( 1852): SVC-UNBIND_SERVICE handled : 0 / BindServiceData{token=android.os.BinderProxy@ae218c9 intent=Intent { act=com.google.android.gms.auth.DATA_PROXY pkg=com.google.android.gms }}
D/ActivityThread( 1852): SVC-Destroying service: com.google.android.gms.auth.account.be.legacy.GoogleAccountDataService@10202a2c
D/ActivityThread( 1852): SVC-STOP_SERVICE handled : 0 / android.os.BinderProxy@ae218c9
D/wiki    ( 1453): 4G mLteRsrp=2147483647
D/wiki    ( 1453): is3G=truedBm=-95
V/SettingsInterface( 1453):  from settings cache , name = multi_sim_voice_call , value = null
D/wiki    (  749): 4G mLteRsrp=2147483647
D/wiki    (  749): is3G=truedBm=-95
V/ActivityManager(  749): Broadcast sticky: Intent { act=android.intent.action.SIG_STR flg=0x20000010 (has extras) } ordered=false userid=-1 callerApp=ProcessRecord{354b0b68 749:system/1000}
E/WifiTrafficPoller(  749): TRAFFIC_STATS_POLL true Token 43 num clients 10
E/WifiTrafficPoller(  749):  packet count Tx=863 Rx=846
E/WifiStateMachine(  749):  ConnectedState (when=-5ms what=131155 arg1=10!CMD_RSSI_POLL 10 0 "yumoveryun5" 54:b8:0a:a6:ca:da rssi=-62 f=5220 sc=56 link=135 tx=0.8, 0.0, 0.0  rx=0.5 bcn=0 [on:0 tx:0 rx:0 period:3001] from screen [on:0 period:-521288492] gl hn rssi=-57 ag=0 ticks 0,0,0 ls-=0 [56,56,56,56,56] brc=0 lrc=0
E/WifiStateMachine(  749):  L2ConnectedState (when=-8ms what=131155 arg1=10!CMD_RSSI_POLL 10 0 "yumoveryun5" 54:b8:0a:a6:ca:da rssi=-62 f=5220 sc=56 link=135 tx=0.8, 0.0, 0.0  rx=0.5 bcn=0 [on:0 tx:0 rx:0 period:2] from screen [on:0 period:-521288490] gl hn rssi=-57 ag=0 ticks 0,0,0 ls-=0 [56,56,56,56,56] brc=0 lrc=0
E/WifiStateMachine(  749):  get link layer stats 0
D/WifiHW  (  749): enter -->wifi_send_command cmd=IFNAME=wlan0 SIGNAL_POLL
D/wpa_supplicant( 1162): wlan0: Control interface command 'SIGNAL_POLL'
D/WifiHW  (  749): leave --> reply=RSSI=-62
D/WifiHW  (  749): LINKSPEED=135
D/WifiHW  (  749): NOISE=9999
D/WifiHW  (  749): FREQUENCY=5220
D/WifiHW  (  749): 
I/WifiStateMachine(  749): fetchRssiLinkSpeedAndFrequencyNative, newRssi:-62, newLinkSpeed:135, SSID:"yumoveryun5"
D/WifiStateMachine(  749): mLastSignalLevel:3, newSignalLevel:3
E/WifiConfigStore(  749): updateConfiguration freq=5220 BSSID=54:b8:0a:a6:ca:da RSSI=-61 "yumoveryun5"WPA_PSK
V/ActivityManager(  749): Broadcast sticky: Intent { act=android.net.wifi.RSSI_CHANGED flg=0x4000010 (has extras) } ordered=false userid=-1 callerApp=ProcessRecord{354b0b68 749:system/1000}
D/WifiWatchdogStateMachine(  749): RSSI current: 3 new: -62, 3
D/NetworkController(  922): onReceive: intent=Intent { act=android.net.wifi.RSSI_CHANGED flg=0x4000010 (has extras) }
D/NetworkController.WifiSignalController(  922): isDirty : false
D/AUTOKD  ( 6576): AUTOKD Start
D/AUTOKD  ( 6576): Can't open /sys/autok/ss_corner
F/libc    ( 6576): Fatal signal 11 (SIGSEGV), code 1, fault addr 0x0 in tid 6576 (autokd)
D/AEE/AED (  256): $===AEE===AEE===AEE===$
D/AEE/AED (  256): p 0 poll events 1 revents 0
D/AEE/AED (  256): not know revents:0
D/AEE/AED (  256): p 1 poll events 1 revents 0
D/AEE/AED (  256): not know revents:0
D/AEE/AED (  256): p 2 poll events 1 revents 1
D/AEE/AED (  256): aed_main_fork_worker: generator 0x7f9581a0e0, worker 0x7fe5b56870, recv_fd 14
D/AEE/AED (  256): p 3 poll events 1 revents 0
D/AEE/AED (  256): not know revents:0
I/AEE/AED ( 6578): handle_request(14)
I/AEE/AED ( 6578): check process 6576 name:autokd
I/AEE/AED ( 6578): tid 6576 abort msg address is:0x0000000000000000 si_code is:1 (request from 6576:1000)
I/AEE/AED ( 6578): BOOM: pid=6576 uid=1000 gid=1000 tid=6576
I/AEE/AED ( 6578): [OnPurpose Redunant in void preset_info(aed_report_record*, int, int)] pid: 6576, tid: 6576, name: autokd  >>> /system/bin/autokd <<<
I/AEE/AED ( 6578): *** *** *** *** *** *** *** *** *** *** *** *** *** *** *** ***
I/AEE/AED ( 6578): Build fingerprint: 'alps/full_lava35_sp31_lte/lava35_sp31_lte:5.1/LMY47D/1455694155:user/dev-keys'
I/AEE/AED ( 6578): Revision: '0'
I/AEE/AED ( 6578): ABI: 'arm64'
I/AEE/AED ( 6578): pid: 6576, tid: 6576, name: autokd  >>> /system/bin/autokd <<<
I/AEE/AED ( 6578): signal 11 (SIGSEGV), code 1 (SEGV_MAPERR), fault addr 0x0
I/AEE/AED ( 6578):     x0   0000000000000000  x1   0000000000000000  x2   e28205448f22d6eb  x3   0000000000000000
I/AEE/AED ( 6578):     x4   ffffffffffffffff  x5   0000007fe708ccb0  x6   0000007fe708ccc0  x7   0000000000000000
I/AEE/AED ( 6578):     x8   0000007fe708cc38  x9   0000007fe708cc48  x10  7f7f7f7f7f7f7f7f  x11  0101010101010101
I/AEE/AED ( 6578):     x12  0000000000004000  x13  0000007fe708ccf0  x14  0000000000000004  x15  0000007fe708cd00
I/AEE/AED ( 6578):     x16  0000007f87bf5c30  x17  0000007f87b4c6a4  x18  0000007f87bfb730  x19  0000007fe708cba0
I/AEE/AED ( 6578):     x20  0000007f87bfb730  x21  0000007fe708ce18  x22  000000558871d810  x23  0000000000000000
I/AEE/AED ( 6578):     x24  0000000000000000  x25  0000000000000000  x26  0000000000000000  x27  0000000000000000
I/AEE/AED ( 6578):     x28  0000000000000000  x29  0000007fe708cb30  x30  0000007f87b8807c
I/AEE/AED ( 6578):     sp   0000007fe708cb30  pc   0000007f87b4c6b4  pstate 0000000040000000
I/AEE/AED ( 6578): 
I/AEE/AED ( 6578): backtrace:
I/AEE/AED ( 6578):     #00 pc 000000000001a6b4  /system/lib64/libc.so (strlen+16)
I/AEE/AED ( 6578):     #01 pc 0000000000056078  /system/lib64/libc.so (sscanf+184)
I/AEE/AED ( 6578):     #02 pc 000000000000278c  /system/bin/autokd
I/AEE/AED ( 6578):     #03 pc 0000000000001868  /system/bin/autokd (main+88)
I/AEE/AED ( 6578):     #04 pc 00000000000196cc  /system/lib64/libc.so (__libc_init+96)
I/AEE/AED ( 6578):     #05 pc 00000000000018f4  /system/bin/autokd
W/NativeCrashListener(  749): Couldn't find ProcessRecord for pid 6576
I/AEE/AED ( 6578): 
I/AEE/AED ( 6578): Tombstone written to: /data/tombstones/tombstone_05
V/AEE/AED ( 6578): dashboard_record_update() : rec->module = /system/bin/autokd 
D/AEE/AED ( 6578): Skip duplicated exception ! 
D/AEE/AED ( 6578): Exception Class: 3 
D/AEE/AED ( 6578): Module: /system/bin/autokd 
D/AEE/AED ( 6578): Count: 101 
D/AEE/AED ( 6578): Last exception time: 1476947456 
D/AEE/AED ( 6578):  
V/AEE/AED ( 6578): aed_ne_session() - skipped 
D/AEE/AED (  256): $===AEE===AEE===AEE===$
D/AEE/AED (  256): p 0 poll events 1 revents 0
D/AEE/AED (  256): not know revents:0
D/AEE/AED (  256): p 1 poll events 1 revents 0
D/AEE/AED (  256): not know revents:0
D/AEE/AED (  256): p 2 poll events 1 revents 0
D/AEE/AED (  256): not know revents:0
D/AEE/AED (  256): p 3 poll events 1 revents 0
D/AEE/AED (  256): not know revents:0
V/SettingsInterface(  749):  from settings cache , name = dropbox:SYSTEM_TOMBSTONE , value = null
I/BootReceiver(  749): Copying /data/tombstones/tombstone_05 to DropBox (SYSTEM_TOMBSTONE)
V/SettingsInterface(  749):  from settings cache , name = dropbox:SYSTEM_TOMBSTONE , value = null
V/SettingsInterface(  749):  from settings cache , name = dropbox_age_seconds , value = null
V/SettingsInterface(  749):  from settings cache , name = dropbox_max_files , value = null
V/SettingsInterface(  749):  from settings cache , name = dropbox_quota_percent , value = null
V/SettingsInterface(  749):  from settings cache , name = dropbox_reserve_percent , value = null
V/SettingsInterface(  749):  from settings cache , name = dropbox_quota_kb , value = null
V/ActivityManager(  749): Broadcast: Intent { act=android.intent.action.DROPBOX_ENTRY_ADDED flg=0x10 (has extras) } ordered=false userid=0 callerApp=ProcessRecord{354b0b68 749:system/1000}
I/libPerfService(  749): perfSetFavorPid - pid:1471, 5bf
D/ActivityThread( 1571): BDC-Calling onReceive: intent=Intent { act=android.intent.action.DROPBOX_ENTRY_ADDED flg=0x10 cmp=com.google.android.gms/.stats.service.DropBoxEntryAddedReceiver (has extras) }, receiver=com.google.android.gms.stats.service.DropBoxEntryAddedReceiver@29323f6f
I/libPerfService(  749): perfSetFavorPid - pid:1471, 5bf
I/libPerfService(  749): perfSetFavorPid - pid:1471, 5bf
I/libPerfService(  749): perfSetFavorPid - pid:1471, 5bf
D/ActivityThread( 1571): BDC-RECEIVER handled : 0 / ReceiverData{intent=Intent { act=android.intent.action.DROPBOX_ENTRY_ADDED flg=0x10 cmp=com.google.android.gms/.stats.service.DropBoxEntryAddedReceiver (has extras) } packageName=com.google.android.gms resultCode=-1 resultData=null resultExtras=null}
D/ActivityThread( 1571): SVC-Creating service: CreateServiceData{token=android.os.BinderProxy@1893047c className=com.google.android.gms.stats.service.DropBoxEntryAddedService packageName=com.google.android.gms intent=null}
D/ActivityThread( 1571): SVC-CREATE_SERVICE handled : 0 / CreateServiceData{token=android.os.BinderProxy@1893047c className=com.google.android.gms.stats.service.DropBoxEntryAddedService packageName=com.google.android.gms intent=null}
D/ActivityThread( 1571): SVC-Calling onStartCommand: com.google.android.gms.stats.service.DropBoxEntryAddedService@35dee105, flags=0, startId=1
D/ActivityThread( 1571): SVC-SERVICE_ARGS handled : 0 / ServiceArgsData{token=android.os.BinderProxy@1893047c startId=1 args=Intent { act=com.google.android.gms.stats.ACTION_UPLOAD_DROPBOX_ENTRIES pkg=com.google.android.gms }}
D/DropBoxEntryAddedChimeraService( 1571): User is not opted-in to Usage & Diagnostics.
D/ActivityThread( 1571): SVC-Destroying service: com.google.android.gms.stats.service.DropBoxEntryAddedService@35dee105
I/libPerfService(  749): perfSetFavorPid - pid:1471, 5bf
E/WifiTrafficPoller(  749): TRAFFIC_STATS_POLL true Token 43 num clients 10
E/WifiTrafficPoller(  749):  packet count Tx=863 Rx=846
D/ActivityThread( 1571): SVC-STOP_SERVICE handled : 0 / android.os.BinderProxy@1893047c
W/ADB_SERVICES(  459): create_local_service_socket() name=shell:export ANDROID_LOG_TAGS="''"; exec logcat
W/ADB_SERVICES(  459): service_to_fd() name=shell:export ANDROID_LOG_TAGS="''"; exec logcat
W/ADB_SERVICES(  459): read_meminfo() mem_free=668888
W/ADB_SERVICES(  459): create_subproc ret_fd=22 pid=6580
W/ADB_SERVICES(  459): LS(5): bound to 'shell:export ANDROID_LOG_TAGS="''"; exec logcat' via 22
W/ADB_SERVICES( 6580): adb: unable to update oom_score_adj
I/thermal_repeater(  277): oh, queryMdThermalInfo (0)Bad file number
I/thermal_repeater(  277): [recvMdThermalInfo] ret=30, strLen=127,  2, 32767, -127, -1, 32767, 18
E/WifiTrafficPoller(  749): TRAFFIC_STATS_POLL true Token 43 num clients 10
E/WifiTrafficPoller(  749):  packet count Tx=863 Rx=846
E/WifiTrafficPoller(  749): TRAFFIC_STATS_POLL true Token 43 num clients 10
E/WifiTrafficPoller(  749):  packet count Tx=863 Rx=846
E/WifiStateMachine(  749):  ConnectedState (when=-5ms what=131155 arg1=10!CMD_RSSI_POLL 10 0 "yumoveryun5" 54:b8:0a:a6:ca:da rssi=-62 f=5220 sc=56 link=135 tx=0.4, 0.0, 0.0  rx=0.3 bcn=0 [on:0 tx:0 rx:0 period:3001] from screen [on:0 period:-521285460] gl hn rssi=-57 ag=0 ticks 0,0,0 ls-=0 [56,56,56,56,56] brc=0 lrc=0
E/WifiStateMachine(  749):  L2ConnectedState (when=-9ms what=131155 arg1=10!CMD_RSSI_POLL 10 0 "yumoveryun5" 54:b8:0a:a6:ca:da rssi=-62 f=5220 sc=56 link=135 tx=0.4, 0.0, 0.0  rx=0.3 bcn=0 [on:0 tx:0 rx:0 period:3] from screen [on:0 period:-521285457] gl hn rssi=-57 ag=0 ticks 0,0,0 ls-=0 [56,56,56,56,56] brc=0 lrc=0
E/WifiStateMachine(  749):  get link layer stats 0
D/WifiHW  (  749): enter -->wifi_send_command cmd=IFNAME=wlan0 SIGNAL_POLL
D/wpa_supplicant( 1162): wlan0: Control interface command 'SIGNAL_POLL'
D/WifiHW  (  749): leave --> reply=RSSI=-62
D/WifiHW  (  749): LINKSPEED=135
D/WifiHW  (  749): NOISE=9999
D/WifiHW  (  749): FREQUENCY=5220
D/WifiHW  (  749): 
V/ActivityManager(  749): Broadcast sticky: Intent { act=android.net.wifi.RSSI_CHANGED flg=0x4000010 (has extras) } ordered=false userid=-1 callerApp=ProcessRecord{354b0b68 749:system/1000}
I/WifiStateMachine(  749): fetchRssiLinkSpeedAndFrequencyNative, newRssi:-62, newLinkSpeed:135, SSID:"yumoveryun5"
D/WifiStateMachine(  749): mLastSignalLevel:3, newSignalLevel:3
E/WifiConfigStore(  749): updateConfiguration freq=5220 BSSID=54:b8:0a:a6:ca:da RSSI=-61 "yumoveryun5"WPA_PSK
D/WifiWatchdogStateMachine(  749): RSSI current: 3 new: -62, 3
D/NetworkController(  922): onReceive: intent=Intent { act=android.net.wifi.RSSI_CHANGED flg=0x4000010 (has extras) }
D/NetworkController.WifiSignalController(  922): isDirty : false
E/WifiTrafficPoller(  749): TRAFFIC_STATS_POLL true Token 43 num clients 10
E/WifiTrafficPoller(  749):  packet count Tx=863 Rx=846
I/sn      (  288): Retry 51
I/sn      (  288): Fail to access err=No such file or directory
I/sn      (  288): Fail to access err=No such file or directory
I/sn      (  288): Fail to access err=No such file or directory
I/sn      (  288): Check all possible paths
D/InputReader(  749): AP_PROF:AppLaunch_dispatchPtr:Down:515340, ID:0, Index:-1785478256
D/PowerManagerService(  749): userActivityFromNative
I/AP_PROF (  749): unable to open /proc/mtprof/status entry
D/PowerManagerService(  749): userActivityNoUpdateLocked: eventTime=515340, event=2, flags=0x0, uid=1000
I/PerfService(  749): PerfServiceNative_boostEnableAsync:5
D/PowerManagerNotifier(  749): onUserActivity: event=2, uid=1000
D/PowerManagerService(  749): updateUserActivitySummaryLocked: mWakefulness=Awake, mUserActivitySummary=0x1, nextTimeout=568340 (in 52997 ms)
I/libPerfService(  749): 5: set freq: 819000
D/PowerManagerService(  749): mDisplayPowerRequest.policy = 3
D/FeatureProxyBase( 1471): FeatureProxyBase class constructor
D/WifiDisplayAdapter(  749): getWifiDisplayStatusLocked: result=WifiDisplayStatus{featureState=2, scanState=0, activeDisplayState=0, activeDisplay=null, displays=[], sessionInfo=WifiDisplaySessionInfo: C/O:Client,GId:,Pp:,SId:0,IP:}
D/MultiWindow( 1471): MultiWindowProxy constructor.
D/PowerManagerService(  749): isWfdEnabled() mWfdStatus=WifiDisplayStatus{featureState=2, scanState=0, activeDisplayState=0, activeDisplay=null, displays=[], sessionInfo=WifiDisplaySessionInfo: C/O:Client,GId:,Pp:,SId:0,IP:}, return false
D/FeatureProxyBase( 1471): getService(), serviceName = multiwindow_service_v1
I/libPerfService(  749): 5: set: 3
D/DisplayPowerController(  749): requestPowerState: policy=BRIGHT, useProximitySensor=false, screenBrightness=92, screenAutoBrightnessAdjustment=0.0, useAutoBrightness=false, blockScreenOn=false, lowPowerMode=false, boostScreenBrightness=false, dozeScreenBrightness=-1, dozeScreenState=UNKNOWN, waitForNegativeProximity=false
V/WallpaperService(  922): Delivering touch event: MotionEvent { action=ACTION_DOWN, id[0]=0, x[0]=644.1054, y[0]=879.31305, toolType[0]=TOOL_TYPE_FINGER, buttonState=0, metaState=0, flags=0x1, edgeFlags=0x0, pointerCount=1, historySize=0, eventTime=515340, downTime=515340, deviceId=5, source=0x1002 }
I/PowerManagerService(  749): setBrightness mButtonLight 0.
D/PowerManagerService(  749): updateDisplayPowerStateLocked: mDisplayReady=true, policy=3, mWakefulness=1, mWakeLockSummary=0x0, mUserActivitySummary=0x1, mBootCompleted=true, mScreenBrightnessBoostInProgress=false
V/WallpaperService(  922): Delivering touch event: MotionEvent { action=ACTION_MOVE, id[0]=0, x[0]=644.1054, y[0]=879.31305, toolType[0]=TOOL_TYPE_FINGER, buttonState=0, metaState=0, flags=0x1, edgeFlags=0x0, pointerCount=1, historySize=0, eventTime=515350, downTime=515340, deviceId=5, source=0x1002 }
D/Launcher3( 1471): PagedView, onInterceptTouchEvent touch down: finishedScrolling = true, mScrollX = 720, xDist = 0, mTouchState = 0, this = com.android.launcher3.AppsCustomizePagedView{3b1de141 V.E.H... ........ 0,0-720,1198 #7f100008 app:id/apps_customize_pane_content}
V/WallpaperService(  922): Delivering touch event: MotionEvent { action=ACTION_MOVE, id[0]=0, x[0]=644.1054, y[0]=879.31305, toolType[0]=TOOL_TYPE_FINGER, buttonState=0, metaState=0, flags=0x1, edgeFlags=0x0, pointerCount=1, historySize=0, eventTime=515359, downTime=515340, deviceId=5, source=0x1002 }
V/WallpaperService(  922): Delivering touch event: MotionEvent { action=ACTION_MOVE, id[0]=0, x[0]=644.1054, y[0]=879.31305, toolType[0]=TOOL_TYPE_FINGER, buttonState=0, metaState=0, flags=0x1, edgeFlags=0x0, pointerCount=1, historySize=0, eventTime=515370, downTime=515340, deviceId=5, source=0x1002 }
V/WallpaperService(  922): Delivering touch event: MotionEvent { action=ACTION_MOVE, id[0]=0, x[0]=644.1054, y[0]=879.31305, toolType[0]=TOOL_TYPE_FINGER, buttonState=0, metaState=0, flags=0x1, edgeFlags=0x0, pointerCount=1, historySize=0, eventTime=515383, downTime=515340, deviceId=5, source=0x1002 }
V/WallpaperService(  922): Delivering touch event: MotionEvent { action=ACTION_MOVE, id[0]=0, x[0]=644.1054, y[0]=879.31305, toolType[0]=TOOL_TYPE_FINGER, buttonState=0, metaState=0, flags=0x1, edgeFlags=0x0, pointerCount=1, historySize=0, eventTime=515396, downTime=515340, deviceId=5, source=0x1002 }
V/WallpaperService(  922): Delivering touch event: MotionEvent { action=ACTION_MOVE, id[0]=0, x[0]=644.1054, y[0]=879.31305, toolType[0]=TOOL_TYPE_FINGER, buttonState=0, metaState=0, flags=0x1, edgeFlags=0x0, pointerCount=1, historySize=0, eventTime=515409, downTime=515340, deviceId=5, source=0x1002 }
V/WallpaperService(  922): Delivering touch event: MotionEvent { action=ACTION_MOVE, id[0]=0, x[0]=644.1054, y[0]=879.31305, toolType[0]=TOOL_TYPE_FINGER, buttonState=0, metaState=0, flags=0x1, edgeFlags=0x0, pointerCount=1, historySize=0, eventTime=515421, downTime=515340, deviceId=5, source=0x1002 }
D/InputReader(  749): AP_PROF:AppLaunch_dispatchPtr:Up:515432, ID:0, Index:-1785475936
I/PerfService(  749): PerfServiceNative_boostDisableAsync:5
I/libPerfService(  749): 5: set: 1
I/libPerfService(  749): 5: set freq: 0
V/WallpaperService(  922): Delivering touch event: MotionEvent { action=ACTION_UP, id[0]=0, x[0]=644.1054, y[0]=879.31305, toolType[0]=TOOL_TYPE_FINGER, buttonState=0, metaState=0, flags=0x1, edgeFlags=0x0, pointerCount=1, historySize=0, eventTime=515432, downTime=515340, deviceId=5, source=0x1002 }
W/OpenGLRenderer( 1471): Incorrectly called buildLayer on View: ShortcutAndWidgetContainer @1d79f3fa, destroying layer...
W/OpenGLRenderer( 1471): Incorrectly called buildLayer on View: ShortcutAndWidgetContainer @e920987, destroying layer...
D/PerfServiceManager(  749): [PerfService] notifyFrameUpdate - bDuringTouchBoost:true 
V/SettingsInterface( 1471):  from settings cache , name = sound_effects_enabled , value = 0
D/Launcher3( 1471): AppsCustomizePagedView, onClick: v = com.android.launcher3.PagedViewIcon{12ee7074 VFED..CL ...P.... 522,690-696,920 #23}, v.getTag() = ApplicationInfo(title=Messaging App id=-1 type=0 container=-1 screen=-1 cellX=-1 cellY=-1 spanX=1 spanY=1 dropPos=null pos = 0 isVisible = true)
D/Launcher3( 1471): Launcher, startActivitySafely v = com.android.launcher3.PagedViewIcon{12ee7074 VFED..CL ...P.... 522,690-696,920 #23}, intent = Intent { act=android.intent.action.MAIN cat=[android.intent.category.LAUNCHER] flg=0x10200000 cmp=com.mesibo.messagingapp/.MainActivity }, tag = ApplicationInfo(title=Messaging App id=-1 type=0 container=-1 screen=-1 cellX=-1 cellY=-1 spanX=1 spanY=1 dropPos=null pos = 0 isVisible = true)
D/Launcher3( 1471): Launcher, startActivity v = com.android.launcher3.PagedViewIcon{12ee7074 VFED..CL ...P.... 522,690-696,920 #23}, intent = Intent { act=android.intent.action.MAIN cat=[android.intent.category.LAUNCHER] flg=0x10200000 cmp=com.mesibo.messagingapp/.MainActivity }, tag = ApplicationInfo(title=Messaging App id=-1 type=0 container=-1 screen=-1 cellX=-1 cellY=-1 spanX=1 spanY=1 dropPos=null pos = 0 isVisible = true)
D/FeatureProxyBase( 1471): FeatureProxyBase class constructor
D/MultiWindow( 1471): MultiWindowProxy constructor.
D/FeatureProxyBase( 1471): getService(), serviceName = multiwindow_service_v1
I/libPerfService(  749): 7: set freq: 819000
I/libPerfService(  749): 7: set: 3
D/Surface ( 1471): Surface::setBuffersDimensions(this=0x7f9ba0d400,w=720,h=1280)
I/ActivityManager(  749): START u0 {act=android.intent.action.MAIN cat=[android.intent.category.LAUNCHER] flg=0x10200000 cmp=com.mesibo.messagingapp/.MainActivity} from uid 1000 on display 0
D/ActivityManager(  749): [BMW] insertTaskAtTop fromHome = true lastStack = ActivityStack{3a47293e stackId=0, 1 tasks} this = ActivityStack{3f34d5f9 stackId=1, 11 tasks} topTask() = TaskRecord{2a338ad3 #23907 A=com.google.android.apps.village.boond U=0 sz=0}
D/FeatureProxyBase(  749): FeatureProxyBase class constructor
D/MultiWindow(  749): MultiWindowProxy constructor.
D/FeatureProxyBase(  749): getService(), serviceName = multiwindow_service_v1
D/GraphicBuffer( 1471): register, handle(0x7f83025a60) (w:720 h:1280 s:720 f:0x1 u:0x000b00)
D/FeatureProxyBase(  749): FeatureProxyBase class constructor
D/MultiWindow(  749): MultiWindowProxy constructor.
D/FeatureProxyBase(  749): getService(), serviceName = multiwindow_service_v1
D/ActivityManager(  749): [BMW] insertTaskAtTop fromHome = true lastStack = ActivityStack{3a47293e stackId=0, 1 tasks} this = ActivityStack{3f34d5f9 stackId=1, 12 tasks} topTask() = TaskRecord{380f3a88 #24656 A=com.mesibo.messagingapp U=0 sz=0}
D/FeatureProxyBase(  749): FeatureProxyBase class constructor
I/BufferQueueProducer(  226): [com.android.launcher3/com.android.launcher3.Launcher](this:0x7fae2df000,id:31,api:1,p:1471,c:226) queueBuffer: fps=0.04 dur=22799.67 max=22799.67 min=22799.67
D/MultiWindow(  749): MultiWindowProxy constructor.
D/FeatureProxyBase(  749): getService(), serviceName = multiwindow_service_v1
D/FeatureProxyBase(  749): FeatureProxyBase class constructor
D/MultiWindow(  749): MultiWindowProxy constructor.
D/FeatureProxyBase(  749): getService(), serviceName = multiwindow_service_v1
V/WindowManager(  749): addAppToken: AppWindowToken{2ca17734 token=Token{d2c6a07 ActivityRecord{117c962b u0 com.mesibo.messagingapp/.MainActivity t24656}}} to stack=1 task=24656 at 0
D/PowerManagerService(  749): acquireWakeLockInternal: lock=136910632, flags=0x1, tag="ActivityManager-Launch", ws=null, uid=1000, pid=749
D/FeatureProxyBase(  749): FeatureProxyBase class constructor
D/PowerManagerService(  749): updateWakeLockSummaryLocked: mWakefulness=Awake, mWakeLockSummary=0x1
D/MultiWindow(  749): MultiWindowProxy constructor.
D/FeatureProxyBase(  749): getService(), serviceName = multiwindow_service_v1
D/PowerManagerService(  749): updateUserActivitySummaryLocked: mWakefulness=Awake, mUserActivitySummary=0x1, nextTimeout=568340 (in 52895 ms)
I/libPerfService(  749): 8: set freq: 1300000
D/PowerManagerService(  749): mDisplayPowerRequest.policy = 3
D/WifiDisplayAdapter(  749): getWifiDisplayStatusLocked: result=WifiDisplayStatus{featureState=2, scanState=0, activeDisplayState=0, activeDisplay=null, displays=[], sessionInfo=WifiDisplaySessionInfo: C/O:Client,GId:,Pp:,SId:0,IP:}
I/libPerfService(  749): 8: set: 4
D/PowerManagerService(  749): isWfdEnabled() mWfdStatus=WifiDisplayStatus{featureState=2, scanState=0, activeDisplayState=0, activeDisplay=null, displays=[], sessionInfo=WifiDisplaySessionInfo: C/O:Client,GId:,Pp:,SId:0,IP:}, return false
D/FeatureProxyBase(  749): FeatureProxyBase class constructor
D/DisplayPowerController(  749): requestPowerState: policy=BRIGHT, useProximitySensor=false, screenBrightness=92, screenAutoBrightnessAdjustment=0.0, useAutoBrightness=false, blockScreenOn=false, lowPowerMode=false, boostScreenBrightness=false, dozeScreenBrightness=-1, dozeScreenState=UNKNOWN, waitForNegativeProximity=false
D/MultiWindow(  749): MultiWindowProxy constructor.
I/PowerManagerService(  749): setBrightness mButtonLight 0.
D/FeatureProxyBase(  749): getService(), serviceName = multiwindow_service_v1
D/PowerManagerService(  749): updateDisplayPowerStateLocked: mDisplayReady=true, policy=3, mWakefulness=1, mWakeLockSummary=0x1, mUserActivitySummary=0x1, mBootCompleted=true, mScreenBrightnessBoostInProgress=false
D/FeatureProxyBase(  749): FeatureProxyBase class constructor
D/PowerManagerService(  749): Acquiring suspend blocker "PowerManagerService.WakeLocks".
D/MultiWindow(  749): MultiWindowProxy constructor.
D/PowerManagerNotifier(  749): onWakeLockAcquired: flags=1, tag="ActivityManager-Launch", packageName=android, ownerUid=1000, ownerPid=749, workSource=null
D/FeatureProxyBase(  749): getService(), serviceName = multiwindow_service_v1
V/WindowManager(  749): Changing focus from Window{37c5770b u0 com.android.launcher3/com.android.launcher3.Launcher} to null Callers=com.android.server.wm.WindowManagerService.setFocusedApp:4577 com.android.server.am.ActivityManagerService.setFocusedActivityLocked:2548 com.android.server.am.ActivityStackSupervisor.startActivityUncheckedLocked:2630 com.android.server.am.ActivityStackSupervisor.startActivityLocked:1675 
D/Launcher3( 1471): Launcher, (Launcher)onPause: this = com.android.launcher3.Launcher@153c9600
D/Launcher3( 1471): Launcher.DragController, cancelDrag: mDragging = false, mLastDropTarget = null
D/ActivityThread( 1471): ACT-AM_ON_PAUSE_CALLED ActivityRecord{30d86001 token=android.os.BinderProxy@3b275ea6 {com.android.launcher3/com.android.launcher3.Launcher}}
D/ViewRootImpl(  749): hardware acceleration is disabled, fakeHwAccelerated = true, HardwareRenderer.sRendererDisabled = false, forceHwAccelerated = false, HardwareRenderer.sSystemRendererDisabled = false, this = ViewRoot{1c14bf91 Starting com.mesibo.messagingapp,ident = 9}
V/WindowManager(  749): Adding window Window{2f5de2f7 u0 Starting com.mesibo.messagingapp} at 2 of 5 (after Window{37c5770b u0 com.android.launcher3/com.android.launcher3.Launcher})
I/BufferQueue(  226): [unnamed-226-32](this:0x7fae279000,id:32,api:0,p:-1,c:-1) BufferQueue core=(226:/system/bin/surfaceflinger)
I/BufferQueueConsumer(  226): [unnamed-226-32](this:0x7fae279000,id:32,api:0,p:-1,c:226) connect(C): consumer=(226:/system/bin/surfaceflinger) controlledByApp=false
I/BufferQueueConsumer(  226): [unnamed-226-32](this:0x7fae279000,id:32,api:0,p:-1,c:226) setConsumerName: unnamed-226-32
I/BufferQueueConsumer(  226): [Starting com.mesibo.messagingapp](this:0x7fae279000,id:32,api:0,p:-1,c:226) setConsumerName: Starting com.mesibo.messagingapp
I/BufferQueueConsumer(  226): [Starting com.mesibo.messagingapp](this:0x7fae279000,id:32,api:0,p:-1,c:226) setDefaultBufferSize: width=1 height=1
D/FeatureProxyBase(  749): FeatureProxyBase class constructor
D/MultiWindow(  749): MultiWindowProxy constructor.
D/FeatureProxyBase(  749): getService(), serviceName = multiwindow_service_v1
I/SurfaceFlinger(  226): [Built-in Screen (type:0)] fps:0.178735,dur:5594.88,max:5594.88,min:5594.88
I/BufferQueueConsumer(  226): [Starting com.mesibo.messagingapp](this:0x7fae279000,id:32,api:0,p:-1,c:226) setDefaultBufferSize: width=720 height=1280
D/FeatureProxyBase(  749): FeatureProxyBase class constructor
D/MultiWindow(  749): MultiWindowProxy constructor.
D/FeatureProxyBase(  749): getService(), serviceName = multiwindow_service_v1
D/FeatureProxyBase(  749): FeatureProxyBase class constructor
D/MultiWindow(  749): MultiWindowProxy constructor.
D/FeatureProxyBase(  749): getService(), serviceName = multiwindow_service_v1
D/Surface (  749): Surface::connect(this=0x7f959ef400,api=2)
I/BufferQueueProducer(  226): [Starting com.mesibo.messagingapp](this:0x7fae279000,id:32,api:2,p:749,c:226) connect(P): api=2 producer=(749:system_server) producerControlledByApp=false
I/BufferQueueProducer(  226): [Starting com.mesibo.messagingapp](this:0x7fae279000,id:32,api:2,p:749,c:226) new GraphicBuffer needed
I/[MALI][Gralloc](  226): Usage: 0x933, format: 0x1 stride: 720 vertical_stride: 1280 size: 3686400
D/GraphicBuffer(  226): alloc, handle(0x7fad812700) (w:720 h:1280 s:720 f:0x1 u:0x000933) err(0)
D/GraphicBuffer(  749): register, handle(0x7f85151520) (w:720 h:1280 s:720 f:0x1 u:0x000933)
I/WindowManager(  749): Losing focus: Window{37c5770b u0 com.android.launcher3/com.android.launcher3.Launcher}
D/FeatureProxyBase(  749): FeatureProxyBase class constructor
D/MultiWindow(  749): MultiWindowProxy constructor.
D/FeatureProxyBase(  749): getService(), serviceName = multiwindow_service_v1
I/art     ( 6581): Late-enabling -Xcheck:jni
I/ActivityManager(  749): Start proc 6581:com.mesibo.messagingapp/u0a108 for activity com.mesibo.messagingapp/.MainActivity
D/ActivityThread( 1471): ACT-PAUSE_ACTIVITY handled : 1 / android.os.BinderProxy@3b275ea6
D/Launcher3( 1471): Launcher,  onSaveInstanceState: outState = Bundle[{launcher.state=2, apps_customize_currentTab=APPS, android:viewHierarchyState=Bundle[{android:views={-1694498816=android.view.AbsSavedState$1@36cdca94, -1694433024=android.view.AbsSavedState$1@36cdca94, -1694301440=android.view.AbsSavedState$1@36cdca94, -1694235648=android.view.AbsSavedState$1@36cdca94, -1677721598=android.view.AbsSavedState$1@36cdca94, -1677721597=android.view.AbsSavedState$1@36cdca94, -1677721341=android.view.AbsSavedState$1@36cdca94, -1677721085=android.view.AbsSavedState$1@36cdca94, -1677720829=android.view.AbsSavedState$1@36cdca94, -1677656064=android.view.AbsSavedState$1@36cdca94, -1677656063=android.view.AbsSavedState$1@36cdca94, -1677655808=android.view.AbsSavedState$1@36cdca94, -1677655807=android.view.AbsSavedState$1@36cdca94, -1677655806=android.view.AbsSavedState$1@36cdca94, -1677655805=android.view.AbsSavedState$1@36cdca94, -1677655552=android.view.AbsSavedState$1@36cdca94, -1677655550=android.view.AbsSavedState$1@36cdca94, -1677655549=android.view.AbsSavedState$1@36cdca94, -1677655295=android.view.AbsSavedState$1@36cdca94, -1677655294=android.view.AbsSavedState$1@36cdca94, -1677655293=android.view.AbsSavedState$1@36cdca94, -1677524989=android.view.AbsSavedState$1@36cdca94, -1677524733=android.view.AbsSavedState$1@36cdca94, -1677524477=android.view.AbsSavedState$1@36cdca94, -1677524222=android.view.AbsSavedState$1@36cdca94, -1677524221=android.view.AbsSavedState$1@36cdca94, 0=android.view.AbsSavedState$1@36cdca94, 1=android.view.AbsSavedState$1@36cdca94, 2=android.view.AbsSavedState$1@36cdca94, 3=android.view.AbsSavedState$1@36cdca94, 4=android.view.AbsSavedState$1@36cdca94, 5=android.view.AbsSavedState$1@36cdca94, 6=android.view.AbsSavedState$1@36cdca94, 7=android.view.AbsSavedState$1@36cdca94, 8=android.view.AbsSavedState$1@36cdca94, 9=android.view.AbsSavedState$1@36cdca94, 10=android.view.AbsSavedState$1@36cdca94, 11=android.view.AbsSavedState$1@36cdca94, 12=android.view.AbsSavedState$1@36cdca94, 13=android.view.AbsSavedState$1@36cdca94, 14=android.view.AbsSavedState$1@36cdca94, 15=android.view.AbsSavedState$1@36cdca94, 16=android.view.AbsSavedState$1@36cdca94, 17=android.view.AbsSavedState$1@36cdca94, 18=android.view.AbsSavedState$1@36cdca94, 19=android.view.AbsSavedState$1@36cdca94, 20=android.view.AbsSavedState$1@36cdca94, 21=android.view.AbsSavedState$1@36cdca94, 22=android.view.AbsSavedState$1@36cdca94, 23=android.view.AbsSavedState$1@36cdca94, 24=android.view.AbsSavedState$1@36cdca94, 25=android.view.AbsSavedState$1@36cdca94, 26=android.view.AbsSavedState$1@36cdca94, 27=android.view.AbsSavedState$1@36cdca94, 28=android.view.AbsSavedState$1@36cdca94, 29=android.view.AbsSavedState$1@36cdca94, 30=android.view.AbsSavedState$1@36cdca94, 31=android.view.AbsSavedState$1@36cdca94, 32=android.view.AbsSavedState$1@36cdca94, 33=android.view.AbsSavedState$1@36cdca94, 34=android.view.AbsSavedState$1@36cdca94, 35=android.view.AbsSavedState$1@36cdca94, 36=android.view.AbsSavedState$1@36cdca94, 37=android.view.AbsSavedState$1@36cdca94, 38=android.view.AbsSavedState$1@36cdca94, 39=android.view.AbsSavedState$1@36cdca94, 40=android.view.AbsSavedState$1@36cdca94, 41=android.view.AbsSavedState$1@36cdca94, 42=android.view.AbsSavedState$1@36cdca94, 43=android.view.AbsSavedState$1@36cdca94, 44=android.view.AbsSavedState$1@36cdca94, 45=android.view.AbsSavedState$1@36cdca94, 46=android.view.AbsSavedState$1@36cdca94, 47=android.view.AbsSavedState$1@36cdca94, 48=android.view.AbsSavedState$1@36cdca94, 49=android.view.AbsSavedState$1@36cdca94, 50=android.view.AbsSavedState$1@36cdca94, 51=android.view.AbsSavedState$1@36cdca94, 52=android.view.AbsSavedState$1@36cdca94, 53=android.view.AbsSavedState$1@36cdca94, 54=android.view.AbsSavedState$1@36cdca94, 55=android.view.AbsSavedState$1@36cdca94, 56=android.view.AbsSavedState$1@36cdca94, 57=android.view.AbsSavedState$1@36cdca94, 58=android.view.AbsSavedState$1@36cdca94, 59=android.view.AbsSavedState$1@36cdca94, 60=android.view.AbsSavedState$1@36cdca94, 61=android.view.AbsSavedState$1@36c
V/ActivityThread( 1471): Finishing stop of ActivityRecord{30d86001 token=android.os.BinderProxy@3b275ea6 {com.android.launcher3/com.android.launcher3.Launcher}}: show=true win=com.android.internal.policy.impl.PhoneWindow@bd0893d
D/ActivityThread( 1471): ACT-STOP_ACTIVITY_SHOW handled : 0 / android.os.BinderProxy@3b275ea6
D/ADB_SERVICES(  459): Adding socket 23 pid 6581 to jdwp process list
D/InputReader(  749): InputReader:: getSwitchState lock 
D/InputReader(  749): InputReader::getStateLocked:: return 
D/Launcher3( 1471): Launcher, (Launcher)onStop: this = com.android.launcher3.Launcher@153c9600
D/ActivityThread( 1471): ACT-HIDE_WINDOW handled : 0 / android.os.BinderProxy@3b275ea6
V/PhoneWindow( 1471): DecorView setVisiblity: visibility = 4 ,Parent =ViewRoot{26637230 com.android.launcher3/com.android.launcher3.Launcher,ident = 0}, this =com.android.internal.policy.impl.PhoneWindow$DecorView{11d5122c I.E..... R....... 0,0-720,1280}
I/libPerfService(  749): perfSetFavorPid - pid:6581, 19b5
I/art     (  284): Explicit concurrent mark sweep GC freed 709(30KB) AllocSpace objects, 0(0B) LOS objects, 35% free, 7MB/11MB, paused 380us total 18.834ms
D/FeatureProxyBase(  749): FeatureProxyBase class constructor
D/MultiWindow(  749): MultiWindowProxy constructor.
D/FeatureProxyBase(  749): getService(), serviceName = multiwindow_service_v1
D/FeatureProxyBase(  749): FeatureProxyBase class constructor
D/MultiWindow(  749): MultiWindowProxy constructor.
D/FeatureProxyBase(  749): getService(), serviceName = multiwindow_service_v1
D/OpenGLRenderer( 1471): Flushing caches (mode 0)
D/Surface ( 1471): Surface::disconnect(this=0x7f9ba0d400,api=1)
D/GraphicBuffer( 1471): unregister, handle(0x7f830259c0) (w:720 h:1280 s:720 f:0x1 u:0x000b00)
D/FeatureProxyBase(  749): FeatureProxyBase class constructor
D/MultiWindow(  749): MultiWindowProxy constructor.
D/FeatureProxyBase(  749): getService(), serviceName = multiwindow_service_v1
D/GraphicBuffer( 1471): unregister, handle(0x7f83025a60) (w:720 h:1280 s:720 f:0x1 u:0x000b00)
I/BufferQueueProducer(  226): [com.android.launcher3/com.android.launcher3.Launcher](this:0x7fae2df000,id:31,api:1,p:-1,c:226) disconnect(P): api 1
D/GraphicBuffer(  226): free, handle(0x7fae18ff60) (w:720 h:1280 s:720 f:0x1 u:0x000b00)
I/BufferQueueConsumer(  226): [com.android.launcher3/com.android.launcher3.Launcher](this:0x7fae2df000,id:31,api:1,p:-1,c:226) getReleasedBuffers: returning mask 0xffffffffffffffff
D/GraphicBuffer(  226): free, handle(0x7fae1b40c0) (w:720 h:1280 s:720 f:0x1 u:0x000b00)
D/PhoneStatusBar(  922): setSystemUiVisibility vis=8600 mask=ffffffff oldVal=40000700 newVal=8600 diff=40008100
D/FeatureProxyBase(  749): FeatureProxyBase class constructor
D/MultiWindow(  749): MultiWindowProxy constructor.
D/FeatureProxyBase(  749): getService(), serviceName = multiwindow_service_v1
D/PhoneStatusBar(  922): hiding the MENU button
V/NetworkStats(  749): setKernelCounterSet uid=10108 set=1
D/ConnectivityService(  749): onUidRulesChanged(uid=10108, uidRules=0)
D/wiki    ( 1453): 4G mLteRsrp=2147483647
D/wiki    ( 1453): is3G=truedBm=-96
D/OpenGLRenderer( 1471): Flushing caches (mode 0)
D/FeatureProxyBase(  749): FeatureProxyBase class constructor
D/MultiWindow(  749): MultiWindowProxy constructor.
D/FeatureProxyBase(  749): getService(), serviceName = multiwindow_service_v1
V/SettingsInterface( 1453):  from settings cache , name = multi_sim_voice_call , value = null
D/FeatureProxyBase(  749): FeatureProxyBase class constructor
D/MultiWindow(  749): MultiWindowProxy constructor.
D/FeatureProxyBase(  749): getService(), serviceName = multiwindow_service_v1
V/SettingsInterface( 6581): invalidate [system]: current 1 != cached 0
D/ActivityManager(  749): getContentProviderImpl: from caller=android.app.ApplicationThreadProxy@468860b (pid=6581, userId=0) to get content provider settings cpr=ContentProviderRecord{31c1deed u0 com.android.providers.settings/.SettingsProvider}
D/ActivityManager(  749): getContentProviderImpl: updateLruProcessLocked cpr.proc=ProcessRecord{354b0b68 749:system/1000}
D/Launcher3( 1471): Launcher, onTrimMemory: level = 20
D/ActivityThread( 6581): hoder:android.app.IActivityManager$ContentProviderHolder@f0feab8,provider,holder.Provider:android.content.ContentProviderProxy@59b3091
D/OpenGLRenderer( 1471): Flushing caches (mode 1)
D/OpenGLRenderer( 1471): [TaskMgr] 0x7f958971e8 stop
W/libutils.threads( 1471): Thread (this=0x7f958c3900): getTid() is undefined before run()
V/SettingsProvider(  749): call(system:anr_debugging_mechanism) for 0
D/OpenGLRenderer( 1471): [TaskMgr] Exit thread hwuiTask1 (-1)
W/libutils.threads( 1471): Thread (this=0x7f958c3a80): getTid() is undefined before run()
D/OpenGLRenderer( 1471): [TaskMgr] Exit thread hwuiTask2 (-1)
D/SettingsProvider(  749): lookupValue table system cache contains Key anr_debugging_mechanism , value = Bundle[{value=1}]
D/wiki    (  749): 4G mLteRsrp=2147483647
D/wiki    (  749): is3G=truedBm=-96
V/ActivityManager(  749): Broadcast sticky: Intent { act=android.intent.action.SIG_STR flg=0x20000010 (has extras) } ordered=false userid=-1 callerApp=ProcessRecord{354b0b68 749:system/1000}
D/OpenGLRenderer( 1471): PathCache::clear count = 0
I/art     (  284): Explicit concurrent mark sweep GC freed 7(240B) AllocSpace objects, 0(0B) LOS objects, 35% free, 7MB/11MB, paused 363us total 19.266ms
D/Proxy   ( 6581): setHttpRequestCheckHandler
D/PerfServiceManager(  749): [PerfService] notifyFrameUpdate - bDuringTouchBoost:true 
D/Surface (  922): Surface::setBuffersDimensions(this=0x7f9ba0c600,w=720,h=50)
I/InstantRun( 6581): Instant Run Runtime started. Android package is com.mesibo.messagingapp, real application class is com.mesibo.messagingapp.MainApplication.
D/OpenGLRenderer( 1471): Flushing caches (mode 0)
D/FeatureProxyBase(  749): FeatureProxyBase class constructor
D/MultiWindow(  749): MultiWindowProxy constructor.
D/FeatureProxyBase(  749): getService(), serviceName = multiwindow_service_v1
D/OpenGLRenderer( 1471): Flushing caches (mode 0)
I/BufferQueueProducer(  226): [StatusBar](this:0x7fae312000,id:9,api:1,p:922,c:226) queueBuffer: fps=0.18 dur=5682.30 max=5682.30 min=5682.30
D/FeatureProxyBase(  749): FeatureProxyBase class constructor
D/MultiWindow(  749): MultiWindowProxy constructor.
D/FeatureProxyBase(  749): getService(), serviceName = multiwindow_service_v1
D/FeatureProxyBase(  749): FeatureProxyBase class constructor
D/MultiWindow(  749): MultiWindowProxy constructor.
D/FeatureProxyBase(  749): getService(), serviceName = multiwindow_service_v1
D/PerfServiceManager(  749): [PerfService] MESSAGE_TIMER_SCN_APP_LAUNCH 
I/libPerfService(  749): 8: set: 3
I/libPerfService(  749): 8: set freq: 819000
I/art     (  284): Explicit concurrent mark sweep GC freed 5(160B) AllocSpace objects, 0(0B) LOS objects, 35% free, 7MB/11MB, paused 379us total 19.484ms
D/FeatureProxyBase(  749): FeatureProxyBase class constructor
D/MultiWindow(  749): MultiWindowProxy constructor.
D/FeatureProxyBase(  749): getService(), serviceName = multiwindow_service_v1
D/Surface (  922): Surface::setBuffersDimensions(this=0x7f9ba0c600,w=720,h=50)
V/WallpaperService(  922): Visibility change in com.android.systemui.ImageWallpaper$DrawableEngine@30ca5c2b: 0
V/WallpaperService(  922): onVisibilityChanged(false): com.android.systemui.ImageWallpaper$DrawableEngine@30ca5c2b
D/FeatureProxyBase(  749): FeatureProxyBase class constructor
D/MultiWindow(  749): MultiWindowProxy constructor.
D/FeatureProxyBase(  749): getService(), serviceName = multiwindow_service_v1
D/FeatureProxyBase(  749): FeatureProxyBase class constructor
D/MultiWindow(  749): MultiWindowProxy constructor.
D/FeatureProxyBase(  749): getService(), serviceName = multiwindow_service_v1
D/FeatureProxyBase(  749): FeatureProxyBase class constructor
D/MultiWindow(  749): MultiWindowProxy constructor.
D/FeatureProxyBase(  749): getService(), serviceName = multiwindow_service_v1
D/FeatureProxyBase(  749): FeatureProxyBase class constructor
D/MultiWindow(  749): MultiWindowProxy constructor.
D/FeatureProxyBase(  749): getService(), serviceName = multiwindow_service_v1
D/FeatureProxyBase(  749): FeatureProxyBase class constructor
D/MultiWindow(  749): MultiWindowProxy constructor.
D/FeatureProxyBase(  749): getService(), serviceName = multiwindow_service_v1
I/BufferQueueConsumer(  226): [com.android.launcher3/com.android.launcher3.Launcher](this:0x7fae2df000,id:31,api:1,p:-1,c:-1) disconnect(C)
D/GraphicBuffer(  226): free, handle(0x7fa8362b00) (w:720 h:1280 s:720 f:0x1 u:0x000b00)
I/BufferQueue(  226): [com.android.launcher3/com.android.launcher3.Launcher](this:0x7fae2df000,id:31,api:1,p:-1,c:-1) ~BufferQueueCore
D/Surface (  922): Surface::setBuffersDimensions(this=0x7f9ba0c600,w=720,h=50)
D/Surface (  922): Surface::setBuffersDimensions(this=0x7f9ba0c600,w=720,h=50)
D/Surface (  922): Surface::setBuffersDimensions(this=0x7f9ba0c600,w=720,h=50)
D/Surface (  922): Surface::setBuffersDimensions(this=0x7f9ba0c600,w=720,h=50)
I/MesiboJNI( 6581): **C**00000000: Loaded: armeabi-v7a_v7n debuglevel 0
V/SettingsProvider(  749): call(secure:android_id) for 0
D/SettingsProvider(  749): lookupValue table secure cache contains Key android_id , value = Bundle[{value=12b62f473973bf34}]
D/MPlugin ( 6581): createInstance(): Begin = 515640
D/MPlugin ( 6581): create Instance (two parameters) with : com.mediatek.common.telephony.IOnlyOwnerSimSupport
D/MPlugin ( 6581): Clazz exists on mapping table : false
E/MPlugin ( 6581): Unsupported class: com.mediatek.common.telephony.IOnlyOwnerSimSupport
D/MPlugin ( 6581): createInstance(): End = 515640
V/SettingsInterface( 1453):  from settings cache , name = multi_sim_voice_call , value = null
D/WifiManager( 6581): Enter init, sThreadRefCount:0
